Removed Pin From Net: NetName=NetD6_2 Pin=D6-2
Removed Pin From Net: NetName=+12 Pin=D6-3
Removed Member From Class: ClassName=PSU Member=D6
Change Net Name : Old Net Name=NetD6_2 New Net Name=NetIC1_1
Added Pin To Net: NetName=NetIC1_3 Pin=IC1-3
Added Pin To Net: NetName=NetIC1_3 Pin=R24-1
Added Net: Name=NetIC1_3
Added Member To Class: ClassName=communication Member=Component B2 XR33202EEHBTR-F
Added Member To Class: ClassName=communication Member=Component D1 LED
Added Member To Class: ClassName=communication Member=Component D2 LED
Added Member To Class: ClassName=communication Member=Component P2 UI
Added Member To Class: ClassName=communication Member=Component P3 AKT
Added Member To Class: ClassName=communication Member=Component R3 300
Added Member To Class: ClassName=communication Member=Component R4 120
Added Member To Class: ClassName=communication Member=Component R5 120
Added Member To Class: ClassName=communication Member=Component R6 3k
Added Member To Class: ClassName=communication Member=Component R7 3k
Added Member To Class: ClassName=communication Member=Component R8 3k
Added Member To Class: ClassName=communication Member=Component R9 3k
Added Member To Class: ClassName=communication Member=Component R10 3k
Added Member To Class: ClassName=communication Member=Component R11 3k
Added Member To Class: ClassName=communication Member=Component R12 3k
