Removed Member From Class: ClassName=PSU Member=C2
Removed Member From Class: ClassName=PSU Member=C4
Removed Member From Class: ClassName=communication Member=C5
Removed Member From Class: ClassName=PSU Member=C5
Removed Member From Class: ClassName=communication Member=D4
Removed Member From Class: ClassName=communication Member=R20
Removed Member From Class: ClassName=communication Member=R21
Change Component Designator: OldDesignator=B2 NewDesignator=B1
Change Component Designator: OldDesignator=B3 NewDesignator=B2
Change Component Designator: OldDesignator=C1 NewDesignator=C5
Change Component Designator: OldDesignator=C2 NewDesignator=C1
Change Component Designator: OldDesignator=C2 NewDesignator=C7
Change Component Designator: OldDesignator=C3 NewDesignator=C2
Change Component Designator: OldDesignator=C3 NewDesignator=C8
Change Component Designator: OldDesignator=C4 NewDesignator=C3
Change Component Designator: OldDesignator=C4 NewDesignator=C10
Change Component Designator: OldDesignator=C5 NewDesignator=C4
Change Component Designator: OldDesignator=C5 NewDesignator=C11
Change Component Designator: OldDesignator=C7 NewDesignator=C9
Change Component Designator: OldDesignator=C8 NewDesignator=C12
Change Component Designator: OldDesignator=C9 NewDesignator=C13
Change Component Designator: OldDesignator=C10 NewDesignator=C14
Change Component Designator: OldDesignator=C11 NewDesignator=C15
Change Component Designator: OldDesignator=C12 NewDesignator=C16
Change Component Designator: OldDesignator=C13 NewDesignator=C17
Change Component Designator: OldDesignator=C14 NewDesignator=C18
Change Component Designator: OldDesignator=D1 NewDesignator=D2
Change Component Designator: OldDesignator=D2 NewDesignator=D3
Change Component Designator: OldDesignator=D3 NewDesignator=D4
Change Component Designator: OldDesignator=D4 NewDesignator=D1
Change Component Designator: OldDesignator=J? NewDesignator=J4
Change Component Designator: OldDesignator=P2 NewDesignator=P4
Change Component Designator: OldDesignator=P3 NewDesignator=P2
Change Component Designator: OldDesignator=P4 NewDesignator=P3
Change Component Designator: OldDesignator=P8 NewDesignator=P6
Change Component Designator: OldDesignator=P10 NewDesignator=P5
Change Component Designator: OldDesignator=R1 NewDesignator=R4
Change Component Designator: OldDesignator=R1 NewDesignator=R20
Change Component Designator: OldDesignator=R2 NewDesignator=R5
Change Component Designator: OldDesignator=R2 NewDesignator=R21
Change Component Designator: OldDesignator=R3 NewDesignator=R2
Change Component Designator: OldDesignator=R4 NewDesignator=R3
Change Component Designator: OldDesignator=R5 NewDesignator=R10
Change Component Designator: OldDesignator=R6 NewDesignator=R11
Change Component Designator: OldDesignator=R7 NewDesignator=R12
Change Component Designator: OldDesignator=R8 NewDesignator=R13
Change Component Designator: OldDesignator=R9 NewDesignator=R14
Change Component Designator: OldDesignator=R10 NewDesignator=R15
Change Component Designator: OldDesignator=R11 NewDesignator=R16
Change Component Designator: OldDesignator=R12 NewDesignator=R17
Change Component Designator: OldDesignator=R13 NewDesignator=R1
Change Component Designator: OldDesignator=R14 NewDesignator=R22
Change Component Designator: OldDesignator=R15 NewDesignator=R23
Change Component Designator: OldDesignator=R16 NewDesignator=R6
Change Component Designator: OldDesignator=R17 NewDesignator=R7
Change Component Designator: OldDesignator=R18 NewDesignator=R8
Change Component Designator: OldDesignator=R19 NewDesignator=R9
Change Component Designator: OldDesignator=R20 NewDesignator=R18
Change Component Designator: OldDesignator=R21 NewDesignator=R19
Change Component Designator: OldDesignator=R22 NewDesignator=R24
Change Component Designator: OldDesignator=R23 NewDesignator=R25
Change Net Name : Old Net Name=NetD1_2 New Net Name=NetD2_2
Change Net Name : Old Net Name=NetD2_2 New Net Name=NetD3_2
Change Net Name : Old Net Name=NetD4_2 New Net Name=NetD1_2
Added Member To Class: ClassName=communication Member=Component C2 100n
Added Member To Class: ClassName=PSU Member=Component C15 22u
Added Member To Class: ClassName=PSU Member=Component C17 100n
Added Member To Class: ClassName=PSU Member=Component C18 22u
Added Member To Class: ClassName=communication Member=Component D3 LED
Added Member To Class: ClassName=communication Member=Component R14 3k
Added Member To Class: ClassName=communication Member=Component R15 3k
Added Member To Class: ClassName=communication Member=Component R17 3k
