Removed Pin From Net: NetName=+3V3 Pin=B1-3
Removed Pin From Net: NetName=GND Pin=B1-4
Removed Pin From Net: NetName=AKT_RS485_DE Pin=B1-7
Removed Pin From Net: NetName=AKT_RS485_TX Pin=B1-8
Removed Pin From Net: NetName=AKT_RS485_RX Pin=B1-9
Removed Pin From Net: NetName=SPI_SCK Pin=B1-11
Removed Pin From Net: NetName=SPI_MISO Pin=B1-12
Removed Pin From Net: NetName=SPI_MOSI Pin=B1-13
Removed Pin From Net: NetName=AKT_INT Pin=B1-17
Removed Pin From Net: NetName=UI_R\E\S\E\T\ Pin=B1-18
Removed Pin From Net: NetName=AKT_R\E\S\E\T\ Pin=B1-19
Removed Pin From Net: NetName=UI_INT Pin=B1-22
Removed Pin From Net: NetName=UI_RS485_DE Pin=B1-23
Removed Pin From Net: NetName=UI_S\S\ Pin=B1-24
Removed Pin From Net: NetName=AKT_S\S\ Pin=B1-25
Removed Pin From Net: NetName=UI_RS485_TX Pin=B1-26
Removed Pin From Net: NetName=UI_RS485_RX Pin=B1-27
Removed Pin From Net: NetName=GND Pin=C1-1
Removed Pin From Net: NetName=+3V3 Pin=C1-2
Removed Pin From Net: NetName=UI_RS485_DE Pin=P1-13
Removed Pin From Net: NetName=AKT_RS485_DE Pin=P1-15
Removed Pin From Net: NetName=+5 Pin=P3-1
Removed Pin From Net: NetName=GND Pin=P3-2
Removed Pin From Net: NetName=GND Pin=P4-3
Removed Pin From Net: NetName=AKT_RS485_RX Pin=P9-1
Removed Pin From Net: NetName=UI_RS485_RX Pin=P9-3
Removed Pin From Net: NetName=AKT_RS485_TX Pin=P11-1
Removed Pin From Net: NetName=UI_RS485_TX Pin=P11-3
Removed Pin From Net: NetName=+3V3 Pin=R14-2
Removed Pin From Net: NetName=+3V3 Pin=R15-2
Removed Pin From Net: NetName=+3V3 Pin=R?-2
Removed Member From Class: ClassName=MCU Member=B1
Removed Member From Class: ClassName=MCU Member=C1
Removed Member From Class: ClassName=MCU Member=P3
Removed Member From Class: ClassName=MCU Member=P4
Removed Member From Class: ClassName=MCU Member=P9
Removed Member From Class: ClassName=MCU Member=P11
Removed Member From Class: ClassName=MCU Member=R14
Removed Member From Class: ClassName=MCU Member=R15
Removed Member From Class: ClassName=MCU Member=R?
Added Pin To Net: NetName=UI_RS485_DE Pin=P1-5
Added Pin To Net: NetName=AKT_RS485_TX Pin=P1-7
Added Pin To Net: NetName=AKT_RS485_DE Pin=P1-26
Added Pin To Net: NetName=UI_RS485_TX Pin=P1-27
Added Pin To Net: NetName=UI_RS485_RX Pin=P1-28
Added Pin To Net: NetName=AKT_RS485_RX Pin=P1-29
Change Class Name : Old Net Name=MCU New Net Name=communication
Added Room: Name=communication
