Removed Pin From Net: NetName=+5 Pin=C11-1
Removed Pin From Net: NetName=GND Pin=C11-2
Removed Pin From Net: NetName=RPI 5V Pin=C18-1
Removed Pin From Net: NetName=GND Pin=C18-2
Removed Member From Class: ClassName=communication Member=C15
Removed Member From Class: ClassName=communication Member=C18
Removed Member From Class: ClassName=PSU Member=C18
Removed Member From Class: ClassName=PSU Member=D3
Removed Member From Class: ClassName=communication Member=R24
Removed Member From Class: ClassName=communication Member=R25
Added Member To Class: ClassName=communication Member=Component B2 XR33202EEHBTR-F
Added Member To Class: ClassName=communication Member=Component C1 100n
Added Member To Class: ClassName=communication Member=Component C2 100n
Added Member To Class: ClassName=communication Member=Component C3 100n
Added Member To Class: ClassName=communication Member=Component C4 100n
Added Member To Class: ClassName=PSU Member=Component C5 100n
Added Member To Class: ClassName=PSU Member=Component C7 10u
Added Member To Class: ClassName=PSU Member=Component C8 22u
Added Member To Class: ClassName=PSU Member=Component C9 22u
Added Member To Class: ClassName=PSU Member=Component C10 100n
Added Member To Class: ClassName=PSU Member=Component C12 100n
Added Member To Class: ClassName=PSU Member=Component C13 100n
Added Member To Class: ClassName=PSU Member=Component C14 10u
Added Member To Class: ClassName=communication Member=Component D1 LED
Added Member To Class: ClassName=communication Member=Component D2 LED
Added Member To Class: ClassName=PSU Member=Component D4 SMBJ5.0A
Added Member To Class: ClassName=communication Member=Component P2 UI
Added Member To Class: ClassName=communication Member=Component P3 AKT
Added Member To Class: ClassName=communication Member=Component R1 300
Added Member To Class: ClassName=communication Member=Component R2 ~3k
Added Member To Class: ClassName=communication Member=Component R3 300
Added Member To Class: ClassName=communication Member=Component R4 120
Added Member To Class: ClassName=communication Member=Component R5 120
Added Member To Class: ClassName=communication Member=Component R6 3k
Added Member To Class: ClassName=communication Member=Component R8 3k
Added Member To Class: ClassName=communication Member=Component R9 3k
Added Member To Class: ClassName=communication Member=Component R10 3k
Added Member To Class: ClassName=communication Member=Component R12 3k
Added Member To Class: ClassName=communication Member=Component R13 3k
Added Member To Class: ClassName=communication Member=Component R14 3k
Added Member To Class: ClassName=communication Member=Component R15 3k
Added Member To Class: ClassName=communication Member=Component R18 3k
Added Member To Class: ClassName=communication Member=Component R19 3k
Added Member To Class: ClassName=PSU Member=Component R20 52.3k 1%
Added Member To Class: ClassName=PSU Member=Component R21 10k 1%
Added Member To Class: ClassName=PSU Member=Component R22 52.3k 1%
Added Member To Class: ClassName=PSU Member=Component R23 10k 1%
