Removed Pin From Net: NetName=UI_RS485_DE Pin=P1-5
Removed Pin From Net: NetName=AKT_S\S\ Pin=P1-12
Removed Pin From Net: NetName=AKT_INT Pin=P1-16
Removed Pin From Net: NetName=AKT_R\E\S\E\T\ Pin=P1-18
Removed Pin From Net: NetName=AKT_RS485_RX Pin=P1-21
Removed Pin From Net: NetName=AKT_RS485_DE Pin=P1-23
Removed Pin From Net: NetName=AKT_RS485_TX Pin=P1-24
Removed Pin From Net: NetName=UI_RS485_TX Pin=P1-27
Removed Pin From Net: NetName=UI_RS485_RX Pin=P1-28
Removed Pin From Net: NetName=UI_INT Pin=P1-29
Removed Pin From Net: NetName=UI_R\E\S\E\T\ Pin=P1-31
Removed Pin From Net: NetName=UI_S\S\ Pin=P1-36
Added Pin To Net: NetName=AKT_RS485_DE Pin=P1-5
Added Pin To Net: NetName=UI_S\S\ Pin=P1-12
Added Pin To Net: NetName=UI_INT Pin=P1-16
Added Pin To Net: NetName=UI_R\E\S\E\T\ Pin=P1-18
Added Pin To Net: NetName=UI_RS485_RX Pin=P1-21
Added Pin To Net: NetName=UI_RS485_DE Pin=P1-23
Added Pin To Net: NetName=UI_RS485_TX Pin=P1-24
Added Pin To Net: NetName=AKT_RS485_TX Pin=P1-27
Added Pin To Net: NetName=AKT_RS485_RX Pin=P1-28
Added Pin To Net: NetName=AKT_INT Pin=P1-29
Added Pin To Net: NetName=AKT_R\E\S\E\T\ Pin=P1-31
Added Pin To Net: NetName=AKT_S\S\ Pin=P1-36
