Removed Pin From Net: NetName=SPI_MISO Pin=P6-1
Removed Pin From Net: NetName=SPI_MOSI Pin=P6-2
Removed Pin From Net: NetName=SPI_SCK Pin=P6-3
Removed Pin From Net: NetName=UI_S\S\ Pin=P6-4
Removed Pin From Net: NetName=GND Pin=P6-5
Removed Pin From Net: NetName=UI_A_N Pin=P6-6
Removed Pin From Net: NetName=UI_B_P Pin=P6-7
Removed Pin From Net: NetName=GND Pin=P6-8
Removed Pin From Net: NetName=UI_R\E\S\E\T\ Pin=P6-9
Removed Pin From Net: NetName=UI_INT Pin=P6-10
Removed Pin From Net: NetName=AKT_SWDIO Pin=P6-11
Removed Pin From Net: NetName=AKT_SWCLK Pin=P6-12
Removed Pin From Net: NetName=SPI_MISO Pin=P7-1
Removed Pin From Net: NetName=SPI_MOSI Pin=P7-2
Removed Pin From Net: NetName=SPI_SCK Pin=P7-3
Removed Pin From Net: NetName=AKT_S\S\ Pin=P7-4
Removed Pin From Net: NetName=GND Pin=P7-5
Removed Pin From Net: NetName=AKT_A_N Pin=P7-6
Removed Pin From Net: NetName=AKT_B_P Pin=P7-7
Removed Pin From Net: NetName=GND Pin=P7-8
Removed Pin From Net: NetName=AKT_R\E\S\E\T\ Pin=P7-9
Removed Pin From Net: NetName=AKT_INT Pin=P7-10
Removed Pin From Net: NetName=AKT_SWDIO Pin=P7-11
Removed Pin From Net: NetName=AKT_SWCLK Pin=P7-12
Removed Member From Class: ClassName=communication Member=P6
Removed Member From Class: ClassName=communication Member=P7
Change Component Designator: OldDesignator=J? NewDesignator=J3
Added Component: Designator=P3(1.27mm SMD conn)
Added Component: Designator=P4(1.27mm SMD conn)
Added Component: Designator=R17(R1005_0402i_L)
Added Pin To Net: NetName=SPI_MISO Pin=P3-1
Added Pin To Net: NetName=SPI_MOSI Pin=P3-2
Added Pin To Net: NetName=SPI_SCK Pin=P3-3
Added Pin To Net: NetName=UI_S\S\ Pin=P3-4
Added Pin To Net: NetName=GND Pin=P3-5
Added Pin To Net: NetName=UI_A_N Pin=P3-6
Added Pin To Net: NetName=UI_B_P Pin=P3-7
Added Pin To Net: NetName=GND Pin=P3-8
Added Pin To Net: NetName=UI_R\E\S\E\T\ Pin=P3-9
Added Pin To Net: NetName=UI_INT Pin=P3-10
Added Pin To Net: NetName=AKT_SWDIO Pin=P3-11
Added Pin To Net: NetName=AKT_SWCLK Pin=P3-12
Added Pin To Net: NetName=SPI_MISO Pin=P4-1
Added Pin To Net: NetName=SPI_MOSI Pin=P4-2
Added Pin To Net: NetName=SPI_SCK Pin=P4-3
Added Pin To Net: NetName=AKT_S\S\ Pin=P4-4
Added Pin To Net: NetName=GND Pin=P4-5
Added Pin To Net: NetName=AKT_A_N Pin=P4-6
Added Pin To Net: NetName=AKT_B_P Pin=P4-7
Added Pin To Net: NetName=GND Pin=P4-8
Added Pin To Net: NetName=AKT_R\E\S\E\T\ Pin=P4-9
Added Pin To Net: NetName=AKT_INT Pin=P4-10
Added Pin To Net: NetName=AKT_SWDIO Pin=P4-11
Added Pin To Net: NetName=AKT_SWCLK Pin=P4-12
Added Pin To Net: NetName=UI_RS485_TX Pin=R17-1
Added Pin To Net: NetName=+3V3 Pin=R17-2
Added Member To Class: ClassName=communication Member=Component P3 UI
Added Member To Class: ClassName=communication Member=Component P4 AKT
Added Member To Class: ClassName=communication Member=Component R17 3k
Added Room: Name=communication
Added Room: Name=PSU
