Removed Pin From Net: NetName=+12 Pin=P5-1
Removed Pin From Net: NetName=GND Pin=P5-2
Removed Member From Class: ClassName=communication Member=P5
Added Component: Designator=AP1(SOT95P280X100-6L)
Added Component: Designator=AP2(SOT95P280X100-6L)
Added Component: Designator=C1(C3216_1206I_L)
Added Component: Designator=C2(C3225_1210I_L)
Added Component: Designator=C3(C3225_1210I_L)
Added Component: Designator=C4(C3216_1206I_L)
Added Component: Designator=C5(C3225_1210I_L)
Added Component: Designator=C6(C3216_1206I_L)
Added Component: Designator=C7(C3225_1210I_L)
Added Component: Designator=C8(C3216_1206I_L)
Added Component: Designator=C9(C3216_1206I_L)
Added Component: Designator=C10(C3225_1210I_L)
Added Component: Designator=C11(C3225_1210I_L)
Added Component: Designator=C12(C3225_1210I_L)
Added Component: Designator=C13(C3216_1206I_L)
Added Component: Designator=C14(C3225_1210I_L)
Added Component: Designator=D3(DIOM5436X261N)
Add component (AddParameter): Name = "Arrow Part Number"; Value = "SMBJ5.0A"; VariantName = "[No Variations]"
Add component (AddParameter): Name = "Arrow Price/Stock"; Value = "https://www.arrow.com/en/products/smbj5.0a/littelfuse?region=europe"; VariantName = "[No Variations]"
Add component (AddParameter): Name = "Datasheet Link"; Value = "https://www.mouser.co.uk/datasheet/2/240/Littelfuse_TVS_Diode_SMBJ_Datasheet.pdf-1108540.pdf"; VariantName = "[No Variations]"
Add component (AddParameter): Name = "Height"; Value = "2.61mm"; VariantName = "[No Variations]"
Add component (AddParameter): Name = "Manufacturer_Name"; Value = "LITTELFUSE"; VariantName = "[No Variations]"
Add component (AddParameter): Name = "Manufacturer_Part_Number"; Value = "SMBJ5.0A"; VariantName = "[No Variations]"
Add component (AddParameter): Name = "Mouser Part Number"; Value = "576-SMBJ5.0A"; VariantName = "[No Variations]"
Add component (AddParameter): Name = "Mouser Price/Stock"; Value = "https://www.mouser.co.uk/ProductDetail/Littelfuse/SMBJ5.0A?qs=JJML70Qc14t9tktzNr1oMQ%3D%3D"; VariantName = "[No Variations]"
Added Component: Designator=D4(LED1608_0603I_L)
Added Component: Designator=D5(DIOM5436X261N)
Add component (AddParameter): Name = "Arrow Part Number"; Value = "SMBJ5.0A"; VariantName = "[No Variations]"
Add component (AddParameter): Name = "Arrow Price/Stock"; Value = "https://www.arrow.com/en/products/smbj5.0a/littelfuse?region=europe"; VariantName = "[No Variations]"
Add component (AddParameter): Name = "Datasheet Link"; Value = "https://www.mouser.co.uk/datasheet/2/240/Littelfuse_TVS_Diode_SMBJ_Datasheet.pdf-1108540.pdf"; VariantName = "[No Variations]"
Add component (AddParameter): Name = "Height"; Value = "2.61mm"; VariantName = "[No Variations]"
Add component (AddParameter): Name = "Manufacturer_Name"; Value = "LITTELFUSE"; VariantName = "[No Variations]"
Add component (AddParameter): Name = "Manufacturer_Part_Number"; Value = "SMBJ5.0A"; VariantName = "[No Variations]"
Add component (AddParameter): Name = "Mouser Part Number"; Value = "576-SMBJ5.0A"; VariantName = "[No Variations]"
Add component (AddParameter): Name = "Mouser Price/Stock"; Value = "https://www.mouser.co.uk/ProductDetail/Littelfuse/SMBJ5.0A?qs=JJML70Qc14t9tktzNr1oMQ%3D%3D"; VariantName = "[No Variations]"
Added Component: Designator=D6(SOT96P240X120-3N)
Add component (AddParameter): Name = "Arrow Part Number"; Value = "DMG2305UX-13"; VariantName = "[No Variations]"
Add component (AddParameter): Name = "Arrow Price/Stock"; Value = "https://www.arrow.com/en/products/dmg2305ux-13/diodes-incorporated?region=nac"; VariantName = "[No Variations]"
Add component (AddParameter): Name = "Datasheet Link"; Value = "https://componentsearchengine.com/Datasheets/2/DMG2305UX-13.pdf"; VariantName = "[No Variations]"
Add component (AddParameter): Name = "Height"; Value = "1.2mm"; VariantName = "[No Variations]"
Add component (AddParameter): Name = "Manufacturer_Name"; Value = "Diodes Incorporated"; VariantName = "[No Variations]"
Add component (AddParameter): Name = "Manufacturer_Part_Number"; Value = "DMG2305UX-13"; VariantName = "[No Variations]"
Add component (AddParameter): Name = "Mouser Part Number"; Value = "621-DMG2305UX-13"; VariantName = "[No Variations]"
Add component (AddParameter): Name = "Mouser Price/Stock"; Value = "https://www.mouser.co.uk/ProductDetail/Diodes-Incorporated/DMG2305UX-13?qs=L1DZKBg7t5Hgw5KN3G2IRg%3D%3D"; VariantName = "[No Variations]"
Added Component: Designator=IC1(SOT65P210X110-6N)
Add component (AddParameter): Name = "Arrow Part Number"; Value = "BCM857BS-7-F"; VariantName = "[No Variations]"
Add component (AddParameter): Name = "Arrow Price/Stock"; Value = "https://www.arrow.com/en/products/bcm857bs-7-f/diodes-incorporated?region=nac"; VariantName = "[No Variations]"
Add component (AddParameter): Name = "Datasheet Link"; Value = "https://mouser.componentsearchengine.com/Datasheets/1/BCM857BS-7-F.pdf"; VariantName = "[No Variations]"
Add component (AddParameter): Name = "Height"; Value = "1.1mm"; VariantName = "[No Variations]"
Add component (AddParameter): Name = "Manufacturer_Name"; Value = "Diodes Incorporated"; VariantName = "[No Variations]"
Add component (AddParameter): Name = "Manufacturer_Part_Number"; Value = "BCM857BS-7-F"; VariantName = "[No Variations]"
Add component (AddParameter): Name = "Mouser Part Number"; Value = "621-BCM857BS-7-F"; VariantName = "[No Variations]"
Add component (AddParameter): Name = "Mouser Price/Stock"; Value = "https://www.mouser.co.uk/ProductDetail/Diodes-Incorporated/BCM857BS-7-F?qs=60RJRzIpcl83Pda4UUWqGw%3D%3D"; VariantName = "[No Variations]"
Added Component: Designator=L1(INDUCTOR_2)
Added Component: Designator=L2(INDUCTOR_2)
Added Component: Designator=P3(HDR1X2)
Add component (AddParameter): Name = "LatestRevisionDate"; Value = "17-Jul-2002"; VariantName = "[No Variations]"
Add component (AddParameter): Name = "LatestRevisionNote"; Value = "Re-released for DXP Platform."; VariantName = "[No Variations]"
Add component (AddParameter): Name = "Publisher"; Value = "Altium Limited"; VariantName = "[No Variations]"
Added Component: Designator=R1(R1005_0402i_L)
Added Component: Designator=R2(R1005_0402i_L)
Added Component: Designator=R13(R1005_0402i_L)
Added Component: Designator=R14(R1005_0402i_L)
Added Component: Designator=R15(R1005_0402i_L)
Added Component: Designator=R22(R1005_0402i_L)
Added Component: Designator=R23(R1005_0402i_L)
Added Pin To Net: NetName=GND Pin=AP1-1
Added Pin To Net: NetName=+12 Pin=AP1-3
Added Pin To Net: NetName=GND Pin=AP2-1
Added Pin To Net: NetName=+12 Pin=AP2-3
Added Pin To Net: NetName=+12 Pin=C2-1
Added Pin To Net: NetName=GND Pin=C2-2
Added Pin To Net: NetName=+5 Pin=C3-1
Added Pin To Net: NetName=GND Pin=C3-2
Added Pin To Net: NetName=+5 Pin=C4-1
Added Pin To Net: NetName=GND Pin=C4-2
Added Pin To Net: NetName=+5 Pin=C5-1
Added Pin To Net: NetName=GND Pin=C5-2
Added Pin To Net: NetName=+12 Pin=C6-1
Added Pin To Net: NetName=GND Pin=C6-2
Added Pin To Net: NetName=+5 Pin=C7-1
Added Pin To Net: NetName=GND Pin=C7-2
Added Pin To Net: NetName=+12 Pin=C9-1
Added Pin To Net: NetName=GND Pin=C9-2
Added Pin To Net: NetName=+12 Pin=C10-1
Added Pin To Net: NetName=GND Pin=C10-2
Added Pin To Net: NetName=GND Pin=C11-2
Added Pin To Net: NetName=GND Pin=C12-2
Added Pin To Net: NetName=GND Pin=C13-2
Added Pin To Net: NetName=GND Pin=C14-2
Added Pin To Net: NetName=+5 Pin=D3-1
Added Pin To Net: NetName=GND Pin=D3-2
Added Pin To Net: NetName=GND Pin=D4-1
Added Pin To Net: NetName=GND Pin=D5-2
Added Pin To Net: NetName=+12 Pin=D6-3
Added Pin To Net: NetName=+12 Pin=IC1-4
Added Pin To Net: NetName=+5 Pin=L1-2
Added Pin To Net: NetName=GND Pin=P3-2
Added Pin To Net: NetName=+5 Pin=R1-1
Added Pin To Net: NetName=GND Pin=R2-2
Added Pin To Net: NetName=GND Pin=R15-2
Added Pin To Net: NetName=GND Pin=R22-2
Added Pin To Net: NetName=GND Pin=R23-2
Added Pin To Net: NetName=NetAP1_2 Pin=AP1-2
Added Pin To Net: NetName=NetAP1_2 Pin=C1-2
Added Pin To Net: NetName=NetAP1_2 Pin=L1-1
Added Net: Name=NetAP1_2
Added Pin To Net: NetName=NetAP1_4 Pin=AP1-4
Added Pin To Net: NetName=NetAP1_4 Pin=R1-2
Added Pin To Net: NetName=NetAP1_4 Pin=R2-1
Added Net: Name=NetAP1_4
Added Pin To Net: NetName=NetAP1_6 Pin=AP1-6
Added Pin To Net: NetName=NetAP1_6 Pin=C1-1
Added Net: Name=NetAP1_6
Added Pin To Net: NetName=NetAP2_2 Pin=AP2-2
Added Pin To Net: NetName=NetAP2_2 Pin=C8-2
Added Pin To Net: NetName=NetAP2_2 Pin=L2-1
Added Net: Name=NetAP2_2
Added Pin To Net: NetName=NetAP2_4 Pin=AP2-4
Added Pin To Net: NetName=NetAP2_4 Pin=R14-2
Added Pin To Net: NetName=NetAP2_4 Pin=R15-1
Added Net: Name=NetAP2_4
Added Pin To Net: NetName=NetAP2_6 Pin=AP2-6
Added Pin To Net: NetName=NetAP2_6 Pin=C8-1
Added Net: Name=NetAP2_6
Added Pin To Net: NetName=NetD4_2 Pin=D4-2
Added Pin To Net: NetName=NetD4_2 Pin=R13-2
Added Net: Name=NetD4_2
Added Pin To Net: NetName=NetD6_1 Pin=D6-1
Added Pin To Net: NetName=NetD6_1 Pin=IC1-3
Added Pin To Net: NetName=NetD6_1 Pin=R22-1
Added Net: Name=NetD6_1
Added Pin To Net: NetName=NetD6_2 Pin=D6-2
Added Pin To Net: NetName=NetD6_2 Pin=IC1-1
Added Pin To Net: NetName=NetD6_2 Pin=P3-1
Added Net: Name=NetD6_2
Added Pin To Net: NetName=NetIC1_2 Pin=IC1-2
Added Pin To Net: NetName=NetIC1_2 Pin=IC1-5
Added Pin To Net: NetName=NetIC1_2 Pin=IC1-6
Added Pin To Net: NetName=NetIC1_2 Pin=R23-1
Added Net: Name=NetIC1_2
Added Pin To Net: NetName=RPI 5V Pin=C11-1
Added Pin To Net: NetName=RPI 5V Pin=C12-1
Added Pin To Net: NetName=RPI 5V Pin=C13-1
Added Pin To Net: NetName=RPI 5V Pin=C14-1
Added Pin To Net: NetName=RPI 5V Pin=D5-1
Added Pin To Net: NetName=RPI 5V Pin=L2-2
Added Pin To Net: NetName=RPI 5V Pin=P1-2
Added Pin To Net: NetName=RPI 5V Pin=P1-4
Added Pin To Net: NetName=RPI 5V Pin=R13-1
Added Pin To Net: NetName=RPI 5V Pin=R14-1
Added Net: Name=RPI 5V
Added Class: Name=PSU
Added Member To Class: ClassName=communication Member=Component D4 LED
Added Member To Class: ClassName=communication Member=Component R13 300
Added Room: Name=communication
Added Room: Name=PSU
