Archive member included to satisfy reference by file (symbol)

C:/ST/STM32CubeIDE_1.14.1/STM32CubeIDE/plugins/com.st.stm32cube.ide.mcu.externaltools.gnu-tools-for-stm32.11.3.rel1.win32_1.1.100.202309141235/tools/bin/../lib/gcc/arm-none-eabi/11.3.1/../../../../arm-none-eabi/lib/thumb/v6-m/nofp\libc_nano.a(libc_a-assert.o)
                              ./Core/modbus/functions/mbutils.o (__assert_func)
C:/ST/STM32CubeIDE_1.14.1/STM32CubeIDE/plugins/com.st.stm32cube.ide.mcu.externaltools.gnu-tools-for-stm32.11.3.rel1.win32_1.1.100.202309141235/tools/bin/../lib/gcc/arm-none-eabi/11.3.1/../../../../arm-none-eabi/lib/thumb/v6-m/nofp\libc_nano.a(libc_a-exit.o)
                              C:/ST/STM32CubeIDE_1.14.1/STM32CubeIDE/plugins/com.st.stm32cube.ide.mcu.externaltools.gnu-tools-for-stm32.11.3.rel1.win32_1.1.100.202309141235/tools/bin/../lib/gcc/arm-none-eabi/11.3.1/../../../../arm-none-eabi/lib/thumb/v6-m/nofp/crt0.o (exit)
C:/ST/STM32CubeIDE_1.14.1/STM32CubeIDE/plugins/com.st.stm32cube.ide.mcu.externaltools.gnu-tools-for-stm32.11.3.rel1.win32_1.1.100.202309141235/tools/bin/../lib/gcc/arm-none-eabi/11.3.1/../../../../arm-none-eabi/lib/thumb/v6-m/nofp\libc_nano.a(libc_a-findfp.o)
                              C:/ST/STM32CubeIDE_1.14.1/STM32CubeIDE/plugins/com.st.stm32cube.ide.mcu.externaltools.gnu-tools-for-stm32.11.3.rel1.win32_1.1.100.202309141235/tools/bin/../lib/gcc/arm-none-eabi/11.3.1/../../../../arm-none-eabi/lib/thumb/v6-m/nofp\libc_nano.a(libc_a-exit.o) (__stdio_exit_handler)
C:/ST/STM32CubeIDE_1.14.1/STM32CubeIDE/plugins/com.st.stm32cube.ide.mcu.externaltools.gnu-tools-for-stm32.11.3.rel1.win32_1.1.100.202309141235/tools/bin/../lib/gcc/arm-none-eabi/11.3.1/../../../../arm-none-eabi/lib/thumb/v6-m/nofp\libc_nano.a(libc_a-fprintf.o)
                              C:/ST/STM32CubeIDE_1.14.1/STM32CubeIDE/plugins/com.st.stm32cube.ide.mcu.externaltools.gnu-tools-for-stm32.11.3.rel1.win32_1.1.100.202309141235/tools/bin/../lib/gcc/arm-none-eabi/11.3.1/../../../../arm-none-eabi/lib/thumb/v6-m/nofp\libc_nano.a(libc_a-assert.o) (fiprintf)
C:/ST/STM32CubeIDE_1.14.1/STM32CubeIDE/plugins/com.st.stm32cube.ide.mcu.externaltools.gnu-tools-for-stm32.11.3.rel1.win32_1.1.100.202309141235/tools/bin/../lib/gcc/arm-none-eabi/11.3.1/../../../../arm-none-eabi/lib/thumb/v6-m/nofp\libc_nano.a(libc_a-fwalk.o)
                              C:/ST/STM32CubeIDE_1.14.1/STM32CubeIDE/plugins/com.st.stm32cube.ide.mcu.externaltools.gnu-tools-for-stm32.11.3.rel1.win32_1.1.100.202309141235/tools/bin/../lib/gcc/arm-none-eabi/11.3.1/../../../../arm-none-eabi/lib/thumb/v6-m/nofp\libc_nano.a(libc_a-findfp.o) (_fwalk_sglue)
C:/ST/STM32CubeIDE_1.14.1/STM32CubeIDE/plugins/com.st.stm32cube.ide.mcu.externaltools.gnu-tools-for-stm32.11.3.rel1.win32_1.1.100.202309141235/tools/bin/../lib/gcc/arm-none-eabi/11.3.1/../../../../arm-none-eabi/lib/thumb/v6-m/nofp\libc_nano.a(libc_a-stdio.o)
                              C:/ST/STM32CubeIDE_1.14.1/STM32CubeIDE/plugins/com.st.stm32cube.ide.mcu.externaltools.gnu-tools-for-stm32.11.3.rel1.win32_1.1.100.202309141235/tools/bin/../lib/gcc/arm-none-eabi/11.3.1/../../../../arm-none-eabi/lib/thumb/v6-m/nofp\libc_nano.a(libc_a-findfp.o) (__sread)
C:/ST/STM32CubeIDE_1.14.1/STM32CubeIDE/plugins/com.st.stm32cube.ide.mcu.externaltools.gnu-tools-for-stm32.11.3.rel1.win32_1.1.100.202309141235/tools/bin/../lib/gcc/arm-none-eabi/11.3.1/../../../../arm-none-eabi/lib/thumb/v6-m/nofp\libc_nano.a(libc_a-memset.o)
                              C:/ST/STM32CubeIDE_1.14.1/STM32CubeIDE/plugins/com.st.stm32cube.ide.mcu.externaltools.gnu-tools-for-stm32.11.3.rel1.win32_1.1.100.202309141235/tools/bin/../lib/gcc/arm-none-eabi/11.3.1/../../../../arm-none-eabi/lib/thumb/v6-m/nofp/crt0.o (memset)
C:/ST/STM32CubeIDE_1.14.1/STM32CubeIDE/plugins/com.st.stm32cube.ide.mcu.externaltools.gnu-tools-for-stm32.11.3.rel1.win32_1.1.100.202309141235/tools/bin/../lib/gcc/arm-none-eabi/11.3.1/../../../../arm-none-eabi/lib/thumb/v6-m/nofp\libc_nano.a(libc_a-closer.o)
                              C:/ST/STM32CubeIDE_1.14.1/STM32CubeIDE/plugins/com.st.stm32cube.ide.mcu.externaltools.gnu-tools-for-stm32.11.3.rel1.win32_1.1.100.202309141235/tools/bin/../lib/gcc/arm-none-eabi/11.3.1/../../../../arm-none-eabi/lib/thumb/v6-m/nofp\libc_nano.a(libc_a-stdio.o) (_close_r)
C:/ST/STM32CubeIDE_1.14.1/STM32CubeIDE/plugins/com.st.stm32cube.ide.mcu.externaltools.gnu-tools-for-stm32.11.3.rel1.win32_1.1.100.202309141235/tools/bin/../lib/gcc/arm-none-eabi/11.3.1/../../../../arm-none-eabi/lib/thumb/v6-m/nofp\libc_nano.a(libc_a-reent.o)
                              C:/ST/STM32CubeIDE_1.14.1/STM32CubeIDE/plugins/com.st.stm32cube.ide.mcu.externaltools.gnu-tools-for-stm32.11.3.rel1.win32_1.1.100.202309141235/tools/bin/../lib/gcc/arm-none-eabi/11.3.1/../../../../arm-none-eabi/lib/thumb/v6-m/nofp\libc_nano.a(libc_a-closer.o) (errno)
[...]
Memory Configuration

Name             Origin             Length             Attributes
RAM              0x0000000020000000 0x0000000000003000 xrw
FLASH            0x0000000008000000 0x0000000000008000 xr
*default*        0x0000000000000000 0xffffffffffffffff

Linker script and memory map

LOAD C:/ST/STM32CubeIDE_1.14.1/STM32CubeIDE/plugins/com.st.stm32cube.ide.mcu.externaltools.gnu-tools-for-stm32.11.3.rel1.win32_1.1.100.202309141235/tools/bin/../lib/gcc/arm-none-eabi/11.3.1/thumb/v6-m/nofp/crti.o
LOAD C:/ST/STM32CubeIDE_1.14.1/STM32CubeIDE/plugins/com.st.stm32cube.ide.mcu.externaltools.gnu-tools-for-stm32.11.3.rel1.win32_1.1.100.202309141235/tools/bin/../lib/gcc/arm-none-eabi/11.3.1/thumb/v6-m/nofp/crtbegin.o
LOAD C:/ST/STM32CubeIDE_1.14.1/STM32CubeIDE/plugins/com.st.stm32cube.ide.mcu.externaltools.gnu-tools-for-stm32.11.3.rel1.win32_1.1.100.202309141235/tools/bin/../lib/gcc/arm-none-eabi/11.3.1/../../../../arm-none-eabi/lib/thumb/v6-m/nofp/crt0.o
LOAD ./Core/Src/dma.o
LOAD ./Core/Src/gpio.o
LOAD ./Core/Src/i2c.o
LOAD ./Core/Src/main.o
LOAD ./Core/Src/spi.o
LOAD ./Core/Src/stm32c0xx_hal_msp.o
LOAD ./Core/Src/stm32c0xx_it.o
LOAD ./Core/Src/syscalls.o
LOAD ./Core/Src/sysmem.o
LOAD ./Core/Src/system_stm32c0xx.o
LOAD ./Core/Src/tim.o
LOAD ./Core/Src/usart.o
LOAD ./Core/Startup/startup_stm32c031g6ux.o
LOAD ./Core/modbus/ascii/mbascii.o
LOAD ./Core/modbus/functions/mbfunccoils.o
LOAD ./Core/modbus/functions/mbfuncdiag.o
LOAD ./Core/modbus/functions/mbfuncdisc.o
LOAD ./Core/modbus/functions/mbfuncholding.o
LOAD ./Core/modbus/functions/mbfuncinput.o
LOAD ./Core/modbus/functions/mbfuncother.o
LOAD ./Core/modbus/functions/mbutils.o
LOAD ./Core/modbus/mb.o
LOAD ./Core/modbus/port/port.o
LOAD ./Core/modbus/port/portevent.o
LOAD ./Core/modbus/port/portserial.o
LOAD ./Core/modbus/port/porttimer.o
LOAD ./Core/modbus/rtu/mbcrc.o
LOAD ./Core/modbus/rtu/mbrtu.o
LOAD ./Core/modbus/tcp/mbtcp.o
LOAD ./Drivers/STM32C0xx_HAL_Driver/Src/stm32c0xx_hal.o
LOAD ./Drivers/STM32C0xx_HAL_Driver/Src/stm32c0xx_hal_cortex.o
LOAD ./Drivers/STM32C0xx_HAL_Driver/Src/stm32c0xx_hal_dma.o
LOAD ./Drivers/STM32C0xx_HAL_Driver/Src/stm32c0xx_hal_dma_ex.o
LOAD ./Drivers/STM32C0xx_HAL_Driver/Src/stm32c0xx_hal_exti.o
LOAD ./Drivers/STM32C0xx_HAL_Driver/Src/stm32c0xx_hal_flash.o
LOAD ./Drivers/STM32C0xx_HAL_Driver/Src/stm32c0xx_hal_flash_ex.o
LOAD ./Drivers/STM32C0xx_HAL_Driver/Src/stm32c0xx_hal_gpio.o
LOAD ./Drivers/STM32C0xx_HAL_Driver/Src/stm32c0xx_hal_i2c.o
LOAD ./Drivers/STM32C0xx_HAL_Driver/Src/stm32c0xx_hal_i2c_ex.o
LOAD ./Drivers/STM32C0xx_HAL_Driver/Src/stm32c0xx_hal_pwr.o
LOAD ./Drivers/STM32C0xx_HAL_Driver/Src/stm32c0xx_hal_pwr_ex.o
LOAD ./Drivers/STM32C0xx_HAL_Driver/Src/stm32c0xx_hal_rcc.o
LOAD ./Drivers/STM32C0xx_HAL_Driver/Src/stm32c0xx_hal_rcc_ex.o
LOAD ./Drivers/STM32C0xx_HAL_Driver/Src/stm32c0xx_hal_spi.o
LOAD ./Drivers/STM32C0xx_HAL_Driver/Src/stm32c0xx_hal_spi_ex.o
LOAD ./Drivers/STM32C0xx_HAL_Driver/Src/stm32c0xx_ll_dma.o
LOAD ./Drivers/STM32C0xx_HAL_Driver/Src/stm32c0xx_ll_exti.o
LOAD ./Drivers/STM32C0xx_HAL_Driver/Src/stm32c0xx_ll_gpio.o
LOAD ./Drivers/STM32C0xx_HAL_Driver/Src/stm32c0xx_ll_rcc.o
LOAD ./Drivers/STM32C0xx_HAL_Driver/Src/stm32c0xx_ll_tim.o
LOAD ./Drivers/STM32C0xx_HAL_Driver/Src/stm32c0xx_ll_usart.o
LOAD ./Drivers/STM32C0xx_HAL_Driver/Src/stm32c0xx_ll_utils.o
LOAD ./addons/Src/led.o
START GROUP
LOAD C:/ST/STM32CubeIDE_1.14.1/STM32CubeIDE/plugins/com.st.stm32cube.ide.mcu.externaltools.gnu-tools-for-stm32.11.3.rel1.win32_1.1.100.202309141235/tools/bin/../lib/gcc/arm-none-eabi/11.3.1/../../../../arm-none-eabi/lib/thumb/v6-m/nofp\libc_nano.a
LOAD C:/ST/STM32CubeIDE_1.14.1/STM32CubeIDE/plugins/com.st.stm32cube.ide.mcu.externaltools.gnu-tools-for-stm32.11.3.rel1.win32_1.1.100.202309141235/tools/bin/../lib/gcc/arm-none-eabi/11.3.1/../../../../arm-none-eabi/lib/thumb/v6-m/nofp\libm.a
END GROUP
START GROUP
LOAD C:/ST/STM32CubeIDE_1.14.1/STM32CubeIDE/plugins/com.st.stm32cube.ide.mcu.externaltools.gnu-tools-for-stm32.11.3.rel1.win32_1.1.100.202309141235/tools/bin/../lib/gcc/arm-none-eabi/11.3.1/thumb/v6-m/nofp\libgcc.a
LOAD C:/ST/STM32CubeIDE_1.14.1/STM32CubeIDE/plugins/com.st.stm32cube.ide.mcu.externaltools.gnu-tools-for-stm32.11.3.rel1.win32_1.1.100.202309141235/tools/bin/../lib/gcc/arm-none-eabi/11.3.1/../../../../arm-none-eabi/lib/thumb/v6-m/nofp\libc_nano.a
END GROUP
START GROUP
LOAD C:/ST/STM32CubeIDE_1.14.1/STM32CubeIDE/plugins/com.st.stm32cube.ide.mcu.externaltools.gnu-tools-for-stm32.11.3.rel1.win32_1.1.100.202309141235/tools/bin/../lib/gcc/arm-none-eabi/11.3.1/thumb/v6-m/nofp\libgcc.a
LOAD C:/ST/STM32CubeIDE_1.14.1/STM32CubeIDE/plugins/com.st.stm32cube.ide.mcu.externaltools.gnu-tools-for-stm32.11.3.rel1.win32_1.1.100.202309141235/tools/bin/../lib/gcc/arm-none-eabi/11.3.1/../../../../arm-none-eabi/lib/thumb/v6-m/nofp\libc_nano.a
LOAD C:/ST/STM32CubeIDE_1.14.1/STM32CubeIDE/plugins/com.st.stm32cube.ide.mcu.externaltools.gnu-tools-for-stm32.11.3.rel1.win32_1.1.100.202309141235/tools/bin/../lib/gcc/arm-none-eabi/11.3.1/../../../../arm-none-eabi/lib/thumb/v6-m/nofp\libnosys.a
END GROUP
START GROUP
LOAD C:/ST/STM32CubeIDE_1.14.1/STM32CubeIDE/plugins/com.st.stm32cube.ide.mcu.externaltools.gnu-tools-for-stm32.11.3.rel1.win32_1.1.100.202309141235/tools/bin/../lib/gcc/arm-none-eabi/11.3.1/thumb/v6-m/nofp\libgcc.a
LOAD C:/ST/STM32CubeIDE_1.14.1/STM32CubeIDE/plugins/com.st.stm32cube.ide.mcu.externaltools.gnu-tools-for-stm32.11.3.rel1.win32_1.1.100.202309141235/tools/bin/../lib/gcc/arm-none-eabi/11.3.1/../../../../arm-none-eabi/lib/thumb/v6-m/nofp\libc_nano.a
LOAD C:/ST/STM32CubeIDE_1.14.1/STM32CubeIDE/plugins/com.st.stm32cube.ide.mcu.externaltools.gnu-tools-for-stm32.11.3.rel1.win32_1.1.100.202309141235/tools/bin/../lib/gcc/arm-none-eabi/11.3.1/../../../../arm-none-eabi/lib/thumb/v6-m/nofp\libnosys.a
END GROUP
LOAD C:/ST/STM32CubeIDE_1.14.1/STM32CubeIDE/plugins/com.st.stm32cube.ide.mcu.externaltools.gnu-tools-for-stm32.11.3.rel1.win32_1.1.100.202309141235/tools/bin/../lib/gcc/arm-none-eabi/11.3.1/thumb/v6-m/nofp/crtend.o
LOAD C:/ST/STM32CubeIDE_1.14.1/STM32CubeIDE/plugins/com.st.stm32cube.ide.mcu.externaltools.gnu-tools-for-stm32.11.3.rel1.win32_1.1.100.202309141235/tools/bin/../lib/gcc/arm-none-eabi/11.3.1/thumb/v6-m/nofp/crtn.o
                0x0000000020003000                _estack = (ORIGIN (RAM) + LENGTH (RAM))
                0x0000000000000200                _Min_Heap_Size = 0x200
                0x0000000000000400                _Min_Stack_Size = 0x400

.isr_vector     0x0000000008000000       0xc0
                0x0000000008000000                . = ALIGN (0x4)
 *(.isr_vector)
 .isr_vector    0x0000000008000000       0xc0 ./Core/Startup/startup_stm32c031g6ux.o
                0x0000000008000000                g_pfnVectors
                0x00000000080000c0                . = ALIGN (0x4)

.text           0x00000000080000c0     0x6960
                0x00000000080000c0                . = ALIGN (0x4)
 *(.text)
 .text          0x00000000080000c0       0x48 C:/ST/STM32CubeIDE_1.14.1/STM32CubeIDE/plugins/com.st.stm32cube.ide.mcu.externaltools.gnu-tools-for-stm32.11.3.rel1.win32_1.1.100.202309141235/tools/bin/../lib/gcc/arm-none-eabi/11.3.1/thumb/v6-m/nofp/crtbegin.o
 .text          0x0000000008000108       0x14 C:/ST/STM32CubeIDE_1.14.1/STM32CubeIDE/plugins/com.st.stm32cube.ide.mcu.externaltools.gnu-tools-for-stm32.11.3.rel1.win32_1.1.100.202309141235/tools/bin/../lib/gcc/arm-none-eabi/11.3.1/thumb/v6-m/nofp\libgcc.a(_thumb1_case_shi.o)
                0x0000000008000108                __gnu_thumb1_case_shi
 .text          0x000000000800011c      0x114 C:/ST/STM32CubeIDE_1.14.1/STM32CubeIDE/plugins/com.st.stm32cube.ide.mcu.externaltools.gnu-tools-for-stm32.11.3.rel1.win32_1.1.100.202309141235/tools/bin/../lib/gcc/arm-none-eabi/11.3.1/thumb/v6-m/nofp\libgcc.a(_udivsi3.o)
                0x000000000800011c                __aeabi_uidiv
                0x000000000800011c                __udivsi3
                0x0000000008000228                __aeabi_uidivmod
 .text          0x0000000008000230        0x4 C:/ST/STM32CubeIDE_1.14.1/STM32CubeIDE/plugins/com.st.stm32cube.ide.mcu.externaltools.gnu-tools-for-stm32.11.3.rel1.win32_1.1.100.202309141235/tools/bin/../lib/gcc/arm-none-eabi/11.3.1/thumb/v6-m/nofp\libgcc.a(_dvmd_tls.o)
                0x0000000008000230                __aeabi_idiv0
                0x0000000008000230                __aeabi_ldiv0
 .text          0x0000000008000234       0x3c C:/ST/STM32CubeIDE_1.14.1/STM32CubeIDE/plugins/com.st.stm32cube.ide.mcu.externaltools.gnu-tools-for-stm32.11.3.rel1.win32_1.1.100.202309141235/tools/bin/../lib/gcc/arm-none-eabi/11.3.1/thumb/v6-m/nofp\libgcc.a(_clzsi2.o)
                0x0000000008000234                __clzsi2
 *(.text*)
 .text.__NVIC_EnableIRQ
                0x0000000008000270       0x34 ./Core/Src/dma.o
 .text.__NVIC_SetPriority
                0x00000000080002a4       0xdc ./Core/Src/dma.o
 .text.MX_DMA_Init
                0x0000000008000380       0x38 ./Core/Src/dma.o
                0x0000000008000380                MX_DMA_Init
 .text.LL_GPIO_SetPinMode
                0x00000000080003b8       0xe8 ./Core/Src/gpio.o
 .text.LL_GPIO_SetPinPull
                0x00000000080004a0       0xe8 ./Core/Src/gpio.o
 .text.LL_GPIO_ResetOutputPin
                0x0000000008000588       0x18 ./Core/Src/gpio.o
 .text.LL_EXTI_SetEXTISource
                0x00000000080005a0       0x4c ./Core/Src/gpio.o
 .text.LL_IOP_GRP1_EnableClock
                0x00000000080005ec       0x2c ./Core/Src/gpio.o
 .text.MX_GPIO_Init
                0x0000000008000618      0x254 ./Core/Src/gpio.o
                0x0000000008000618                MX_GPIO_Init
 .text.MX_I2C1_Init
                0x000000000800086c       0x80 ./Core/Src/i2c.o
                0x000000000800086c                MX_I2C1_Init
 .text.HAL_I2C_MspInit
                0x00000000080008ec      0x110 ./Core/Src/i2c.o
                0x00000000080008ec                HAL_I2C_MspInit
 .text.main     0x00000000080009fc       0x7c ./Core/Src/main.o
                0x00000000080009fc                main
 .text.SystemClock_Config
                0x0000000008000a78       0x86 ./Core/Src/main.o
                0x0000000008000a78                SystemClock_Config
 *fill*         0x0000000008000afe        0x2 
 .text.Error_Handler
                0x0000000008000b00       0x58 ./Core/Src/main.o
                0x0000000008000b00                Error_Handler
 .text.MX_SPI1_Init
                0x0000000008000b58       0x74 ./Core/Src/spi.o
                0x0000000008000b58                MX_SPI1_Init
 .text.HAL_SPI_MspInit
                0x0000000008000bcc      0x110 ./Core/Src/spi.o
                0x0000000008000bcc                HAL_SPI_MspInit
 .text.HAL_MspInit
                0x0000000008000cdc       0x48 ./Core/Src/stm32c0xx_hal_msp.o
                0x0000000008000cdc                HAL_MspInit
 .text.LL_TIM_ClearFlag_UPDATE
                0x0000000008000d24       0x18 ./Core/Src/stm32c0xx_it.o
 .text.LL_TIM_IsActiveFlag_UPDATE
                0x0000000008000d3c       0x22 ./Core/Src/stm32c0xx_it.o
 .text.LL_TIM_IsEnabledIT_UPDATE
                0x0000000008000d5e       0x22 ./Core/Src/stm32c0xx_it.o
 .text.LL_USART_IsActiveFlag_RXNE_RXFNE
                0x0000000008000d80       0x22 ./Core/Src/stm32c0xx_it.o
 .text.LL_USART_IsActiveFlag_TXE_TXFNF
                0x0000000008000da2       0x22 ./Core/Src/stm32c0xx_it.o
 .text.LL_USART_IsEnabledIT_RXNE_RXFNE
                0x0000000008000dc4       0x22 ./Core/Src/stm32c0xx_it.o
 .text.LL_USART_IsEnabledIT_TXE_TXFNF
                0x0000000008000de6       0x22 ./Core/Src/stm32c0xx_it.o
 .text.NMI_Handler
                0x0000000008000e08        0x6 ./Core/Src/stm32c0xx_it.o
                0x0000000008000e08                NMI_Handler
 .text.HardFault_Handler
                0x0000000008000e0e        0x6 ./Core/Src/stm32c0xx_it.o
                0x0000000008000e0e                HardFault_Handler
 .text.SVC_Handler
                0x0000000008000e14        0xa ./Core/Src/stm32c0xx_it.o
                0x0000000008000e14                SVC_Handler
 .text.PendSV_Handler
                0x0000000008000e1e        0xa ./Core/Src/stm32c0xx_it.o
                0x0000000008000e1e                PendSV_Handler
 .text.SysTick_Handler
                0x0000000008000e28        0xe ./Core/Src/stm32c0xx_it.o
                0x0000000008000e28                SysTick_Handler
 .text.DMA1_Channel1_IRQHandler
                0x0000000008000e36        0xa ./Core/Src/stm32c0xx_it.o
                0x0000000008000e36                DMA1_Channel1_IRQHandler
 .text.TIM16_IRQHandler
                0x0000000008000e40       0x34 ./Core/Src/stm32c0xx_it.o
                0x0000000008000e40                TIM16_IRQHandler
 .text.USART2_IRQHandler
                0x0000000008000e74       0x48 ./Core/Src/stm32c0xx_it.o
                0x0000000008000e74                USART2_IRQHandler
 .text._getpid  0x0000000008000ebc        0xc ./Core/Src/syscalls.o
                0x0000000008000ebc                _getpid
 .text._kill    0x0000000008000ec8       0x20 ./Core/Src/syscalls.o
                0x0000000008000ec8                _kill
 .text._exit    0x0000000008000ee8       0x18 ./Core/Src/syscalls.o
                0x0000000008000ee8                _exit
 .text._read    0x0000000008000f00       0x3a ./Core/Src/syscalls.o
                0x0000000008000f00                _read
 .text._write   0x0000000008000f3a       0x38 ./Core/Src/syscalls.o
                0x0000000008000f3a                _write
 .text._close   0x0000000008000f72       0x14 ./Core/Src/syscalls.o
                0x0000000008000f72                _close
 .text._fstat   0x0000000008000f86       0x1c ./Core/Src/syscalls.o
                0x0000000008000f86                _fstat
 .text._isatty  0x0000000008000fa2       0x12 ./Core/Src/syscalls.o
                0x0000000008000fa2                _isatty
 .text._lseek   0x0000000008000fb4       0x16 ./Core/Src/syscalls.o
                0x0000000008000fb4                _lseek
 *fill*         0x0000000008000fca        0x2 
 .text._sbrk    0x0000000008000fcc       0x6c ./Core/Src/sysmem.o
                0x0000000008000fcc                _sbrk
 .text.SystemInit
                0x0000000008001038       0x18 ./Core/Src/system_stm32c0xx.o
                0x0000000008001038                SystemInit
 .text.__NVIC_EnableIRQ
                0x0000000008001050       0x34 ./Core/Src/tim.o
 .text.__NVIC_SetPriority
                0x0000000008001084       0xdc ./Core/Src/tim.o
 .text.LL_TIM_DisableARRPreload
                0x0000000008001160       0x1e ./Core/Src/tim.o
 *fill*         0x000000000800117e        0x2 
 .text.LL_APB2_GRP1_EnableClock
                0x0000000008001180       0x2c ./Core/Src/tim.o
 .text.MX_TIM16_Init
                0x00000000080011ac       0x6c ./Core/Src/tim.o
                0x00000000080011ac                MX_TIM16_Init
 .text.__NVIC_EnableIRQ
                0x0000000008001218       0x34 ./Core/Src/usart.o
 .text.__NVIC_SetPriority
                0x000000000800124c       0xdc ./Core/Src/usart.o
 .text.LL_USART_Enable
                0x0000000008001328       0x1c ./Core/Src/usart.o
 .text.LL_USART_SetDEDeassertionTime
                0x0000000008001344       0x28 ./Core/Src/usart.o
 .text.LL_USART_SetDEAssertionTime
                0x000000000800136c       0x28 ./Core/Src/usart.o
 .text.LL_USART_EnableDEMode
                0x0000000008001394       0x1e ./Core/Src/usart.o
 *fill*         0x00000000080013b2        0x2 
 .text.LL_USART_SetDESignalPolarity
                0x00000000080013b4       0x28 ./Core/Src/usart.o
 .text.LL_USART_ConfigAsyncMode
                0x00000000080013dc       0x30 ./Core/Src/usart.o
 .text.LL_USART_IsActiveFlag_TEACK
                0x000000000800140c       0x28 ./Core/Src/usart.o
 .text.LL_USART_IsActiveFlag_REACK
                0x0000000008001434       0x28 ./Core/Src/usart.o
 .text.LL_APB1_GRP1_EnableClock
                0x000000000800145c       0x2c ./Core/Src/usart.o
 .text.LL_IOP_GRP1_EnableClock
                0x0000000008001488       0x2c ./Core/Src/usart.o
 .text.LL_DMA_SetDataTransferDirection
                0x00000000080014b4       0x4c ./Core/Src/usart.o
 .text.LL_DMA_SetMode
                0x0000000008001500       0x48 ./Core/Src/usart.o
 .text.LL_DMA_SetPeriphIncMode
                0x0000000008001548       0x48 ./Core/Src/usart.o
 .text.LL_DMA_SetMemoryIncMode
                0x0000000008001590       0x48 ./Core/Src/usart.o
 .text.LL_DMA_SetPeriphSize
                0x00000000080015d8       0x4c ./Core/Src/usart.o
 .text.LL_DMA_SetMemorySize
                0x0000000008001624       0x4c ./Core/Src/usart.o
 .text.LL_DMA_SetChannelPriorityLevel
                0x0000000008001670       0x4c ./Core/Src/usart.o
 .text.LL_DMA_SetPeriphRequest
                0x00000000080016bc       0x3c ./Core/Src/usart.o
 .text.MX_USART2_UART_Init
                0x00000000080016f8      0x1e0 ./Core/Src/usart.o
                0x00000000080016f8                MX_USART2_UART_Init
 .text.Reset_Handler
                0x00000000080018d8       0x50 ./Core/Startup/startup_stm32c031g6ux.o
                0x00000000080018d8                Reset_Handler
 .text.Default_Handler
                0x0000000008001928        0x2 ./Core/Startup/startup_stm32c031g6ux.o
                0x0000000008001928                TIM1_CC_IRQHandler
                0x0000000008001928                I2C1_IRQHandler
                0x0000000008001928                DMAMUX1_IRQHandler
                0x0000000008001928                SPI1_IRQHandler
                0x0000000008001928                EXTI2_3_IRQHandler
                0x0000000008001928                ADC1_IRQHandler
                0x0000000008001928                TIM17_IRQHandler
                0x0000000008001928                RTC_IRQHandler
                0x0000000008001928                TIM3_IRQHandler
                0x0000000008001928                EXTI4_15_IRQHandler
                0x0000000008001928                RCC_IRQHandler
                0x0000000008001928                Default_Handler
                0x0000000008001928                TIM14_IRQHandler
                0x0000000008001928                EXTI0_1_IRQHandler
                0x0000000008001928                WWDG_IRQHandler
                0x0000000008001928                DMA1_Channel2_3_IRQHandler
                0x0000000008001928                FLASH_IRQHandler
                0x0000000008001928                USART1_IRQHandler
                0x0000000008001928                TIM1_BRK_UP_TRG_COM_IRQHandler
 .text.eMBFuncReadCoils
                0x000000000800192a      0x156 ./Core/modbus/functions/mbfunccoils.o
                0x000000000800192a                eMBFuncReadCoils
 .text.eMBFuncWriteCoil
                0x0000000008001a80       0xdc ./Core/modbus/functions/mbfunccoils.o
                0x0000000008001a80                eMBFuncWriteCoil
 .text.eMBFuncWriteMultipleCoils
                0x0000000008001b5c      0x128 ./Core/modbus/functions/mbfunccoils.o
                0x0000000008001b5c                eMBFuncWriteMultipleCoils
 .text.eMBFuncReadDiscreteInputs
                0x0000000008001c84      0x156 ./Core/modbus/functions/mbfuncdisc.o
                0x0000000008001c84                eMBFuncReadDiscreteInputs
 .text.eMBFuncWriteHoldingRegister
                0x0000000008001dda       0x90 ./Core/modbus/functions/mbfuncholding.o
                0x0000000008001dda                eMBFuncWriteHoldingRegister
 .text.eMBFuncWriteMultipleHoldingRegister
                0x0000000008001e6a       0xf6 ./Core/modbus/functions/mbfuncholding.o
                0x0000000008001e6a                eMBFuncWriteMultipleHoldingRegister
 .text.eMBFuncReadHoldingRegister
                0x0000000008001f60      0x11e ./Core/modbus/functions/mbfuncholding.o
                0x0000000008001f60                eMBFuncReadHoldingRegister
 .text.eMBFuncReadWriteMultipleHoldingRegister
                0x000000000800207e      0x1cc ./Core/modbus/functions/mbfuncholding.o
                0x000000000800207e                eMBFuncReadWriteMultipleHoldingRegister
 .text.eMBFuncReadInputRegister
                0x000000000800224a      0x128 ./Core/modbus/functions/mbfuncinput.o
                0x000000000800224a                eMBFuncReadInputRegister
 *fill*         0x0000000008002372        0x2 
 .text.eMBFuncReportSlaveID
                0x0000000008002374       0x3c ./Core/modbus/functions/mbfuncother.o
                0x0000000008002374                eMBFuncReportSlaveID
 .text.prveMBError2Exception
                0x00000000080023b0       0x56 ./Core/modbus/functions/mbutils.o
                0x00000000080023b0                prveMBError2Exception
 *fill*         0x0000000008002406        0x2 
 .text.eMBInit  0x0000000008002408      0x130 ./Core/modbus/mb.o
                0x0000000008002408                eMBInit
 .text.eMBEnable
                0x0000000008002538       0x3c ./Core/modbus/mb.o
                0x0000000008002538                eMBEnable
 .text.eMBPoll  0x0000000008002574      0x190 ./Core/modbus/mb.o
                0x0000000008002574                eMBPoll
 .text.eMBRegInputCB
                0x0000000008002704       0xac ./Core/modbus/port/port.o
                0x0000000008002704                eMBRegInputCB
 .text.eMBRegHoldingCB
                0x00000000080027b0      0x148 ./Core/modbus/port/port.o
                0x00000000080027b0                eMBRegHoldingCB
 .text.eMBRegCoilsCB
                0x00000000080028f8       0xbc ./Core/modbus/port/port.o
                0x00000000080028f8                eMBRegCoilsCB
 .text.eMBRegDiscreteCB
                0x00000000080029b4       0x22 ./Core/modbus/port/port.o
                0x00000000080029b4                eMBRegDiscreteCB
 *fill*         0x00000000080029d6        0x2 
 .text.xMBPortEventInit
                0x00000000080029d8       0x18 ./Core/modbus/port/portevent.o
                0x00000000080029d8                xMBPortEventInit
 .text.xMBPortEventPost
                0x00000000080029f0       0x2c ./Core/modbus/port/portevent.o
                0x00000000080029f0                xMBPortEventPost
 .text.xMBPortEventGet
                0x0000000008002a1c       0x44 ./Core/modbus/port/portevent.o
                0x0000000008002a1c                xMBPortEventGet
 .text.LL_USART_EnableIT_RXNE_RXFNE
                0x0000000008002a60       0x3e ./Core/modbus/port/portserial.o
 .text.LL_USART_EnableIT_TXE_TXFNF
                0x0000000008002a9e       0x3e ./Core/modbus/port/portserial.o
 .text.LL_USART_DisableIT_RXNE_RXFNE
                0x0000000008002adc       0x40 ./Core/modbus/port/portserial.o
 .text.LL_USART_DisableIT_TXE_TXFNF
                0x0000000008002b1c       0x40 ./Core/modbus/port/portserial.o
 .text.LL_USART_ReceiveData8
                0x0000000008002b5c       0x16 ./Core/modbus/port/portserial.o
 .text.LL_USART_TransmitData8
                0x0000000008002b72       0x1e ./Core/modbus/port/portserial.o
 .text.vMBPortSerialEnable
                0x0000000008002b90       0x54 ./Core/modbus/port/portserial.o
                0x0000000008002b90                vMBPortSerialEnable
 .text.xMBPortSerialInit
                0x0000000008002be4       0x2a ./Core/modbus/port/portserial.o
                0x0000000008002be4                xMBPortSerialInit
 *fill*         0x0000000008002c0e        0x2 
 .text.xMBPortSerialPutByte
                0x0000000008002c10       0x28 ./Core/modbus/port/portserial.o
                0x0000000008002c10                xMBPortSerialPutByte
 .text.xMBPortSerialGetByte
                0x0000000008002c38       0x28 ./Core/modbus/port/portserial.o
                0x0000000008002c38                xMBPortSerialGetByte
 .text.prvvUARTTxReadyISR
                0x0000000008002c60       0x14 ./Core/modbus/port/portserial.o
                0x0000000008002c60                prvvUARTTxReadyISR
 .text.prvvUARTRxISR
                0x0000000008002c74       0x14 ./Core/modbus/port/portserial.o
                0x0000000008002c74                prvvUARTRxISR
 .text.LL_TIM_EnableCounter
                0x0000000008002c88       0x1c ./Core/modbus/port/porttimer.o
 .text.LL_TIM_DisableCounter
                0x0000000008002ca4       0x1e ./Core/modbus/port/porttimer.o
 .text.LL_TIM_ClearFlag_UPDATE
                0x0000000008002cc2       0x18 ./Core/modbus/port/porttimer.o
 .text.LL_TIM_EnableIT_UPDATE
                0x0000000008002cda       0x1c ./Core/modbus/port/porttimer.o
 .text.LL_TIM_DisableIT_UPDATE
                0x0000000008002cf6       0x1e ./Core/modbus/port/porttimer.o
 .text.LL_GPIO_SetOutputPin
                0x0000000008002d14       0x18 ./Core/modbus/port/porttimer.o
 .text.xMBPortTimersInit
                0x0000000008002d2c       0x34 ./Core/modbus/port/porttimer.o
                0x0000000008002d2c                xMBPortTimersInit
 .text.vMBPortTimersEnable
                0x0000000008002d60       0x2c ./Core/modbus/port/porttimer.o
                0x0000000008002d60                vMBPortTimersEnable
 .text.vMBPortTimersDisable
                0x0000000008002d8c       0x34 ./Core/modbus/port/porttimer.o
                0x0000000008002d8c                vMBPortTimersDisable
 .text.prvvTIMERExpiredISR
                0x0000000008002dc0       0x14 ./Core/modbus/port/porttimer.o
                0x0000000008002dc0                prvvTIMERExpiredISR
 .text.usMBCRC16
                0x0000000008002dd4       0x8c ./Core/modbus/rtu/mbcrc.o
                0x0000000008002dd4                usMBCRC16
 .text.eMBRTUInit
                0x0000000008002e60       0x9c ./Core/modbus/rtu/mbrtu.o
                0x0000000008002e60                eMBRTUInit
 .text.eMBRTUStart
                0x0000000008002efc       0x28 ./Core/modbus/rtu/mbrtu.o
                0x0000000008002efc                eMBRTUStart
 .text.eMBRTUStop
                0x0000000008002f24       0x1e ./Core/modbus/rtu/mbrtu.o
                0x0000000008002f24                eMBRTUStop
 *fill*         0x0000000008002f42        0x2 
 .text.eMBRTUReceive
                0x0000000008002f44       0xb0 ./Core/modbus/rtu/mbrtu.o
                0x0000000008002f44                eMBRTUReceive
 .text.eMBRTUSend
                0x0000000008002ff4       0xe8 ./Core/modbus/rtu/mbrtu.o
                0x0000000008002ff4                eMBRTUSend
 .text.xMBRTUReceiveFSM
                0x00000000080030dc       0xd4 ./Core/modbus/rtu/mbrtu.o
                0x00000000080030dc                xMBRTUReceiveFSM
 .text.xMBRTUTransmitFSM
                0x00000000080031b0       0xb4 ./Core/modbus/rtu/mbrtu.o
                0x00000000080031b0                xMBRTUTransmitFSM
 .text.xMBRTUTimerT35Expired
                0x0000000008003264       0x94 ./Core/modbus/rtu/mbrtu.o
                0x0000000008003264                xMBRTUTimerT35Expired
 .text.HAL_Init
                0x00000000080032f8       0x2e ./Drivers/STM32C0xx_HAL_Driver/Src/stm32c0xx_hal.o
                0x00000000080032f8                HAL_Init
 *fill*         0x0000000008003326        0x2 
 .text.HAL_InitTick
                0x0000000008003328       0x94 ./Drivers/STM32C0xx_HAL_Driver/Src/stm32c0xx_hal.o
                0x0000000008003328                HAL_InitTick
 .text.HAL_IncTick
                0x00000000080033bc       0x20 ./Drivers/STM32C0xx_HAL_Driver/Src/stm32c0xx_hal.o
                0x00000000080033bc                HAL_IncTick
 .text.HAL_GetTick
                0x00000000080033dc       0x14 ./Drivers/STM32C0xx_HAL_Driver/Src/stm32c0xx_hal.o
                0x00000000080033dc                HAL_GetTick
 .text.HAL_Delay
                0x00000000080033f0       0x44 ./Drivers/STM32C0xx_HAL_Driver/Src/stm32c0xx_hal.o
                0x00000000080033f0                HAL_Delay
 .text.__NVIC_SetPriority
                0x0000000008003434       0xdc ./Drivers/STM32C0xx_HAL_Driver/Src/stm32c0xx_hal_cortex.o
 .text.SysTick_Config
                0x0000000008003510       0x48 ./Drivers/STM32C0xx_HAL_Driver/Src/stm32c0xx_hal_cortex.o
 .text.HAL_NVIC_SetPriority
                0x0000000008003558       0x2a ./Drivers/STM32C0xx_HAL_Driver/Src/stm32c0xx_hal_cortex.o
                0x0000000008003558                HAL_NVIC_SetPriority
 .text.HAL_SYSTICK_Config
                0x0000000008003582       0x1a ./Drivers/STM32C0xx_HAL_Driver/Src/stm32c0xx_hal_cortex.o
                0x0000000008003582                HAL_SYSTICK_Config
 .text.HAL_GPIO_Init
                0x000000000800359c      0x2e4 ./Drivers/STM32C0xx_HAL_Driver/Src/stm32c0xx_hal_gpio.o
                0x000000000800359c                HAL_GPIO_Init
 .text.HAL_I2C_Init
                0x0000000008003880      0x12c ./Drivers/STM32C0xx_HAL_Driver/Src/stm32c0xx_hal_i2c.o
                0x0000000008003880                HAL_I2C_Init
 .text.HAL_I2C_Master_Transmit
                0x00000000080039ac      0x210 ./Drivers/STM32C0xx_HAL_Driver/Src/stm32c0xx_hal_i2c.o
                0x00000000080039ac                HAL_I2C_Master_Transmit
 .text.I2C_Flush_TXDR
                0x0000000008003bbc       0x44 ./Drivers/STM32C0xx_HAL_Driver/Src/stm32c0xx_hal_i2c.o
 .text.I2C_WaitOnFlagUntilTimeout
                0x0000000008003c00       0x7e ./Drivers/STM32C0xx_HAL_Driver/Src/stm32c0xx_hal_i2c.o
 .text.I2C_WaitOnTXISFlagUntilTimeout
                0x0000000008003c7e       0x7e ./Drivers/STM32C0xx_HAL_Driver/Src/stm32c0xx_hal_i2c.o
 .text.I2C_WaitOnSTOPFlagUntilTimeout
                0x0000000008003cfc       0x78 ./Drivers/STM32C0xx_HAL_Driver/Src/stm32c0xx_hal_i2c.o
 .text.I2C_IsErrorOccurred
                0x0000000008003d74      0x218 ./Drivers/STM32C0xx_HAL_Driver/Src/stm32c0xx_hal_i2c.o
 .text.I2C_TransferConfig
                0x0000000008003f8c       0x74 ./Drivers/STM32C0xx_HAL_Driver/Src/stm32c0xx_hal_i2c.o
 .text.HAL_I2CEx_ConfigAnalogFilter
                0x0000000008004000       0x98 ./Drivers/STM32C0xx_HAL_Driver/Src/stm32c0xx_hal_i2c_ex.o
                0x0000000008004000                HAL_I2CEx_ConfigAnalogFilter
 .text.HAL_I2CEx_ConfigDigitalFilter
                0x0000000008004098       0x98 ./Drivers/STM32C0xx_HAL_Driver/Src/stm32c0xx_hal_i2c_ex.o
                0x0000000008004098                HAL_I2CEx_ConfigDigitalFilter
 .text.HAL_RCC_OscConfig
                0x0000000008004130      0x3f4 ./Drivers/STM32C0xx_HAL_Driver/Src/stm32c0xx_hal_rcc.o
                0x0000000008004130                HAL_RCC_OscConfig
 .text.HAL_RCC_ClockConfig
                0x0000000008004524      0x214 ./Drivers/STM32C0xx_HAL_Driver/Src/stm32c0xx_hal_rcc.o
                0x0000000008004524                HAL_RCC_ClockConfig
 .text.HAL_RCC_GetSysClockFreq
                0x0000000008004738       0x84 ./Drivers/STM32C0xx_HAL_Driver/Src/stm32c0xx_hal_rcc.o
                0x0000000008004738                HAL_RCC_GetSysClockFreq
 .text.HAL_RCCEx_PeriphCLKConfig
                0x00000000080047bc      0x1dc ./Drivers/STM32C0xx_HAL_Driver/Src/stm32c0xx_hal_rcc_ex.o
                0x00000000080047bc                HAL_RCCEx_PeriphCLKConfig
 .text.HAL_SPI_Init
                0x0000000008004998      0x170 ./Drivers/STM32C0xx_HAL_Driver/Src/stm32c0xx_hal_spi.o
                0x0000000008004998                HAL_SPI_Init
 .text.LL_EXTI_EnableIT_0_31
                0x0000000008004b08       0x24 ./Drivers/STM32C0xx_HAL_Driver/Src/stm32c0xx_ll_exti.o
 .text.LL_EXTI_DisableIT_0_31
                0x0000000008004b2c       0x28 ./Drivers/STM32C0xx_HAL_Driver/Src/stm32c0xx_ll_exti.o
 .text.LL_EXTI_EnableEvent_0_31
                0x0000000008004b54       0x24 ./Drivers/STM32C0xx_HAL_Driver/Src/stm32c0xx_ll_exti.o
 .text.LL_EXTI_DisableEvent_0_31
                0x0000000008004b78       0x28 ./Drivers/STM32C0xx_HAL_Driver/Src/stm32c0xx_ll_exti.o
 .text.LL_EXTI_EnableRisingTrig_0_31
                0x0000000008004ba0       0x20 ./Drivers/STM32C0xx_HAL_Driver/Src/stm32c0xx_ll_exti.o
 .text.LL_EXTI_DisableRisingTrig_0_31
                0x0000000008004bc0       0x24 ./Drivers/STM32C0xx_HAL_Driver/Src/stm32c0xx_ll_exti.o
 .text.LL_EXTI_EnableFallingTrig_0_31
                0x0000000008004be4       0x20 ./Drivers/STM32C0xx_HAL_Driver/Src/stm32c0xx_ll_exti.o
 .text.LL_EXTI_DisableFallingTrig_0_31
                0x0000000008004c04       0x24 ./Drivers/STM32C0xx_HAL_Driver/Src/stm32c0xx_ll_exti.o
 .text.LL_EXTI_Init
                0x0000000008004c28      0x10e ./Drivers/STM32C0xx_HAL_Driver/Src/stm32c0xx_ll_exti.o
                0x0000000008004c28                LL_EXTI_Init
 .text.LL_GPIO_SetPinMode
                0x0000000008004d36       0xe8 ./Drivers/STM32C0xx_HAL_Driver/Src/stm32c0xx_ll_gpio.o
 .text.LL_GPIO_SetPinOutputType
                0x0000000008004e1e       0x2a ./Drivers/STM32C0xx_HAL_Driver/Src/stm32c0xx_ll_gpio.o
 .text.LL_GPIO_SetPinSpeed
                0x0000000008004e48       0xe8 ./Drivers/STM32C0xx_HAL_Driver/Src/stm32c0xx_ll_gpio.o
 .text.LL_GPIO_SetPinPull
                0x0000000008004f30       0xe8 ./Drivers/STM32C0xx_HAL_Driver/Src/stm32c0xx_ll_gpio.o
 .text.LL_GPIO_SetAFPin_0_7
                0x0000000008005018       0xe8 ./Drivers/STM32C0xx_HAL_Driver/Src/stm32c0xx_ll_gpio.o
 .text.LL_GPIO_SetAFPin_8_15
                0x0000000008005100       0xec ./Drivers/STM32C0xx_HAL_Driver/Src/stm32c0xx_ll_gpio.o
 .text.LL_GPIO_Init
                0x00000000080051ec      0x17a ./Drivers/STM32C0xx_HAL_Driver/Src/stm32c0xx_ll_gpio.o
                0x00000000080051ec                LL_GPIO_Init
 *fill*         0x0000000008005366        0x2 
 .text.LL_RCC_HSIKER_GetDivider
                0x0000000008005368       0x18 ./Drivers/STM32C0xx_HAL_Driver/Src/stm32c0xx_ll_rcc.o
 .text.LL_RCC_HSI_IsReady
                0x0000000008005380       0x28 ./Drivers/STM32C0xx_HAL_Driver/Src/stm32c0xx_ll_rcc.o
 .text.LL_RCC_LSE_IsReady
                0x00000000080053a8       0x20 ./Drivers/STM32C0xx_HAL_Driver/Src/stm32c0xx_ll_rcc.o
 .text.LL_RCC_GetSysClkSource
                0x00000000080053c8       0x18 ./Drivers/STM32C0xx_HAL_Driver/Src/stm32c0xx_ll_rcc.o
 .text.LL_RCC_GetAHBPrescaler
                0x00000000080053e0       0x18 ./Drivers/STM32C0xx_HAL_Driver/Src/stm32c0xx_ll_rcc.o
 .text.LL_RCC_GetAPB1Prescaler
                0x00000000080053f8       0x18 ./Drivers/STM32C0xx_HAL_Driver/Src/stm32c0xx_ll_rcc.o
 .text.LL_RCC_GetUSARTClockSource
                0x0000000008005410       0x24 ./Drivers/STM32C0xx_HAL_Driver/Src/stm32c0xx_ll_rcc.o
 .text.LL_RCC_GetSystemClocksFreq
                0x0000000008005434       0x3a ./Drivers/STM32C0xx_HAL_Driver/Src/stm32c0xx_ll_rcc.o
                0x0000000008005434                LL_RCC_GetSystemClocksFreq
 *fill*         0x000000000800546e        0x2 
 .text.LL_RCC_GetUSARTClockFreq
                0x0000000008005470       0xb0 ./Drivers/STM32C0xx_HAL_Driver/Src/stm32c0xx_ll_rcc.o
                0x0000000008005470                LL_RCC_GetUSARTClockFreq
 .text.RCC_GetSystemClockFreq
                0x0000000008005520       0x4c ./Drivers/STM32C0xx_HAL_Driver/Src/stm32c0xx_ll_rcc.o
                0x0000000008005520                RCC_GetSystemClockFreq
 .text.RCC_GetHCLKClockFreq
                0x000000000800556c       0x30 ./Drivers/STM32C0xx_HAL_Driver/Src/stm32c0xx_ll_rcc.o
                0x000000000800556c                RCC_GetHCLKClockFreq
 .text.RCC_GetPCLK1ClockFreq
                0x000000000800559c       0x2c ./Drivers/STM32C0xx_HAL_Driver/Src/stm32c0xx_ll_rcc.o
                0x000000000800559c                RCC_GetPCLK1ClockFreq
 .text.LL_TIM_SetPrescaler
                0x00000000080055c8       0x18 ./Drivers/STM32C0xx_HAL_Driver/Src/stm32c0xx_ll_tim.o
 .text.LL_TIM_SetAutoReload
                0x00000000080055e0       0x18 ./Drivers/STM32C0xx_HAL_Driver/Src/stm32c0xx_ll_tim.o
 .text.LL_TIM_SetRepetitionCounter
                0x00000000080055f8       0x18 ./Drivers/STM32C0xx_HAL_Driver/Src/stm32c0xx_ll_tim.o
 .text.LL_TIM_GenerateEvent_UPDATE
                0x0000000008005610       0x1c ./Drivers/STM32C0xx_HAL_Driver/Src/stm32c0xx_ll_tim.o
 .text.LL_TIM_Init
                0x000000000800562c       0xdc ./Drivers/STM32C0xx_HAL_Driver/Src/stm32c0xx_ll_tim.o
                0x000000000800562c                LL_TIM_Init
 .text.LL_USART_IsEnabled
                0x0000000008005708       0x22 ./Drivers/STM32C0xx_HAL_Driver/Src/stm32c0xx_ll_usart.o
 .text.LL_USART_SetPrescaler
                0x000000000800572a       0x24 ./Drivers/STM32C0xx_HAL_Driver/Src/stm32c0xx_ll_usart.o
 *fill*         0x000000000800574e        0x2 
 .text.LL_USART_SetStopBitsLength
                0x0000000008005750       0x28 ./Drivers/STM32C0xx_HAL_Driver/Src/stm32c0xx_ll_usart.o
 .text.LL_USART_SetHWFlowCtrl
                0x0000000008005778       0x28 ./Drivers/STM32C0xx_HAL_Driver/Src/stm32c0xx_ll_usart.o
 .text.LL_USART_SetBaudRate
                0x00000000080057a0       0xb4 ./Drivers/STM32C0xx_HAL_Driver/Src/stm32c0xx_ll_usart.o
 .text.LL_USART_Init
                0x0000000008005854       0xe4 ./Drivers/STM32C0xx_HAL_Driver/Src/stm32c0xx_ll_usart.o
                0x0000000008005854                LL_USART_Init
 .text.led_init
                0x0000000008005938      0x10c ./addons/Src/led.o
                0x0000000008005938                led_init
 .text.__assert_func
                0x0000000008005a44       0x3c C:/ST/STM32CubeIDE_1.14.1/STM32CubeIDE/plugins/com.st.stm32cube.ide.mcu.externaltools.gnu-tools-for-stm32.11.3.rel1.win32_1.1.100.202309141235/tools/bin/../lib/gcc/arm-none-eabi/11.3.1/../../../../arm-none-eabi/lib/thumb/v6-m/nofp\libc_nano.a(libc_a-assert.o)
                0x0000000008005a44                __assert_func
 .text.std      0x0000000008005a80       0x6c C:/ST/STM32CubeIDE_1.14.1/STM32CubeIDE/plugins/com.st.stm32cube.ide.mcu.externaltools.gnu-tools-for-stm32.11.3.rel1.win32_1.1.100.202309141235/tools/bin/../lib/gcc/arm-none-eabi/11.3.1/../../../../arm-none-eabi/lib/thumb/v6-m/nofp\libc_nano.a(libc_a-findfp.o)
 .text.stdio_exit_handler
                0x0000000008005aec       0x1c C:/ST/STM32CubeIDE_1.14.1/STM32CubeIDE/plugins/com.st.stm32cube.ide.mcu.externaltools.gnu-tools-for-stm32.11.3.rel1.win32_1.1.100.202309141235/tools/bin/../lib/gcc/arm-none-eabi/11.3.1/../../../../arm-none-eabi/lib/thumb/v6-m/nofp\libc_nano.a(libc_a-findfp.o)
 .text.cleanup_stdio
                0x0000000008005b08       0x3c C:/ST/STM32CubeIDE_1.14.1/STM32CubeIDE/plugins/com.st.stm32cube.ide.mcu.externaltools.gnu-tools-for-stm32.11.3.rel1.win32_1.1.100.202309141235/tools/bin/../lib/gcc/arm-none-eabi/11.3.1/../../../../arm-none-eabi/lib/thumb/v6-m/nofp\libc_nano.a(libc_a-findfp.o)
 .text.global_stdio_init.part.0
                0x0000000008005b44       0x3c C:/ST/STM32CubeIDE_1.14.1/STM32CubeIDE/plugins/com.st.stm32cube.ide.mcu.externaltools.gnu-tools-for-stm32.11.3.rel1.win32_1.1.100.202309141235/tools/bin/../lib/gcc/arm-none-eabi/11.3.1/../../../../arm-none-eabi/lib/thumb/v6-m/nofp\libc_nano.a(libc_a-findfp.o)
 .text.__sfp_lock_acquire
                0x0000000008005b80       0x10 C:/ST/STM32CubeIDE_1.14.1/STM32CubeIDE/plugins/com.st.stm32cube.ide.mcu.externaltools.gnu-tools-for-stm32.11.3.rel1.win32_1.1.100.202309141235/tools/bin/../lib/gcc/arm-none-eabi/11.3.1/../../../../arm-none-eabi/lib/thumb/v6-m/nofp\libc_nano.a(libc_a-findfp.o)
                0x0000000008005b80                __sfp_lock_acquire
 .text.__sfp_lock_release
                0x0000000008005b90       0x10 C:/ST/STM32CubeIDE_1.14.1/STM32CubeIDE/plugins/com.st.stm32cube.ide.mcu.externaltools.gnu-tools-for-stm32.11.3.rel1.win32_1.1.100.202309141235/tools/bin/../lib/gcc/arm-none-eabi/11.3.1/../../../../arm-none-eabi/lib/thumb/v6-m/nofp\libc_nano.a(libc_a-findfp.o)
                0x0000000008005b90                __sfp_lock_release
 .text.__sinit  0x0000000008005ba0       0x30 C:/ST/STM32CubeIDE_1.14.1/STM32CubeIDE/plugins/com.st.stm32cube.ide.mcu.externaltools.gnu-tools-for-stm32.11.3.rel1.win32_1.1.100.202309141235/tools/bin/../lib/gcc/arm-none-eabi/11.3.1/../../../../arm-none-eabi/lib/thumb/v6-m/nofp\libc_nano.a(libc_a-findfp.o)
                0x0000000008005ba0                __sinit
 .text.fprintf  0x0000000008005bd0       0x20 C:/ST/STM32CubeIDE_1.14.1/STM32CubeIDE/plugins/com.st.stm32cube.ide.mcu.externaltools.gnu-tools-for-stm32.11.3.rel1.win32_1.1.100.202309141235/tools/bin/../lib/gcc/arm-none-eabi/11.3.1/../../../../arm-none-eabi/lib/thumb/v6-m/nofp\libc_nano.a(libc_a-fprintf.o)
                0x0000000008005bd0                fiprintf
                0x0000000008005bd0                fprintf
 .text._fwalk_sglue
                0x0000000008005bf0       0x38 C:/ST/STM32CubeIDE_1.14.1/STM32CubeIDE/plugins/com.st.stm32cube.ide.mcu.externaltools.gnu-tools-for-stm32.11.3.rel1.win32_1.1.100.202309141235/tools/bin/../lib/gcc/arm-none-eabi/11.3.1/../../../../arm-none-eabi/lib/thumb/v6-m/nofp\libc_nano.a(libc_a-fwalk.o)
                0x0000000008005bf0                _fwalk_sglue
 .text.__sread  0x0000000008005c28       0x28 C:/ST/STM32CubeIDE_1.14.1/STM32CubeIDE/plugins/com.st.stm32cube.ide.mcu.externaltools.gnu-tools-for-stm32.11.3.rel1.win32_1.1.100.202309141235/tools/bin/../lib/gcc/arm-none-eabi/11.3.1/../../../../arm-none-eabi/lib/thumb/v6-m/nofp\libc_nano.a(libc_a-stdio.o)
                0x0000000008005c28                __sread
 .text.__swrite
                0x0000000008005c50       0x38 C:/ST/STM32CubeIDE_1.14.1/STM32CubeIDE/plugins/com.st.stm32cube.ide.mcu.externaltools.gnu-tools-for-stm32.11.3.rel1.win32_1.1.100.202309141235/tools/bin/../lib/gcc/arm-none-eabi/11.3.1/../../../../arm-none-eabi/lib/thumb/v6-m/nofp\libc_nano.a(libc_a-stdio.o)
                0x0000000008005c50                __swrite
 .text.__sseek  0x0000000008005c88       0x2c C:/ST/STM32CubeIDE_1.14.1/STM32CubeIDE/plugins/com.st.stm32cube.ide.mcu.externaltools.gnu-tools-for-stm32.11.3.rel1.win32_1.1.100.202309141235/tools/bin/../lib/gcc/arm-none-eabi/11.3.1/../../../../arm-none-eabi/lib/thumb/v6-m/nofp\libc_nano.a(libc_a-stdio.o)
                0x0000000008005c88                __sseek
 .text.__sclose
                0x0000000008005cb4        0xc C:/ST/STM32CubeIDE_1.14.1/STM32CubeIDE/plugins/com.st.stm32cube.ide.mcu.externaltools.gnu-tools-for-stm32.11.3.rel1.win32_1.1.100.202309141235/tools/bin/../lib/gcc/arm-none-eabi/11.3.1/../../../../arm-none-eabi/lib/thumb/v6-m/nofp\libc_nano.a(libc_a-stdio.o)
                0x0000000008005cb4                __sclose
 .text.memset   0x0000000008005cc0       0x10 C:/ST/STM32CubeIDE_1.14.1/STM32CubeIDE/plugins/com.st.stm32cube.ide.mcu.externaltools.gnu-tools-for-stm32.11.3.rel1.win32_1.1.100.202309141235/tools/bin/../lib/gcc/arm-none-eabi/11.3.1/../../../../arm-none-eabi/lib/thumb/v6-m/nofp\libc_nano.a(libc_a-memset.o)
                0x0000000008005cc0                memset
 .text._close_r
                0x0000000008005cd0       0x24 C:/ST/STM32CubeIDE_1.14.1/STM32CubeIDE/plugins/com.st.stm32cube.ide.mcu.externaltools.gnu-tools-for-stm32.11.3.rel1.win32_1.1.100.202309141235/tools/bin/../lib/gcc/arm-none-eabi/11.3.1/../../../../arm-none-eabi/lib/thumb/v6-m/nofp\libc_nano.a(libc_a-closer.o)
                0x0000000008005cd0                _close_r
 .text._lseek_r
                0x0000000008005cf4       0x28 C:/ST/STM32CubeIDE_1.14.1/STM32CubeIDE/plugins/com.st.stm32cube.ide.mcu.externaltools.gnu-tools-for-stm32.11.3.rel1.win32_1.1.100.202309141235/tools/bin/../lib/gcc/arm-none-eabi/11.3.1/../../../../arm-none-eabi/lib/thumb/v6-m/nofp\libc_nano.a(libc_a-lseekr.o)
                0x0000000008005cf4                _lseek_r
 .text._read_r  0x0000000008005d1c       0x28 C:/ST/STM32CubeIDE_1.14.1/STM32CubeIDE/plugins/com.st.stm32cube.ide.mcu.externaltools.gnu-tools-for-stm32.11.3.rel1.win32_1.1.100.202309141235/tools/bin/../lib/gcc/arm-none-eabi/11.3.1/../../../../arm-none-eabi/lib/thumb/v6-m/nofp\libc_nano.a(libc_a-readr.o)
                0x0000000008005d1c                _read_r
 .text._write_r
                0x0000000008005d44       0x28 C:/ST/STM32CubeIDE_1.14.1/STM32CubeIDE/plugins/com.st.stm32cube.ide.mcu.externaltools.gnu-tools-for-stm32.11.3.rel1.win32_1.1.100.202309141235/tools/bin/../lib/gcc/arm-none-eabi/11.3.1/../../../../arm-none-eabi/lib/thumb/v6-m/nofp\libc_nano.a(libc_a-writer.o)
                0x0000000008005d44                _write_r
 .text.__errno  0x0000000008005d6c        0xc C:/ST/STM32CubeIDE_1.14.1/STM32CubeIDE/plugins/com.st.stm32cube.ide.mcu.externaltools.gnu-tools-for-stm32.11.3.rel1.win32_1.1.100.202309141235/tools/bin/../lib/gcc/arm-none-eabi/11.3.1/../../../../arm-none-eabi/lib/thumb/v6-m/nofp\libc_nano.a(libc_a-errno.o)
                0x0000000008005d6c                __errno
 .text.__libc_init_array
                0x0000000008005d78       0x48 C:/ST/STM32CubeIDE_1.14.1/STM32CubeIDE/plugins/com.st.stm32cube.ide.mcu.externaltools.gnu-tools-for-stm32.11.3.rel1.win32_1.1.100.202309141235/tools/bin/../lib/gcc/arm-none-eabi/11.3.1/../../../../arm-none-eabi/lib/thumb/v6-m/nofp\libc_nano.a(libc_a-init.o)
                0x0000000008005d78                __libc_init_array
 .text.__retarget_lock_init_recursive
                0x0000000008005dc0        0x2 C:/ST/STM32CubeIDE_1.14.1/STM32CubeIDE/plugins/com.st.stm32cube.ide.mcu.externaltools.gnu-tools-for-stm32.11.3.rel1.win32_1.1.100.202309141235/tools/bin/../lib/gcc/arm-none-eabi/11.3.1/../../../../arm-none-eabi/lib/thumb/v6-m/nofp\libc_nano.a(libc_a-lock.o)
                0x0000000008005dc0                __retarget_lock_init_recursive
 .text.__retarget_lock_acquire_recursive
                0x0000000008005dc2        0x2 C:/ST/STM32CubeIDE_1.14.1/STM32CubeIDE/plugins/com.st.stm32cube.ide.mcu.externaltools.gnu-tools-for-stm32.11.3.rel1.win32_1.1.100.202309141235/tools/bin/../lib/gcc/arm-none-eabi/11.3.1/../../../../arm-none-eabi/lib/thumb/v6-m/nofp\libc_nano.a(libc_a-lock.o)
                0x0000000008005dc2                __retarget_lock_acquire_recursive
 .text.__retarget_lock_release_recursive
                0x0000000008005dc4        0x2 C:/ST/STM32CubeIDE_1.14.1/STM32CubeIDE/plugins/com.st.stm32cube.ide.mcu.externaltools.gnu-tools-for-stm32.11.3.rel1.win32_1.1.100.202309141235/tools/bin/../lib/gcc/arm-none-eabi/11.3.1/../../../../arm-none-eabi/lib/thumb/v6-m/nofp\libc_nano.a(libc_a-lock.o)
                0x0000000008005dc4                __retarget_lock_release_recursive
 .text.memcpy   0x0000000008005dc6       0x12 C:/ST/STM32CubeIDE_1.14.1/STM32CubeIDE/plugins/com.st.stm32cube.ide.mcu.externaltools.gnu-tools-for-stm32.11.3.rel1.win32_1.1.100.202309141235/tools/bin/../lib/gcc/arm-none-eabi/11.3.1/../../../../arm-none-eabi/lib/thumb/v6-m/nofp\libc_nano.a(libc_a-memcpy-stub.o)
                0x0000000008005dc6                memcpy
 .text.abort    0x0000000008005dd8        0xe C:/ST/STM32CubeIDE_1.14.1/STM32CubeIDE/plugins/com.st.stm32cube.ide.mcu.externaltools.gnu-tools-for-stm32.11.3.rel1.win32_1.1.100.202309141235/tools/bin/../lib/gcc/arm-none-eabi/11.3.1/../../../../arm-none-eabi/lib/thumb/v6-m/nofp\libc_nano.a(libc_a-abort.o)
                0x0000000008005dd8                abort
 *fill*         0x0000000008005de6        0x2 
 .text._free_r  0x0000000008005de8       0x94 C:/ST/STM32CubeIDE_1.14.1/STM32CubeIDE/plugins/com.st.stm32cube.ide.mcu.externaltools.gnu-tools-for-stm32.11.3.rel1.win32_1.1.100.202309141235/tools/bin/../lib/gcc/arm-none-eabi/11.3.1/../../../../arm-none-eabi/lib/thumb/v6-m/nofp\libc_nano.a(libc_a-freer.o)
                0x0000000008005de8                _free_r
 .text.sbrk_aligned
                0x0000000008005e7c       0x44 C:/ST/STM32CubeIDE_1.14.1/STM32CubeIDE/plugins/com.st.stm32cube.ide.mcu.externaltools.gnu-tools-for-stm32.11.3.rel1.win32_1.1.100.202309141235/tools/bin/../lib/gcc/arm-none-eabi/11.3.1/../../../../arm-none-eabi/lib/thumb/v6-m/nofp\libc_nano.a(libc_a-mallocr.o)
 .text._malloc_r
                0x0000000008005ec0      0x104 C:/ST/STM32CubeIDE_1.14.1/STM32CubeIDE/plugins/com.st.stm32cube.ide.mcu.externaltools.gnu-tools-for-stm32.11.3.rel1.win32_1.1.100.202309141235/tools/bin/../lib/gcc/arm-none-eabi/11.3.1/../../../../arm-none-eabi/lib/thumb/v6-m/nofp\libc_nano.a(libc_a-mallocr.o)
                0x0000000008005ec0                _malloc_r
 .text.__malloc_lock
                0x0000000008005fc4       0x10 C:/ST/STM32CubeIDE_1.14.1/STM32CubeIDE/plugins/com.st.stm32cube.ide.mcu.externaltools.gnu-tools-for-stm32.11.3.rel1.win32_1.1.100.202309141235/tools/bin/../lib/gcc/arm-none-eabi/11.3.1/../../../../arm-none-eabi/lib/thumb/v6-m/nofp\libc_nano.a(libc_a-mlock.o)
                0x0000000008005fc4                __malloc_lock
 .text.__malloc_unlock
                0x0000000008005fd4       0x10 C:/ST/STM32CubeIDE_1.14.1/STM32CubeIDE/plugins/com.st.stm32cube.ide.mcu.externaltools.gnu-tools-for-stm32.11.3.rel1.win32_1.1.100.202309141235/tools/bin/../lib/gcc/arm-none-eabi/11.3.1/../../../../arm-none-eabi/lib/thumb/v6-m/nofp\libc_nano.a(libc_a-mlock.o)
                0x0000000008005fd4                __malloc_unlock
 .text.__sfputc_r
                0x0000000008005fe4       0x2a C:/ST/STM32CubeIDE_1.14.1/STM32CubeIDE/plugins/com.st.stm32cube.ide.mcu.externaltools.gnu-tools-for-stm32.11.3.rel1.win32_1.1.100.202309141235/tools/bin/../lib/gcc/arm-none-eabi/11.3.1/../../../../arm-none-eabi/lib/thumb/v6-m/nofp\libc_nano.a(libc_a-nano-vfprintf.o)
 .text.__sfputs_r
                0x000000000800600e       0x24 C:/ST/STM32CubeIDE_1.14.1/STM32CubeIDE/plugins/com.st.stm32cube.ide.mcu.externaltools.gnu-tools-for-stm32.11.3.rel1.win32_1.1.100.202309141235/tools/bin/../lib/gcc/arm-none-eabi/11.3.1/../../../../arm-none-eabi/lib/thumb/v6-m/nofp\libc_nano.a(libc_a-nano-vfprintf.o)
                0x000000000800600e                __sfputs_r
 *fill*         0x0000000008006032        0x2 
 .text._vfprintf_r
                0x0000000008006034      0x238 C:/ST/STM32CubeIDE_1.14.1/STM32CubeIDE/plugins/com.st.stm32cube.ide.mcu.externaltools.gnu-tools-for-stm32.11.3.rel1.win32_1.1.100.202309141235/tools/bin/../lib/gcc/arm-none-eabi/11.3.1/../../../../arm-none-eabi/lib/thumb/v6-m/nofp\libc_nano.a(libc_a-nano-vfprintf.o)
                0x0000000008006034                _vfprintf_r
                0x0000000008006034                _vfiprintf_r
 .text._printf_common
                0x000000000800626c       0xde C:/ST/STM32CubeIDE_1.14.1/STM32CubeIDE/plugins/com.st.stm32cube.ide.mcu.externaltools.gnu-tools-for-stm32.11.3.rel1.win32_1.1.100.202309141235/tools/bin/../lib/gcc/arm-none-eabi/11.3.1/../../../../arm-none-eabi/lib/thumb/v6-m/nofp\libc_nano.a(libc_a-nano-vfprintf_i.o)
                0x000000000800626c                _printf_common
 *fill*         0x000000000800634a        0x2 
 .text._printf_i
                0x000000000800634c      0x220 C:/ST/STM32CubeIDE_1.14.1/STM32CubeIDE/plugins/com.st.stm32cube.ide.mcu.externaltools.gnu-tools-for-stm32.11.3.rel1.win32_1.1.100.202309141235/tools/bin/../lib/gcc/arm-none-eabi/11.3.1/../../../../arm-none-eabi/lib/thumb/v6-m/nofp\libc_nano.a(libc_a-nano-vfprintf_i.o)
                0x000000000800634c                _printf_i
 .text.__sflush_r
                0x000000000800656c      0x114 C:/ST/STM32CubeIDE_1.14.1/STM32CubeIDE/plugins/com.st.stm32cube.ide.mcu.externaltools.gnu-tools-for-stm32.11.3.rel1.win32_1.1.100.202309141235/tools/bin/../lib/gcc/arm-none-eabi/11.3.1/../../../../arm-none-eabi/lib/thumb/v6-m/nofp\libc_nano.a(libc_a-fflush.o)
                0x000000000800656c                __sflush_r
 .text._fflush_r
                0x0000000008006680       0x56 C:/ST/STM32CubeIDE_1.14.1/STM32CubeIDE/plugins/com.st.stm32cube.ide.mcu.externaltools.gnu-tools-for-stm32.11.3.rel1.win32_1.1.100.202309141235/tools/bin/../lib/gcc/arm-none-eabi/11.3.1/../../../../arm-none-eabi/lib/thumb/v6-m/nofp\libc_nano.a(libc_a-fflush.o)
                0x0000000008006680                _fflush_r
 .text.__swbuf_r
                0x00000000080066d6       0x84 C:/ST/STM32CubeIDE_1.14.1/STM32CubeIDE/plugins/com.st.stm32cube.ide.mcu.externaltools.gnu-tools-for-stm32.11.3.rel1.win32_1.1.100.202309141235/tools/bin/../lib/gcc/arm-none-eabi/11.3.1/../../../../arm-none-eabi/lib/thumb/v6-m/nofp\libc_nano.a(libc_a-wbuf.o)
                0x00000000080066d6                __swbuf_r
 *fill*         0x000000000800675a        0x2 
 .text.__swsetup_r
                0x000000000800675c       0xc8 C:/ST/STM32CubeIDE_1.14.1/STM32CubeIDE/plugins/com.st.stm32cube.ide.mcu.externaltools.gnu-tools-for-stm32.11.3.rel1.win32_1.1.100.202309141235/tools/bin/../lib/gcc/arm-none-eabi/11.3.1/../../../../arm-none-eabi/lib/thumb/v6-m/nofp\libc_nano.a(libc_a-wsetup.o)
                0x000000000800675c                __swsetup_r
 .text._raise_r
                0x0000000008006824       0x54 C:/ST/STM32CubeIDE_1.14.1/STM32CubeIDE/plugins/com.st.stm32cube.ide.mcu.externaltools.gnu-tools-for-stm32.11.3.rel1.win32_1.1.100.202309141235/tools/bin/../lib/gcc/arm-none-eabi/11.3.1/../../../../arm-none-eabi/lib/thumb/v6-m/nofp\libc_nano.a(libc_a-signal.o)
                0x0000000008006824                _raise_r
 .text.raise    0x0000000008006878       0x14 C:/ST/STM32CubeIDE_1.14.1/STM32CubeIDE/plugins/com.st.stm32cube.ide.mcu.externaltools.gnu-tools-for-stm32.11.3.rel1.win32_1.1.100.202309141235/tools/bin/../lib/gcc/arm-none-eabi/11.3.1/../../../../arm-none-eabi/lib/thumb/v6-m/nofp\libc_nano.a(libc_a-signal.o)
                0x0000000008006878                raise
 .text._kill_r  0x000000000800688c       0x24 C:/ST/STM32CubeIDE_1.14.1/STM32CubeIDE/plugins/com.st.stm32cube.ide.mcu.externaltools.gnu-tools-for-stm32.11.3.rel1.win32_1.1.100.202309141235/tools/bin/../lib/gcc/arm-none-eabi/11.3.1/../../../../arm-none-eabi/lib/thumb/v6-m/nofp\libc_nano.a(libc_a-signalr.o)
                0x000000000800688c                _kill_r
 .text._getpid_r
                0x00000000080068b0        0x8 C:/ST/STM32CubeIDE_1.14.1/STM32CubeIDE/plugins/com.st.stm32cube.ide.mcu.externaltools.gnu-tools-for-stm32.11.3.rel1.win32_1.1.100.202309141235/tools/bin/../lib/gcc/arm-none-eabi/11.3.1/../../../../arm-none-eabi/lib/thumb/v6-m/nofp\libc_nano.a(libc_a-signalr.o)
                0x00000000080068b0                _getpid_r
 .text._sbrk_r  0x00000000080068b8       0x24 C:/ST/STM32CubeIDE_1.14.1/STM32CubeIDE/plugins/com.st.stm32cube.ide.mcu.externaltools.gnu-tools-for-stm32.11.3.rel1.win32_1.1.100.202309141235/tools/bin/../lib/gcc/arm-none-eabi/11.3.1/../../../../arm-none-eabi/lib/thumb/v6-m/nofp\libc_nano.a(libc_a-sbrkr.o)
                0x00000000080068b8                _sbrk_r
 .text.memchr   0x00000000080068dc       0x16 C:/ST/STM32CubeIDE_1.14.1/STM32CubeIDE/plugins/com.st.stm32cube.ide.mcu.externaltools.gnu-tools-for-stm32.11.3.rel1.win32_1.1.100.202309141235/tools/bin/../lib/gcc/arm-none-eabi/11.3.1/../../../../arm-none-eabi/lib/thumb/v6-m/nofp\libc_nano.a(libc_a-memchr-stub.o)
                0x00000000080068dc                memchr
 *fill*         0x00000000080068f2        0x2 
 .text.__swhatbuf_r
                0x00000000080068f4       0x50 C:/ST/STM32CubeIDE_1.14.1/STM32CubeIDE/plugins/com.st.stm32cube.ide.mcu.externaltools.gnu-tools-for-stm32.11.3.rel1.win32_1.1.100.202309141235/tools/bin/../lib/gcc/arm-none-eabi/11.3.1/../../../../arm-none-eabi/lib/thumb/v6-m/nofp\libc_nano.a(libc_a-makebuf.o)
                0x00000000080068f4                __swhatbuf_r
 .text.__smakebuf_r
                0x0000000008006944       0x7c C:/ST/STM32CubeIDE_1.14.1/STM32CubeIDE/plugins/com.st.stm32cube.ide.mcu.externaltools.gnu-tools-for-stm32.11.3.rel1.win32_1.1.100.202309141235/tools/bin/../lib/gcc/arm-none-eabi/11.3.1/../../../../arm-none-eabi/lib/thumb/v6-m/nofp\libc_nano.a(libc_a-makebuf.o)
                0x0000000008006944                __smakebuf_r
 .text._fstat_r
                0x00000000080069c0       0x24 C:/ST/STM32CubeIDE_1.14.1/STM32CubeIDE/plugins/com.st.stm32cube.ide.mcu.externaltools.gnu-tools-for-stm32.11.3.rel1.win32_1.1.100.202309141235/tools/bin/../lib/gcc/arm-none-eabi/11.3.1/../../../../arm-none-eabi/lib/thumb/v6-m/nofp\libc_nano.a(libc_a-fstatr.o)
                0x00000000080069c0                _fstat_r
 .text._isatty_r
                0x00000000080069e4       0x24 C:/ST/STM32CubeIDE_1.14.1/STM32CubeIDE/plugins/com.st.stm32cube.ide.mcu.externaltools.gnu-tools-for-stm32.11.3.rel1.win32_1.1.100.202309141235/tools/bin/../lib/gcc/arm-none-eabi/11.3.1/../../../../arm-none-eabi/lib/thumb/v6-m/nofp\libc_nano.a(libc_a-isattyr.o)
                0x00000000080069e4                _isatty_r
 *(.glue_7)
 .glue_7        0x0000000008006a08        0x0 linker stubs
 *(.glue_7t)
 .glue_7t       0x0000000008006a08        0x0 linker stubs
 *(.eh_frame)
 .eh_frame      0x0000000008006a08        0x0 C:/ST/STM32CubeIDE_1.14.1/STM32CubeIDE/plugins/com.st.stm32cube.ide.mcu.externaltools.gnu-tools-for-stm32.11.3.rel1.win32_1.1.100.202309141235/tools/bin/../lib/gcc/arm-none-eabi/11.3.1/thumb/v6-m/nofp/crtbegin.o
 *(.init)
 .init          0x0000000008006a08        0x4 C:/ST/STM32CubeIDE_1.14.1/STM32CubeIDE/plugins/com.st.stm32cube.ide.mcu.externaltools.gnu-tools-for-stm32.11.3.rel1.win32_1.1.100.202309141235/tools/bin/../lib/gcc/arm-none-eabi/11.3.1/thumb/v6-m/nofp/crti.o
                0x0000000008006a08                _init
 .init          0x0000000008006a0c        0x8 C:/ST/STM32CubeIDE_1.14.1/STM32CubeIDE/plugins/com.st.stm32cube.ide.mcu.externaltools.gnu-tools-for-stm32.11.3.rel1.win32_1.1.100.202309141235/tools/bin/../lib/gcc/arm-none-eabi/11.3.1/thumb/v6-m/nofp/crtn.o
 *(.fini)
 .fini          0x0000000008006a14        0x4 C:/ST/STM32CubeIDE_1.14.1/STM32CubeIDE/plugins/com.st.stm32cube.ide.mcu.externaltools.gnu-tools-for-stm32.11.3.rel1.win32_1.1.100.202309141235/tools/bin/../lib/gcc/arm-none-eabi/11.3.1/thumb/v6-m/nofp/crti.o
                0x0000000008006a14                _fini
 .fini          0x0000000008006a18        0x8 C:/ST/STM32CubeIDE_1.14.1/STM32CubeIDE/plugins/com.st.stm32cube.ide.mcu.externaltools.gnu-tools-for-stm32.11.3.rel1.win32_1.1.100.202309141235/tools/bin/../lib/gcc/arm-none-eabi/11.3.1/thumb/v6-m/nofp/crtn.o
                0x0000000008006a20                . = ALIGN (0x4)
                0x0000000008006a20                _etext = .

.vfp11_veneer   0x0000000008006a20        0x0
 .vfp11_veneer  0x0000000008006a20        0x0 linker stubs

.v4_bx          0x0000000008006a20        0x0
 .v4_bx         0x0000000008006a20        0x0 linker stubs

.iplt           0x0000000008006a20        0x0
 .iplt          0x0000000008006a20        0x0 C:/ST/STM32CubeIDE_1.14.1/STM32CubeIDE/plugins/com.st.stm32cube.ide.mcu.externaltools.gnu-tools-for-stm32.11.3.rel1.win32_1.1.100.202309141235/tools/bin/../lib/gcc/arm-none-eabi/11.3.1/thumb/v6-m/nofp/crtbegin.o

.rodata         0x0000000008006a20      0x474
                0x0000000008006a20                . = ALIGN (0x4)
 *(.rodata)
 .rodata        0x0000000008006a20       0xdf ./Core/modbus/rtu/mbrtu.o
 *(.rodata*)
 *fill*         0x0000000008006aff        0x1 
 .rodata.led_adr_arr
                0x0000000008006b00       0x1e ./Core/Src/main.o
 *fill*         0x0000000008006b1e        0x2 
 .rodata.AHBPrescTable
                0x0000000008006b20       0x40 ./Core/Src/system_stm32c0xx.o
                0x0000000008006b20                AHBPrescTable
 .rodata.APBPrescTable
                0x0000000008006b60       0x20 ./Core/Src/system_stm32c0xx.o
                0x0000000008006b60                APBPrescTable
 .rodata.CHANNEL_OFFSET_TAB
                0x0000000008006b80        0x3 ./Core/Src/usart.o
 *fill*         0x0000000008006b83        0x1 
 .rodata.aucCRCHi
                0x0000000008006b84      0x100 ./Core/modbus/rtu/mbcrc.o
 .rodata.aucCRCLo
                0x0000000008006c84      0x100 ./Core/modbus/rtu/mbcrc.o
 .rodata.__func__.3
                0x0000000008006d84        0xe ./Core/modbus/rtu/mbrtu.o
 *fill*         0x0000000008006d92        0x2 
 .rodata.__func__.2
                0x0000000008006d94       0x11 ./Core/modbus/rtu/mbrtu.o
 *fill*         0x0000000008006da5        0x3 
 .rodata.__func__.1
                0x0000000008006da8       0x12 ./Core/modbus/rtu/mbrtu.o
 *fill*         0x0000000008006dba        0x2 
 .rodata.__func__.0
                0x0000000008006dbc       0x16 ./Core/modbus/rtu/mbrtu.o
 *fill*         0x0000000008006dd2        0x2 
 .rodata.USART_PRESCALER_TAB
                0x0000000008006dd4       0x30 ./Drivers/STM32C0xx_HAL_Driver/Src/stm32c0xx_ll_usart.o
 .rodata.led_adr_arr
                0x0000000008006e04       0x1e ./addons/Src/led.o
 .rodata.__assert_func.str1.1
                0x0000000008006e22       0x3c C:/ST/STM32CubeIDE_1.14.1/STM32CubeIDE/plugins/com.st.stm32cube.ide.mcu.externaltools.gnu-tools-for-stm32.11.3.rel1.win32_1.1.100.202309141235/tools/bin/../lib/gcc/arm-none-eabi/11.3.1/../../../../arm-none-eabi/lib/thumb/v6-m/nofp\libc_nano.a(libc_a-assert.o)
                                         0x3d (size before relaxing)
 .rodata._vfprintf_r.str1.1
                0x0000000008006e5e       0x11 C:/ST/STM32CubeIDE_1.14.1/STM32CubeIDE/plugins/com.st.stm32cube.ide.mcu.externaltools.gnu-tools-for-stm32.11.3.rel1.win32_1.1.100.202309141235/tools/bin/../lib/gcc/arm-none-eabi/11.3.1/../../../../arm-none-eabi/lib/thumb/v6-m/nofp\libc_nano.a(libc_a-nano-vfprintf.o)
 .rodata._printf_i.str1.1
                0x0000000008006e6f       0x22 C:/ST/STM32CubeIDE_1.14.1/STM32CubeIDE/plugins/com.st.stm32cube.ide.mcu.externaltools.gnu-tools-for-stm32.11.3.rel1.win32_1.1.100.202309141235/tools/bin/../lib/gcc/arm-none-eabi/11.3.1/../../../../arm-none-eabi/lib/thumb/v6-m/nofp\libc_nano.a(libc_a-nano-vfprintf_i.o)
                0x0000000008006e94                . = ALIGN (0x4)
 *fill*         0x0000000008006e91        0x3 

.rel.dyn        0x0000000008006e94        0x0
 .rel.iplt      0x0000000008006e94        0x0 C:/ST/STM32CubeIDE_1.14.1/STM32CubeIDE/plugins/com.st.stm32cube.ide.mcu.externaltools.gnu-tools-for-stm32.11.3.rel1.win32_1.1.100.202309141235/tools/bin/../lib/gcc/arm-none-eabi/11.3.1/thumb/v6-m/nofp/crtbegin.o

.ARM.extab      0x0000000008006e94        0x0
                0x0000000008006e94                . = ALIGN (0x4)
 *(.ARM.extab* .gnu.linkonce.armextab.*)
                0x0000000008006e94                . = ALIGN (0x4)

.ARM            0x0000000008006e94        0x0
                0x0000000008006e94                . = ALIGN (0x4)
                0x0000000008006e94                __exidx_start = .
 *(.ARM.exidx*)
                0x0000000008006e94                __exidx_end = .
                0x0000000008006e94                . = ALIGN (0x4)

.preinit_array  0x0000000008006e94        0x0
                0x0000000008006e94                . = ALIGN (0x4)
                0x0000000008006e94                PROVIDE (__preinit_array_start = .)
 *(.preinit_array*)
                0x0000000008006e94                PROVIDE (__preinit_array_end = .)
                0x0000000008006e94                . = ALIGN (0x4)

.init_array     0x0000000008006e94        0x4
                0x0000000008006e94                . = ALIGN (0x4)
                0x0000000008006e94                PROVIDE (__init_array_start = .)
 *(SORT_BY_NAME(.init_array.*))
 *(.init_array*)
 .init_array    0x0000000008006e94        0x4 C:/ST/STM32CubeIDE_1.14.1/STM32CubeIDE/plugins/com.st.stm32cube.ide.mcu.externaltools.gnu-tools-for-stm32.11.3.rel1.win32_1.1.100.202309141235/tools/bin/../lib/gcc/arm-none-eabi/11.3.1/thumb/v6-m/nofp/crtbegin.o
                0x0000000008006e98                PROVIDE (__init_array_end = .)
                0x0000000008006e98                . = ALIGN (0x4)

.fini_array     0x0000000008006e98        0x4
                0x0000000008006e98                . = ALIGN (0x4)
                [!provide]                        PROVIDE (__fini_array_start = .)
 *(SORT_BY_NAME(.fini_array.*))
 *(.fini_array*)
 .fini_array    0x0000000008006e98        0x4 C:/ST/STM32CubeIDE_1.14.1/STM32CubeIDE/plugins/com.st.stm32cube.ide.mcu.externaltools.gnu-tools-for-stm32.11.3.rel1.win32_1.1.100.202309141235/tools/bin/../lib/gcc/arm-none-eabi/11.3.1/thumb/v6-m/nofp/crtbegin.o
                [!provide]                        PROVIDE (__fini_array_end = .)
                0x0000000008006e9c                . = ALIGN (0x4)
                0x0000000008006e9c                _sidata = LOADADDR (.data)

.data           0x0000000020000000       0xf0 load address 0x0000000008006e9c
                0x0000000020000000                . = ALIGN (0x4)
                0x0000000020000000                _sdata = .
 *(.data)
 *(.data*)
 .data.SystemCoreClock
                0x0000000020000000        0x4 ./Core/Src/system_stm32c0xx.o
                0x0000000020000000                SystemCoreClock
 .data.eMBState
                0x0000000020000004        0x1 ./Core/modbus/mb.o
 *fill*         0x0000000020000005        0x3 
 .data.xFuncHandlers
                0x0000000020000008       0x80 ./Core/modbus/mb.o
 .data.usRegInputStart
                0x0000000020000088        0x2 ./Core/modbus/port/port.o
                0x0000000020000088                usRegInputStart
 .data.usRegHoldingStart
                0x000000002000008a        0x2 ./Core/modbus/port/port.o
                0x000000002000008a                usRegHoldingStart
 .data.uwTickPrio
                0x000000002000008c        0x4 ./Drivers/STM32C0xx_HAL_Driver/Src/stm32c0xx_hal.o
                0x000000002000008c                uwTickPrio
 .data.uwTickFreq
                0x0000000020000090        0x4 ./Drivers/STM32C0xx_HAL_Driver/Src/stm32c0xx_hal.o
                0x0000000020000090                uwTickFreq
 .data.__sglue  0x0000000020000094        0xc C:/ST/STM32CubeIDE_1.14.1/STM32CubeIDE/plugins/com.st.stm32cube.ide.mcu.externaltools.gnu-tools-for-stm32.11.3.rel1.win32_1.1.100.202309141235/tools/bin/../lib/gcc/arm-none-eabi/11.3.1/../../../../arm-none-eabi/lib/thumb/v6-m/nofp\libc_nano.a(libc_a-findfp.o)
                0x0000000020000094                __sglue
 .data._impure_data
                0x00000000200000a0       0x4c C:/ST/STM32CubeIDE_1.14.1/STM32CubeIDE/plugins/com.st.stm32cube.ide.mcu.externaltools.gnu-tools-for-stm32.11.3.rel1.win32_1.1.100.202309141235/tools/bin/../lib/gcc/arm-none-eabi/11.3.1/../../../../arm-none-eabi/lib/thumb/v6-m/nofp\libc_nano.a(libc_a-impure.o)
                0x00000000200000a0                _impure_data
 .data._impure_ptr
                0x00000000200000ec        0x4 C:/ST/STM32CubeIDE_1.14.1/STM32CubeIDE/plugins/com.st.stm32cube.ide.mcu.externaltools.gnu-tools-for-stm32.11.3.rel1.win32_1.1.100.202309141235/tools/bin/../lib/gcc/arm-none-eabi/11.3.1/../../../../arm-none-eabi/lib/thumb/v6-m/nofp\libc_nano.a(libc_a-impure.o)
                0x00000000200000ec                _impure_ptr
 *(.RamFunc)
 *(.RamFunc*)
                0x00000000200000f0                . = ALIGN (0x4)
                0x00000000200000f0                _edata = .

.igot.plt       0x00000000200000f0        0x0 load address 0x0000000008006f8c
 .igot.plt      0x00000000200000f0        0x0 C:/ST/STM32CubeIDE_1.14.1/STM32CubeIDE/plugins/com.st.stm32cube.ide.mcu.externaltools.gnu-tools-for-stm32.11.3.rel1.win32_1.1.100.202309141235/tools/bin/../lib/gcc/arm-none-eabi/11.3.1/thumb/v6-m/nofp/crtbegin.o
                0x00000000200000f0                . = ALIGN (0x4)

.bss            0x00000000200000f0      0x514 load address 0x0000000008006f8c
                0x00000000200000f0                _sbss = .
                0x00000000200000f0                __bss_start__ = _sbss
 *(.bss)
 .bss           0x00000000200000f0       0x1c C:/ST/STM32CubeIDE_1.14.1/STM32CubeIDE/plugins/com.st.stm32cube.ide.mcu.externaltools.gnu-tools-for-stm32.11.3.rel1.win32_1.1.100.202309141235/tools/bin/../lib/gcc/arm-none-eabi/11.3.1/thumb/v6-m/nofp/crtbegin.o
 *(.bss*)
 .bss.hi2c1     0x000000002000010c       0x4c ./Core/Src/i2c.o
                0x000000002000010c                hi2c1
 .bss.hspi1     0x0000000020000158       0x64 ./Core/Src/spi.o
                0x0000000020000158                hspi1
 .bss.__sbrk_heap_end
                0x00000000200001bc        0x4 ./Core/Src/sysmem.o
 .bss.ucMBSlaveID
                0x00000000200001c0       0x20 ./Core/modbus/functions/mbfuncother.o
 .bss.usMBSlaveIDLen
                0x00000000200001e0        0x2 ./Core/modbus/functions/mbfuncother.o
 .bss.ucMBAddress
                0x00000000200001e2        0x1 ./Core/modbus/mb.o
 .bss.eMBCurrentMode
                0x00000000200001e3        0x1 ./Core/modbus/mb.o
 .bss.peMBFrameSendCur
                0x00000000200001e4        0x4 ./Core/modbus/mb.o
 .bss.pvMBFrameStartCur
                0x00000000200001e8        0x4 ./Core/modbus/mb.o
 .bss.pvMBFrameStopCur
                0x00000000200001ec        0x4 ./Core/modbus/mb.o
 .bss.peMBFrameReceiveCur
                0x00000000200001f0        0x4 ./Core/modbus/mb.o
 .bss.pvMBFrameCloseCur
                0x00000000200001f4        0x4 ./Core/modbus/mb.o
 .bss.pxMBFrameCBByteReceived
                0x00000000200001f8        0x4 ./Core/modbus/mb.o
                0x00000000200001f8                pxMBFrameCBByteReceived
 .bss.pxMBFrameCBTransmitterEmpty
                0x00000000200001fc        0x4 ./Core/modbus/mb.o
                0x00000000200001fc                pxMBFrameCBTransmitterEmpty
 .bss.pxMBPortCBTimerExpired
                0x0000000020000200        0x4 ./Core/modbus/mb.o
                0x0000000020000200                pxMBPortCBTimerExpired
 .bss.ucRcvAddress.4
                0x0000000020000204        0x1 ./Core/modbus/mb.o
 *fill*         0x0000000020000205        0x3 
 .bss.ucMBFrame.3
                0x0000000020000208        0x4 ./Core/modbus/mb.o
 .bss.usLength.2
                0x000000002000020c        0x2 ./Core/modbus/mb.o
 .bss.ucFunctionCode.1
                0x000000002000020e        0x1 ./Core/modbus/mb.o
 .bss.eException.0
                0x000000002000020f        0x1 ./Core/modbus/mb.o
 .bss.usRegInputBuf
                0x0000000020000210        0x8 ./Core/modbus/port/port.o
                0x0000000020000210                usRegInputBuf
 .bss.usRegHoldingBuf
                0x0000000020000218      0x190 ./Core/modbus/port/port.o
                0x0000000020000218                usRegHoldingBuf
 .bss.eQueuedEvent
                0x00000000200003a8        0x1 ./Core/modbus/port/portevent.o
 .bss.xEventInQueue
                0x00000000200003a9        0x1 ./Core/modbus/port/portevent.o
 .bss.eSndState
                0x00000000200003aa        0x1 ./Core/modbus/rtu/mbrtu.o
 .bss.eRcvState
                0x00000000200003ab        0x1 ./Core/modbus/rtu/mbrtu.o
 .bss.ucRTUBuf  0x00000000200003ac      0x100 ./Core/modbus/rtu/mbrtu.o
                0x00000000200003ac                ucRTUBuf
 .bss.pucSndBufferCur
                0x00000000200004ac        0x4 ./Core/modbus/rtu/mbrtu.o
 .bss.usSndBufferCount
                0x00000000200004b0        0x2 ./Core/modbus/rtu/mbrtu.o
 .bss.usRcvBufferPos
                0x00000000200004b2        0x2 ./Core/modbus/rtu/mbrtu.o
 .bss.uwTick    0x00000000200004b4        0x4 ./Drivers/STM32C0xx_HAL_Driver/Src/stm32c0xx_hal.o
                0x00000000200004b4                uwTick
 .bss.__sf      0x00000000200004b8      0x138 C:/ST/STM32CubeIDE_1.14.1/STM32CubeIDE/plugins/com.st.stm32cube.ide.mcu.externaltools.gnu-tools-for-stm32.11.3.rel1.win32_1.1.100.202309141235/tools/bin/../lib/gcc/arm-none-eabi/11.3.1/../../../../arm-none-eabi/lib/thumb/v6-m/nofp\libc_nano.a(libc_a-findfp.o)
                0x00000000200004b8                __sf
 .bss.__stdio_exit_handler
                0x00000000200005f0        0x4 C:/ST/STM32CubeIDE_1.14.1/STM32CubeIDE/plugins/com.st.stm32cube.ide.mcu.externaltools.gnu-tools-for-stm32.11.3.rel1.win32_1.1.100.202309141235/tools/bin/../lib/gcc/arm-none-eabi/11.3.1/../../../../arm-none-eabi/lib/thumb/v6-m/nofp\libc_nano.a(libc_a-findfp.o)
                0x00000000200005f0                __stdio_exit_handler
 .bss.errno     0x00000000200005f4        0x4 C:/ST/STM32CubeIDE_1.14.1/STM32CubeIDE/plugins/com.st.stm32cube.ide.mcu.externaltools.gnu-tools-for-stm32.11.3.rel1.win32_1.1.100.202309141235/tools/bin/../lib/gcc/arm-none-eabi/11.3.1/../../../../arm-none-eabi/lib/thumb/v6-m/nofp\libc_nano.a(libc_a-reent.o)
                0x00000000200005f4                errno
 .bss.__lock___malloc_recursive_mutex
                0x00000000200005f8        0x1 C:/ST/STM32CubeIDE_1.14.1/STM32CubeIDE/plugins/com.st.stm32cube.ide.mcu.externaltools.gnu-tools-for-stm32.11.3.rel1.win32_1.1.100.202309141235/tools/bin/../lib/gcc/arm-none-eabi/11.3.1/../../../../arm-none-eabi/lib/thumb/v6-m/nofp\libc_nano.a(libc_a-lock.o)
                0x00000000200005f8                __lock___malloc_recursive_mutex
 .bss.__lock___sfp_recursive_mutex
                0x00000000200005f9        0x1 C:/ST/STM32CubeIDE_1.14.1/STM32CubeIDE/plugins/com.st.stm32cube.ide.mcu.externaltools.gnu-tools-for-stm32.11.3.rel1.win32_1.1.100.202309141235/tools/bin/../lib/gcc/arm-none-eabi/11.3.1/../../../../arm-none-eabi/lib/thumb/v6-m/nofp\libc_nano.a(libc_a-lock.o)
                0x00000000200005f9                __lock___sfp_recursive_mutex
 *fill*         0x00000000200005fa        0x2 
 .bss.__malloc_free_list
                0x00000000200005fc        0x4 C:/ST/STM32CubeIDE_1.14.1/STM32CubeIDE/plugins/com.st.stm32cube.ide.mcu.externaltools.gnu-tools-for-stm32.11.3.rel1.win32_1.1.100.202309141235/tools/bin/../lib/gcc/arm-none-eabi/11.3.1/../../../../arm-none-eabi/lib/thumb/v6-m/nofp\libc_nano.a(libc_a-mallocr.o)
                0x00000000200005fc                __malloc_free_list
 .bss.__malloc_sbrk_start
                0x0000000020000600        0x4 C:/ST/STM32CubeIDE_1.14.1/STM32CubeIDE/plugins/com.st.stm32cube.ide.mcu.externaltools.gnu-tools-for-stm32.11.3.rel1.win32_1.1.100.202309141235/tools/bin/../lib/gcc/arm-none-eabi/11.3.1/../../../../arm-none-eabi/lib/thumb/v6-m/nofp\libc_nano.a(libc_a-mallocr.o)
                0x0000000020000600                __malloc_sbrk_start
 *(COMMON)
                0x0000000020000604                . = ALIGN (0x4)
                0x0000000020000604                _ebss = .
                0x0000000020000604                __bss_end__ = _ebss

._user_heap_stack
                0x0000000020000604      0x604 load address 0x0000000008006f8c
                0x0000000020000608                . = ALIGN (0x8)
 *fill*         0x0000000020000604        0x4 
                [!provide]                        PROVIDE (end = .)
                0x0000000020000608                PROVIDE (_end = .)
                0x0000000020000808                . = (. + _Min_Heap_Size)
 *fill*         0x0000000020000608      0x200 
                0x0000000020000c08                . = (. + _Min_Stack_Size)
 *fill*         0x0000000020000808      0x400 
                0x0000000020000c08                . = ALIGN (0x8)

/DISCARD/
 libc.a(*)
 libm.a(*)
 libgcc.a(*)

.ARM.attributes
                0x0000000000000000       0x28
 *(.ARM.attributes)
 .ARM.attributes
                0x0000000000000000       0x1e C:/ST/STM32CubeIDE_1.14.1/STM32CubeIDE/plugins/com.st.stm32cube.ide.mcu.externaltools.gnu-tools-for-stm32.11.3.rel1.win32_1.1.100.202309141235/tools/bin/../lib/gcc/arm-none-eabi/11.3.1/thumb/v6-m/nofp/crti.o
 .ARM.attributes
                0x000000000000001e       0x2c C:/ST/STM32CubeIDE_1.14.1/STM32CubeIDE/plugins/com.st.stm32cube.ide.mcu.externaltools.gnu-tools-for-stm32.11.3.rel1.win32_1.1.100.202309141235/tools/bin/../lib/gcc/arm-none-eabi/11.3.1/thumb/v6-m/nofp/crtbegin.o
 .ARM.attributes
                0x000000000000004a       0x2c ./Core/Src/dma.o
 .ARM.attributes
                0x0000000000000076       0x2c ./Core/Src/gpio.o
 .ARM.attributes
                0x00000000000000a2       0x2c ./Core/Src/i2c.o
 .ARM.attributes
                0x00000000000000ce       0x2c ./Core/Src/main.o
 .ARM.attributes
                0x00000000000000fa       0x2c ./Core/Src/spi.o
 .ARM.attributes
                0x0000000000000126       0x2c ./Core/Src/stm32c0xx_hal_msp.o
 .ARM.attributes
                0x0000000000000152       0x2c ./Core/Src/stm32c0xx_it.o
 .ARM.attributes
                0x000000000000017e       0x2c ./Core/Src/syscalls.o
 .ARM.attributes
                0x00000000000001aa       0x2c ./Core/Src/sysmem.o
 .ARM.attributes
                0x00000000000001d6       0x2c ./Core/Src/system_stm32c0xx.o
 .ARM.attributes
                0x0000000000000202       0x2c ./Core/Src/tim.o
 .ARM.attributes
                0x000000000000022e       0x2c ./Core/Src/usart.o
 .ARM.attributes
                0x000000000000025a       0x22 ./Core/Startup/startup_stm32c031g6ux.o
 .ARM.attributes
                0x000000000000027c       0x2c ./Core/modbus/functions/mbfunccoils.o
 .ARM.attributes
                0x00000000000002a8       0x2c ./Core/modbus/functions/mbfuncdisc.o
 .ARM.attributes
                0x00000000000002d4       0x2c ./Core/modbus/functions/mbfuncholding.o
 .ARM.attributes
                0x0000000000000300       0x2c ./Core/modbus/functions/mbfuncinput.o
 .ARM.attributes
                0x000000000000032c       0x2c ./Core/modbus/functions/mbfuncother.o
 .ARM.attributes
                0x0000000000000358       0x2c ./Core/modbus/functions/mbutils.o
 .ARM.attributes
                0x0000000000000384       0x2c ./Core/modbus/mb.o
 .ARM.attributes
                0x00000000000003b0       0x2c ./Core/modbus/port/port.o
 .ARM.attributes
                0x00000000000003dc       0x2c ./Core/modbus/port/portevent.o
 .ARM.attributes
                0x0000000000000408       0x2c ./Core/modbus/port/portserial.o
 .ARM.attributes
                0x0000000000000434       0x2c ./Core/modbus/port/porttimer.o
 .ARM.attributes
                0x0000000000000460       0x2c ./Core/modbus/rtu/mbcrc.o
 .ARM.attributes
                0x000000000000048c       0x2c ./Core/modbus/rtu/mbrtu.o
 .ARM.attributes
                0x00000000000004b8       0x2c ./Drivers/STM32C0xx_HAL_Driver/Src/stm32c0xx_hal.o
 .ARM.attributes
                0x00000000000004e4       0x2c ./Drivers/STM32C0xx_HAL_Driver/Src/stm32c0xx_hal_cortex.o
 .ARM.attributes
                0x0000000000000510       0x2c ./Drivers/STM32C0xx_HAL_Driver/Src/stm32c0xx_hal_gpio.o
 .ARM.attributes
                0x000000000000053c       0x2c ./Drivers/STM32C0xx_HAL_Driver/Src/stm32c0xx_hal_i2c.o
 .ARM.attributes
                0x0000000000000568       0x2c ./Drivers/STM32C0xx_HAL_Driver/Src/stm32c0xx_hal_i2c_ex.o
 .ARM.attributes
                0x0000000000000594       0x2c ./Drivers/STM32C0xx_HAL_Driver/Src/stm32c0xx_hal_rcc.o
 .ARM.attributes
                0x00000000000005c0       0x2c ./Drivers/STM32C0xx_HAL_Driver/Src/stm32c0xx_hal_rcc_ex.o
 .ARM.attributes
                0x00000000000005ec       0x2c ./Drivers/STM32C0xx_HAL_Driver/Src/stm32c0xx_hal_spi.o
 .ARM.attributes
                0x0000000000000618       0x2c ./Drivers/STM32C0xx_HAL_Driver/Src/stm32c0xx_ll_exti.o
 .ARM.attributes
                0x0000000000000644       0x2c ./Drivers/STM32C0xx_HAL_Driver/Src/stm32c0xx_ll_gpio.o
 .ARM.attributes
                0x0000000000000670       0x2c ./Drivers/STM32C0xx_HAL_Driver/Src/stm32c0xx_ll_rcc.o
 .ARM.attributes
                0x000000000000069c       0x2c ./Drivers/STM32C0xx_HAL_Driver/Src/stm32c0xx_ll_tim.o
 .ARM.attributes
                0x00000000000006c8       0x2c ./Drivers/STM32C0xx_HAL_Driver/Src/stm32c0xx_ll_usart.o
 .ARM.attributes
                0x00000000000006f4       0x2c ./addons/Src/led.o
 .ARM.attributes
                0x0000000000000720       0x2c C:/ST/STM32CubeIDE_1.14.1/STM32CubeIDE/plugins/com.st.stm32cube.ide.mcu.externaltools.gnu-tools-for-stm32.11.3.rel1.win32_1.1.100.202309141235/tools/bin/../lib/gcc/arm-none-eabi/11.3.1/../../../../arm-none-eabi/lib/thumb/v6-m/nofp\libc_nano.a(libc_a-assert.o)
 .ARM.attributes
                0x000000000000074c       0x2c C:/ST/STM32CubeIDE_1.14.1/STM32CubeIDE/plugins/com.st.stm32cube.ide.mcu.externaltools.gnu-tools-for-stm32.11.3.rel1.win32_1.1.100.202309141235/tools/bin/../lib/gcc/arm-none-eabi/11.3.1/../../../../arm-none-eabi/lib/thumb/v6-m/nofp\libc_nano.a(libc_a-findfp.o)
 .ARM.attributes
                0x0000000000000778       0x2c C:/ST/STM32CubeIDE_1.14.1/STM32CubeIDE/plugins/com.st.stm32cube.ide.mcu.externaltools.gnu-tools-for-stm32.11.3.rel1.win32_1.1.100.202309141235/tools/bin/../lib/gcc/arm-none-eabi/11.3.1/../../../../arm-none-eabi/lib/thumb/v6-m/nofp\libc_nano.a(libc_a-fprintf.o)
 .ARM.attributes
                0x00000000000007a4       0x2c C:/ST/STM32CubeIDE_1.14.1/STM32CubeIDE/plugins/com.st.stm32cube.ide.mcu.externaltools.gnu-tools-for-stm32.11.3.rel1.win32_1.1.100.202309141235/tools/bin/../lib/gcc/arm-none-eabi/11.3.1/../../../../arm-none-eabi/lib/thumb/v6-m/nofp\libc_nano.a(libc_a-fwalk.o)
 .ARM.attributes
                0x00000000000007d0       0x2c C:/ST/STM32CubeIDE_1.14.1/STM32CubeIDE/plugins/com.st.stm32cube.ide.mcu.externaltools.gnu-tools-for-stm32.11.3.rel1.win32_1.1.100.202309141235/tools/bin/../lib/gcc/arm-none-eabi/11.3.1/../../../../arm-none-eabi/lib/thumb/v6-m/nofp\libc_nano.a(libc_a-stdio.o)
 .ARM.attributes
                0x00000000000007fc       0x2c C:/ST/STM32CubeIDE_1.14.1/STM32CubeIDE/plugins/com.st.stm32cube.ide.mcu.externaltools.gnu-tools-for-stm32.11.3.rel1.win32_1.1.100.202309141235/tools/bin/../lib/gcc/arm-none-eabi/11.3.1/../../../../arm-none-eabi/lib/thumb/v6-m/nofp\libc_nano.a(libc_a-memset.o)
 .ARM.attributes
                0x0000000000000828       0x2c C:/ST/STM32CubeIDE_1.14.1/STM32CubeIDE/plugins/com.st.stm32cube.ide.mcu.externaltools.gnu-tools-for-stm32.11.3.rel1.win32_1.1.100.202309141235/tools/bin/../lib/gcc/arm-none-eabi/11.3.1/../../../../arm-none-eabi/lib/thumb/v6-m/nofp\libc_nano.a(libc_a-closer.o)
 .ARM.attributes
                0x0000000000000854       0x2c C:/ST/STM32CubeIDE_1.14.1/STM32CubeIDE/plugins/com.st.stm32cube.ide.mcu.externaltools.gnu-tools-for-stm32.11.3.rel1.win32_1.1.100.202309141235/tools/bin/../lib/gcc/arm-none-eabi/11.3.1/../../../../arm-none-eabi/lib/thumb/v6-m/nofp\libc_nano.a(libc_a-reent.o)
 .ARM.attributes
                0x0000000000000880       0x2c C:/ST/STM32CubeIDE_1.14.1/STM32CubeIDE/plugins/com.st.stm32cube.ide.mcu.externaltools.gnu-tools-for-stm32.11.3.rel1.win32_1.1.100.202309141235/tools/bin/../lib/gcc/arm-none-eabi/11.3.1/../../../../arm-none-eabi/lib/thumb/v6-m/nofp\libc_nano.a(libc_a-impure.o)
 .ARM.attributes
                0x00000000000008ac       0x2c C:/ST/STM32CubeIDE_1.14.1/STM32CubeIDE/plugins/com.st.stm32cube.ide.mcu.externaltools.gnu-tools-for-stm32.11.3.rel1.win32_1.1.100.202309141235/tools/bin/../lib/gcc/arm-none-eabi/11.3.1/../../../../arm-none-eabi/lib/thumb/v6-m/nofp\libc_nano.a(libc_a-lseekr.o)
 .ARM.attributes
                0x00000000000008d8       0x2c C:/ST/STM32CubeIDE_1.14.1/STM32CubeIDE/plugins/com.st.stm32cube.ide.mcu.externaltools.gnu-tools-for-stm32.11.3.rel1.win32_1.1.100.202309141235/tools/bin/../lib/gcc/arm-none-eabi/11.3.1/../../../../arm-none-eabi/lib/thumb/v6-m/nofp\libc_nano.a(libc_a-readr.o)
 .ARM.attributes
                0x0000000000000904       0x2c C:/ST/STM32CubeIDE_1.14.1/STM32CubeIDE/plugins/com.st.stm32cube.ide.mcu.externaltools.gnu-tools-for-stm32.11.3.rel1.win32_1.1.100.202309141235/tools/bin/../lib/gcc/arm-none-eabi/11.3.1/../../../../arm-none-eabi/lib/thumb/v6-m/nofp\libc_nano.a(libc_a-writer.o)
 .ARM.attributes
                0x0000000000000930       0x2c C:/ST/STM32CubeIDE_1.14.1/STM32CubeIDE/plugins/com.st.stm32cube.ide.mcu.externaltools.gnu-tools-for-stm32.11.3.rel1.win32_1.1.100.202309141235/tools/bin/../lib/gcc/arm-none-eabi/11.3.1/../../../../arm-none-eabi/lib/thumb/v6-m/nofp\libc_nano.a(libc_a-errno.o)
 .ARM.attributes
                0x000000000000095c       0x2c C:/ST/STM32CubeIDE_1.14.1/STM32CubeIDE/plugins/com.st.stm32cube.ide.mcu.externaltools.gnu-tools-for-stm32.11.3.rel1.win32_1.1.100.202309141235/tools/bin/../lib/gcc/arm-none-eabi/11.3.1/../../../../arm-none-eabi/lib/thumb/v6-m/nofp\libc_nano.a(libc_a-init.o)
 .ARM.attributes
                0x0000000000000988       0x2c C:/ST/STM32CubeIDE_1.14.1/STM32CubeIDE/plugins/com.st.stm32cube.ide.mcu.externaltools.gnu-tools-for-stm32.11.3.rel1.win32_1.1.100.202309141235/tools/bin/../lib/gcc/arm-none-eabi/11.3.1/../../../../arm-none-eabi/lib/thumb/v6-m/nofp\libc_nano.a(libc_a-lock.o)
 .ARM.attributes
                0x00000000000009b4       0x2c C:/ST/STM32CubeIDE_1.14.1/STM32CubeIDE/plugins/com.st.stm32cube.ide.mcu.externaltools.gnu-tools-for-stm32.11.3.rel1.win32_1.1.100.202309141235/tools/bin/../lib/gcc/arm-none-eabi/11.3.1/../../../../arm-none-eabi/lib/thumb/v6-m/nofp\libc_nano.a(libc_a-memcpy-stub.o)
 .ARM.attributes
                0x00000000000009e0       0x2c C:/ST/STM32CubeIDE_1.14.1/STM32CubeIDE/plugins/com.st.stm32cube.ide.mcu.externaltools.gnu-tools-for-stm32.11.3.rel1.win32_1.1.100.202309141235/tools/bin/../lib/gcc/arm-none-eabi/11.3.1/../../../../arm-none-eabi/lib/thumb/v6-m/nofp\libc_nano.a(libc_a-abort.o)
 .ARM.attributes
                0x0000000000000a0c       0x2c C:/ST/STM32CubeIDE_1.14.1/STM32CubeIDE/plugins/com.st.stm32cube.ide.mcu.externaltools.gnu-tools-for-stm32.11.3.rel1.win32_1.1.100.202309141235/tools/bin/../lib/gcc/arm-none-eabi/11.3.1/../../../../arm-none-eabi/lib/thumb/v6-m/nofp\libc_nano.a(libc_a-freer.o)
 .ARM.attributes
                0x0000000000000a38       0x2c C:/ST/STM32CubeIDE_1.14.1/STM32CubeIDE/plugins/com.st.stm32cube.ide.mcu.externaltools.gnu-tools-for-stm32.11.3.rel1.win32_1.1.100.202309141235/tools/bin/../lib/gcc/arm-none-eabi/11.3.1/../../../../arm-none-eabi/lib/thumb/v6-m/nofp\libc_nano.a(libc_a-mallocr.o)
 .ARM.attributes
                0x0000000000000a64       0x2c C:/ST/STM32CubeIDE_1.14.1/STM32CubeIDE/plugins/com.st.stm32cube.ide.mcu.externaltools.gnu-tools-for-stm32.11.3.rel1.win32_1.1.100.202309141235/tools/bin/../lib/gcc/arm-none-eabi/11.3.1/../../../../arm-none-eabi/lib/thumb/v6-m/nofp\libc_nano.a(libc_a-mlock.o)
 .ARM.attributes
                0x0000000000000a90       0x2c C:/ST/STM32CubeIDE_1.14.1/STM32CubeIDE/plugins/com.st.stm32cube.ide.mcu.externaltools.gnu-tools-for-stm32.11.3.rel1.win32_1.1.100.202309141235/tools/bin/../lib/gcc/arm-none-eabi/11.3.1/../../../../arm-none-eabi/lib/thumb/v6-m/nofp\libc_nano.a(libc_a-nano-vfprintf.o)
 .ARM.attributes
                0x0000000000000abc       0x2c C:/ST/STM32CubeIDE_1.14.1/STM32CubeIDE/plugins/com.st.stm32cube.ide.mcu.externaltools.gnu-tools-for-stm32.11.3.rel1.win32_1.1.100.202309141235/tools/bin/../lib/gcc/arm-none-eabi/11.3.1/../../../../arm-none-eabi/lib/thumb/v6-m/nofp\libc_nano.a(libc_a-nano-vfprintf_i.o)
 .ARM.attributes
                0x0000000000000ae8       0x2c C:/ST/STM32CubeIDE_1.14.1/STM32CubeIDE/plugins/com.st.stm32cube.ide.mcu.externaltools.gnu-tools-for-stm32.11.3.rel1.win32_1.1.100.202309141235/tools/bin/../lib/gcc/arm-none-eabi/11.3.1/../../../../arm-none-eabi/lib/thumb/v6-m/nofp\libc_nano.a(libc_a-fflush.o)
 .ARM.attributes
                0x0000000000000b14       0x2c C:/ST/STM32CubeIDE_1.14.1/STM32CubeIDE/plugins/com.st.stm32cube.ide.mcu.externaltools.gnu-tools-for-stm32.11.3.rel1.win32_1.1.100.202309141235/tools/bin/../lib/gcc/arm-none-eabi/11.3.1/../../../../arm-none-eabi/lib/thumb/v6-m/nofp\libc_nano.a(libc_a-wbuf.o)
 .ARM.attributes
                0x0000000000000b40       0x2c C:/ST/STM32CubeIDE_1.14.1/STM32CubeIDE/plugins/com.st.stm32cube.ide.mcu.externaltools.gnu-tools-for-stm32.11.3.rel1.win32_1.1.100.202309141235/tools/bin/../lib/gcc/arm-none-eabi/11.3.1/../../../../arm-none-eabi/lib/thumb/v6-m/nofp\libc_nano.a(libc_a-wsetup.o)
 .ARM.attributes
                0x0000000000000b6c       0x2c C:/ST/STM32CubeIDE_1.14.1/STM32CubeIDE/plugins/com.st.stm32cube.ide.mcu.externaltools.gnu-tools-for-stm32.11.3.rel1.win32_1.1.100.202309141235/tools/bin/../lib/gcc/arm-none-eabi/11.3.1/../../../../arm-none-eabi/lib/thumb/v6-m/nofp\libc_nano.a(libc_a-signal.o)
 .ARM.attributes
                0x0000000000000b98       0x2c C:/ST/STM32CubeIDE_1.14.1/STM32CubeIDE/plugins/com.st.stm32cube.ide.mcu.externaltools.gnu-tools-for-stm32.11.3.rel1.win32_1.1.100.202309141235/tools/bin/../lib/gcc/arm-none-eabi/11.3.1/../../../../arm-none-eabi/lib/thumb/v6-m/nofp\libc_nano.a(libc_a-signalr.o)
 .ARM.attributes
                0x0000000000000bc4       0x2c C:/ST/STM32CubeIDE_1.14.1/STM32CubeIDE/plugins/com.st.stm32cube.ide.mcu.externaltools.gnu-tools-for-stm32.11.3.rel1.win32_1.1.100.202309141235/tools/bin/../lib/gcc/arm-none-eabi/11.3.1/../../../../arm-none-eabi/lib/thumb/v6-m/nofp\libc_nano.a(libc_a-sbrkr.o)
 .ARM.attributes
                0x0000000000000bf0       0x2c C:/ST/STM32CubeIDE_1.14.1/STM32CubeIDE/plugins/com.st.stm32cube.ide.mcu.externaltools.gnu-tools-for-stm32.11.3.rel1.win32_1.1.100.202309141235/tools/bin/../lib/gcc/arm-none-eabi/11.3.1/../../../../arm-none-eabi/lib/thumb/v6-m/nofp\libc_nano.a(libc_a-memchr-stub.o)
 .ARM.attributes
                0x0000000000000c1c       0x2c C:/ST/STM32CubeIDE_1.14.1/STM32CubeIDE/plugins/com.st.stm32cube.ide.mcu.externaltools.gnu-tools-for-stm32.11.3.rel1.win32_1.1.100.202309141235/tools/bin/../lib/gcc/arm-none-eabi/11.3.1/../../../../arm-none-eabi/lib/thumb/v6-m/nofp\libc_nano.a(libc_a-makebuf.o)
 .ARM.attributes
                0x0000000000000c48       0x2c C:/ST/STM32CubeIDE_1.14.1/STM32CubeIDE/plugins/com.st.stm32cube.ide.mcu.externaltools.gnu-tools-for-stm32.11.3.rel1.win32_1.1.100.202309141235/tools/bin/../lib/gcc/arm-none-eabi/11.3.1/../../../../arm-none-eabi/lib/thumb/v6-m/nofp\libc_nano.a(libc_a-fstatr.o)
 .ARM.attributes
                0x0000000000000c74       0x2c C:/ST/STM32CubeIDE_1.14.1/STM32CubeIDE/plugins/com.st.stm32cube.ide.mcu.externaltools.gnu-tools-for-stm32.11.3.rel1.win32_1.1.100.202309141235/tools/bin/../lib/gcc/arm-none-eabi/11.3.1/../../../../arm-none-eabi/lib/thumb/v6-m/nofp\libc_nano.a(libc_a-isattyr.o)
 .ARM.attributes
                0x0000000000000ca0       0x1e C:/ST/STM32CubeIDE_1.14.1/STM32CubeIDE/plugins/com.st.stm32cube.ide.mcu.externaltools.gnu-tools-for-stm32.11.3.rel1.win32_1.1.100.202309141235/tools/bin/../lib/gcc/arm-none-eabi/11.3.1/thumb/v6-m/nofp\libgcc.a(_thumb1_case_shi.o)
 .ARM.attributes
                0x0000000000000cbe       0x1e C:/ST/STM32CubeIDE_1.14.1/STM32CubeIDE/plugins/com.st.stm32cube.ide.mcu.externaltools.gnu-tools-for-stm32.11.3.rel1.win32_1.1.100.202309141235/tools/bin/../lib/gcc/arm-none-eabi/11.3.1/thumb/v6-m/nofp\libgcc.a(_udivsi3.o)
 .ARM.attributes
                0x0000000000000cdc       0x1e C:/ST/STM32CubeIDE_1.14.1/STM32CubeIDE/plugins/com.st.stm32cube.ide.mcu.externaltools.gnu-tools-for-stm32.11.3.rel1.win32_1.1.100.202309141235/tools/bin/../lib/gcc/arm-none-eabi/11.3.1/thumb/v6-m/nofp\libgcc.a(_dvmd_tls.o)
 .ARM.attributes
                0x0000000000000cfa       0x1e C:/ST/STM32CubeIDE_1.14.1/STM32CubeIDE/plugins/com.st.stm32cube.ide.mcu.externaltools.gnu-tools-for-stm32.11.3.rel1.win32_1.1.100.202309141235/tools/bin/../lib/gcc/arm-none-eabi/11.3.1/thumb/v6-m/nofp\libgcc.a(_clzsi2.o)
 .ARM.attributes
                0x0000000000000d18       0x1e C:/ST/STM32CubeIDE_1.14.1/STM32CubeIDE/plugins/com.st.stm32cube.ide.mcu.externaltools.gnu-tools-for-stm32.11.3.rel1.win32_1.1.100.202309141235/tools/bin/../lib/gcc/arm-none-eabi/11.3.1/thumb/v6-m/nofp/crtn.o
OUTPUT(ACE_LED_Ring.elf elf32-littlearm)
LOAD linker stubs
LOAD C:/ST/STM32CubeIDE_1.14.1/STM32CubeIDE/plugins/com.st.stm32cube.ide.mcu.externaltools.gnu-tools-for-stm32.11.3.rel1.win32_1.1.100.202309141235/tools/bin/../lib/gcc/arm-none-eabi/11.3.1/../../../../arm-none-eabi/lib/thumb/v6-m/nofp\libc.a
LOAD C:/ST/STM32CubeIDE_1.14.1/STM32CubeIDE/plugins/com.st.stm32cube.ide.mcu.externaltools.gnu-tools-for-stm32.11.3.rel1.win32_1.1.100.202309141235/tools/bin/../lib/gcc/arm-none-eabi/11.3.1/../../../../arm-none-eabi/lib/thumb/v6-m/nofp\libm.a
LOAD C:/ST/STM32CubeIDE_1.14.1/STM32CubeIDE/plugins/com.st.stm32cube.ide.mcu.externaltools.gnu-tools-for-stm32.11.3.rel1.win32_1.1.100.202309141235/tools/bin/../lib/gcc/arm-none-eabi/11.3.1/thumb/v6-m/nofp\libgcc.a

.comment        0x0000000000000000       0x43
 .comment       0x0000000000000000       0x43 C:/ST/STM32CubeIDE_1.14.1/STM32CubeIDE/plugins/com.st.stm32cube.ide.mcu.externaltools.gnu-tools-for-stm32.11.3.rel1.win32_1.1.100.202309141235/tools/bin/../lib/gcc/arm-none-eabi/11.3.1/thumb/v6-m/nofp/crtbegin.o
                                         0x44 (size before relaxing)
 .comment       0x0000000000000043       0x44 ./Core/Src/dma.o
 .comment       0x0000000000000043       0x44 ./Core/Src/gpio.o
 .comment       0x0000000000000043       0x44 ./Core/Src/i2c.o
 .comment       0x0000000000000043       0x44 ./Core/Src/main.o
 .comment       0x0000000000000043       0x44 ./Core/Src/spi.o
 .comment       0x0000000000000043       0x44 ./Core/Src/stm32c0xx_hal_msp.o
 .comment       0x0000000000000043       0x44 ./Core/Src/stm32c0xx_it.o
 .comment       0x0000000000000043       0x44 ./Core/Src/syscalls.o
 .comment       0x0000000000000043       0x44 ./Core/Src/sysmem.o
 .comment       0x0000000000000043       0x44 ./Core/Src/system_stm32c0xx.o
 .comment       0x0000000000000043       0x44 ./Core/Src/tim.o
 .comment       0x0000000000000043       0x44 ./Core/Src/usart.o
 .comment       0x0000000000000043       0x44 ./Core/modbus/functions/mbfunccoils.o
 .comment       0x0000000000000043       0x44 ./Core/modbus/functions/mbfuncdisc.o
 .comment       0x0000000000000043       0x44 ./Core/modbus/functions/mbfuncholding.o
 .comment       0x0000000000000043       0x44 ./Core/modbus/functions/mbfuncinput.o
 .comment       0x0000000000000043       0x44 ./Core/modbus/functions/mbfuncother.o
 .comment       0x0000000000000043       0x44 ./Core/modbus/functions/mbutils.o
 .comment       0x0000000000000043       0x44 ./Core/modbus/mb.o
 .comment       0x0000000000000043       0x44 ./Core/modbus/port/port.o
 .comment       0x0000000000000043       0x44 ./Core/modbus/port/portevent.o
 .comment       0x0000000000000043       0x44 ./Core/modbus/port/portserial.o
 .comment       0x0000000000000043       0x44 ./Core/modbus/port/porttimer.o
 .comment       0x0000000000000043       0x44 ./Core/modbus/rtu/mbcrc.o
 .comment       0x0000000000000043       0x44 ./Core/modbus/rtu/mbrtu.o
 .comment       0x0000000000000043       0x44 ./Drivers/STM32C0xx_HAL_Driver/Src/stm32c0xx_hal.o
 .comment       0x0000000000000043       0x44 ./Drivers/STM32C0xx_HAL_Driver/Src/stm32c0xx_hal_cortex.o
 .comment       0x0000000000000043       0x44 ./Drivers/STM32C0xx_HAL_Driver/Src/stm32c0xx_hal_gpio.o
 .comment       0x0000000000000043       0x44 ./Drivers/STM32C0xx_HAL_Driver/Src/stm32c0xx_hal_i2c.o
 .comment       0x0000000000000043       0x44 ./Drivers/STM32C0xx_HAL_Driver/Src/stm32c0xx_hal_i2c_ex.o
 .comment       0x0000000000000043       0x44 ./Drivers/STM32C0xx_HAL_Driver/Src/stm32c0xx_hal_rcc.o
 .comment       0x0000000000000043       0x44 ./Drivers/STM32C0xx_HAL_Driver/Src/stm32c0xx_hal_rcc_ex.o