Archive member included to satisfy reference by file (symbol)

c:/st/stm32cubeide_1.12.0/stm32cubeide/plugins/com.st.stm32cube.ide.mcu.externaltools.gnu-tools-for-stm32.10.3-2021.10.win32_1.0.200.202301161003/tools/bin/../lib/gcc/arm-none-eabi/10.3.1/../../../../arm-none-eabi/lib/thumb/v6-m/nofp\libc_nano.a(lib_a-errno.o)
                              ./Core/Src/syscalls.o (__errno)
c:/st/stm32cubeide_1.12.0/stm32cubeide/plugins/com.st.stm32cube.ide.mcu.externaltools.gnu-tools-for-stm32.10.3-2021.10.win32_1.0.200.202301161003/tools/bin/../lib/gcc/arm-none-eabi/10.3.1/../../../../arm-none-eabi/lib/thumb/v6-m/nofp\libc_nano.a(lib_a-exit.o)
                              c:/st/stm32cubeide_1.12.0/stm32cubeide/plugins/com.st.stm32cube.ide.mcu.externaltools.gnu-tools-for-stm32.10.3-2021.10.win32_1.0.200.202301161003/tools/bin/../lib/gcc/arm-none-eabi/10.3.1/../../../../arm-none-eabi/lib/thumb/v6-m/nofp/crt0.o (exit)
c:/st/stm32cubeide_1.12.0/stm32cubeide/plugins/com.st.stm32cube.ide.mcu.externaltools.gnu-tools-for-stm32.10.3-2021.10.win32_1.0.200.202301161003/tools/bin/../lib/gcc/arm-none-eabi/10.3.1/../../../../arm-none-eabi/lib/thumb/v6-m/nofp\libc_nano.a(lib_a-impure.o)
                              c:/st/stm32cubeide_1.12.0/stm32cubeide/plugins/com.st.stm32cube.ide.mcu.externaltools.gnu-tools-for-stm32.10.3-2021.10.win32_1.0.200.202301161003/tools/bin/../lib/gcc/arm-none-eabi/10.3.1/../../../../arm-none-eabi/lib/thumb/v6-m/nofp\libc_nano.a(lib_a-exit.o) (_global_impure_ptr)
c:/st/stm32cubeide_1.12.0/stm32cubeide/plugins/com.st.stm32cube.ide.mcu.externaltools.gnu-tools-for-stm32.10.3-2021.10.win32_1.0.200.202301161003/tools/bin/../lib/gcc/arm-none-eabi/10.3.1/../../../../arm-none-eabi/lib/thumb/v6-m/nofp\libc_nano.a(lib_a-init.o)
                              c:/st/stm32cubeide_1.12.0/stm32cubeide/plugins/com.st.stm32cube.ide.mcu.externaltools.gnu-tools-for-stm32.10.3-2021.10.win32_1.0.200.202301161003/tools/bin/../lib/gcc/arm-none-eabi/10.3.1/../../../../arm-none-eabi/lib/thumb/v6-m/nofp/crt0.o (__libc_init_array)
c:/st/stm32cubeide_1.12.0/stm32cubeide/plugins/com.st.stm32cube.ide.mcu.externaltools.gnu-tools-for-stm32.10.3-2021.10.win32_1.0.200.202301161003/tools/bin/../lib/gcc/arm-none-eabi/10.3.1/../../../../arm-none-eabi/lib/thumb/v6-m/nofp\libc_nano.a(lib_a-memset.o)
                              c:/st/stm32cubeide_1.12.0/stm32cubeide/plugins/com.st.stm32cube.ide.mcu.externaltools.gnu-tools-for-stm32.10.3-2021.10.win32_1.0.200.202301161003/tools/bin/../lib/gcc/arm-none-eabi/10.3.1/../../../../arm-none-eabi/lib/thumb/v6-m/nofp/crt0.o (memset)
c:/st/stm32cubeide_1.12.0/stm32cubeide/plugins/com.st.stm32cube.ide.mcu.externaltools.gnu-tools-for-stm32.10.3-2021.10.win32_1.0.200.202301161003/tools/bin/../lib/gcc/arm-none-eabi/10.3.1/thumb/v6-m/nofp\libgcc.a(_udivsi3.o)
                              ./Core/Src/system_stm32c0xx.o (__aeabi_uidiv)
c:/st/stm32cubeide_1.12.0/stm32cubeide/plugins/com.st.stm32cube.ide.mcu.externaltools.gnu-tools-for-stm32.10.3-2021.10.win32_1.0.200.202301161003/tools/bin/../lib/gcc/arm-none-eabi/10.3.1/thumb/v6-m/nofp\libgcc.a(_divsi3.o)
                              ./Drivers/STM32C0xx_HAL_Driver/Src/stm32c0xx_hal_uart_ex.o (__aeabi_idiv)
c:/st/stm32cubeide_1.12.0/stm32cubeide/plugins/com.st.stm32cube.ide.mcu.externaltools.gnu-tools-for-stm32.10.3-2021.10.win32_1.0.200.202301161003/tools/bin/../lib/gcc/arm-none-eabi/10.3.1/thumb/v6-m/nofp\libgcc.a(_dvmd_tls.o)
                              c:/st/stm32cubeide_1.12.0/stm32cubeide/plugins/com.st.stm32cube.ide.mcu.externaltools.gnu-tools-for-stm32.10.3-2021.10.win32_1.0.200.202301161003/tools/bin/../lib/gcc/arm-none-eabi/10.3.1/thumb/v6-m/nofp\libgcc.a(_udivsi3.o) (__aeabi_idiv0)
c:/st/stm32cubeide_1.12.0/stm32cubeide/plugins/com.st.stm32cube.ide.mcu.externaltools.gnu-tools-for-stm32.10.3-2021.10.win32_1.0.200.202301161003/tools/bin/../lib/gcc/arm-none-eabi/10.3.1/thumb/v6-m/nofp\libgcc.a(_clzsi2.o)
                              ./Core/Src/gpio.o (__clzsi2)

Discarded input sections

 .text          0x0000000000000000        0x0 c:/st/stm32cubeide_1.12.0/stm32cubeide/plugins/com.st.stm32cube.ide.mcu.externaltools.gnu-tools-for-stm32.10.3-2021.10.win32_1.0.200.202301161003/tools/bin/../lib/gcc/arm-none-eabi/10.3.1/thumb/v6-m/nofp/crti.o
 .data          0x0000000000000000        0x0 c:/st/stm32cubeide_1.12.0/stm32cubeide/plugins/com.st.stm32cube.ide.mcu.externaltools.gnu-tools-for-stm32.10.3-2021.10.win32_1.0.200.202301161003/tools/bin/../lib/gcc/arm-none-eabi/10.3.1/thumb/v6-m/nofp/crti.o
 .bss           0x0000000000000000        0x0 c:/st/stm32cubeide_1.12.0/stm32cubeide/plugins/com.st.stm32cube.ide.mcu.externaltools.gnu-tools-for-stm32.10.3-2021.10.win32_1.0.200.202301161003/tools/bin/../lib/gcc/arm-none-eabi/10.3.1/thumb/v6-m/nofp/crti.o
[...]
Memory Configuration

Name             Origin             Length             Attributes
RAM              0x0000000020000000 0x0000000000003000 xrw
FLASH            0x0000000008000000 0x0000000000008000 xr
*default*        0x0000000000000000 0xffffffffffffffff

Linker script and memory map

LOAD c:/st/stm32cubeide_1.12.0/stm32cubeide/plugins/com.st.stm32cube.ide.mcu.externaltools.gnu-tools-for-stm32.10.3-2021.10.win32_1.0.200.202301161003/tools/bin/../lib/gcc/arm-none-eabi/10.3.1/thumb/v6-m/nofp/crti.o
LOAD c:/st/stm32cubeide_1.12.0/stm32cubeide/plugins/com.st.stm32cube.ide.mcu.externaltools.gnu-tools-for-stm32.10.3-2021.10.win32_1.0.200.202301161003/tools/bin/../lib/gcc/arm-none-eabi/10.3.1/thumb/v6-m/nofp/crtbegin.o
LOAD c:/st/stm32cubeide_1.12.0/stm32cubeide/plugins/com.st.stm32cube.ide.mcu.externaltools.gnu-tools-for-stm32.10.3-2021.10.win32_1.0.200.202301161003/tools/bin/../lib/gcc/arm-none-eabi/10.3.1/../../../../arm-none-eabi/lib/thumb/v6-m/nofp/crt0.o
LOAD ./Core/Src/gpio.o
LOAD ./Core/Src/i2c.o
LOAD ./Core/Src/main.o
LOAD ./Core/Src/spi.o
LOAD ./Core/Src/stm32c0xx_hal_msp.o
LOAD ./Core/Src/stm32c0xx_it.o
LOAD ./Core/Src/syscalls.o
LOAD ./Core/Src/sysmem.o
LOAD ./Core/Src/system_stm32c0xx.o
LOAD ./Core/Src/usart.o
LOAD ./Core/Startup/startup_stm32c031g6ux.o
LOAD ./Drivers/STM32C0xx_HAL_Driver/Src/stm32c0xx_hal.o
LOAD ./Drivers/STM32C0xx_HAL_Driver/Src/stm32c0xx_hal_cortex.o
LOAD ./Drivers/STM32C0xx_HAL_Driver/Src/stm32c0xx_hal_dma.o
LOAD ./Drivers/STM32C0xx_HAL_Driver/Src/stm32c0xx_hal_dma_ex.o
LOAD ./Drivers/STM32C0xx_HAL_Driver/Src/stm32c0xx_hal_exti.o
LOAD ./Drivers/STM32C0xx_HAL_Driver/Src/stm32c0xx_hal_flash.o
LOAD ./Drivers/STM32C0xx_HAL_Driver/Src/stm32c0xx_hal_flash_ex.o
LOAD ./Drivers/STM32C0xx_HAL_Driver/Src/stm32c0xx_hal_gpio.o
LOAD ./Drivers/STM32C0xx_HAL_Driver/Src/stm32c0xx_hal_i2c.o
LOAD ./Drivers/STM32C0xx_HAL_Driver/Src/stm32c0xx_hal_i2c_ex.o
LOAD ./Drivers/STM32C0xx_HAL_Driver/Src/stm32c0xx_hal_pwr.o
LOAD ./Drivers/STM32C0xx_HAL_Driver/Src/stm32c0xx_hal_pwr_ex.o
LOAD ./Drivers/STM32C0xx_HAL_Driver/Src/stm32c0xx_hal_rcc.o
LOAD ./Drivers/STM32C0xx_HAL_Driver/Src/stm32c0xx_hal_rcc_ex.o
LOAD ./Drivers/STM32C0xx_HAL_Driver/Src/stm32c0xx_hal_spi.o
LOAD ./Drivers/STM32C0xx_HAL_Driver/Src/stm32c0xx_hal_spi_ex.o
LOAD ./Drivers/STM32C0xx_HAL_Driver/Src/stm32c0xx_hal_uart.o
LOAD ./Drivers/STM32C0xx_HAL_Driver/Src/stm32c0xx_hal_uart_ex.o
LOAD ./Drivers/STM32C0xx_HAL_Driver/Src/stm32c0xx_ll_exti.o
LOAD ./Drivers/STM32C0xx_HAL_Driver/Src/stm32c0xx_ll_gpio.o
LOAD ./Drivers/STM32C0xx_HAL_Driver/Src/stm32c0xx_ll_rcc.o
LOAD ./Drivers/STM32C0xx_HAL_Driver/Src/stm32c0xx_ll_utils.o
START GROUP
LOAD c:/st/stm32cubeide_1.12.0/stm32cubeide/plugins/com.st.stm32cube.ide.mcu.externaltools.gnu-tools-for-stm32.10.3-2021.10.win32_1.0.200.202301161003/tools/bin/../lib/gcc/arm-none-eabi/10.3.1/../../../../arm-none-eabi/lib/thumb/v6-m/nofp\libc_nano.a
LOAD c:/st/stm32cubeide_1.12.0/stm32cubeide/plugins/com.st.stm32cube.ide.mcu.externaltools.gnu-tools-for-stm32.10.3-2021.10.win32_1.0.200.202301161003/tools/bin/../lib/gcc/arm-none-eabi/10.3.1/../../../../arm-none-eabi/lib/thumb/v6-m/nofp\libm.a
END GROUP
START GROUP
LOAD c:/st/stm32cubeide_1.12.0/stm32cubeide/plugins/com.st.stm32cube.ide.mcu.externaltools.gnu-tools-for-stm32.10.3-2021.10.win32_1.0.200.202301161003/tools/bin/../lib/gcc/arm-none-eabi/10.3.1/thumb/v6-m/nofp\libgcc.a
LOAD c:/st/stm32cubeide_1.12.0/stm32cubeide/plugins/com.st.stm32cube.ide.mcu.externaltools.gnu-tools-for-stm32.10.3-2021.10.win32_1.0.200.202301161003/tools/bin/../lib/gcc/arm-none-eabi/10.3.1/../../../../arm-none-eabi/lib/thumb/v6-m/nofp\libc_nano.a
END GROUP
START GROUP
LOAD c:/st/stm32cubeide_1.12.0/stm32cubeide/plugins/com.st.stm32cube.ide.mcu.externaltools.gnu-tools-for-stm32.10.3-2021.10.win32_1.0.200.202301161003/tools/bin/../lib/gcc/arm-none-eabi/10.3.1/thumb/v6-m/nofp\libgcc.a
LOAD c:/st/stm32cubeide_1.12.0/stm32cubeide/plugins/com.st.stm32cube.ide.mcu.externaltools.gnu-tools-for-stm32.10.3-2021.10.win32_1.0.200.202301161003/tools/bin/../lib/gcc/arm-none-eabi/10.3.1/../../../../arm-none-eabi/lib/thumb/v6-m/nofp\libc_nano.a
LOAD c:/st/stm32cubeide_1.12.0/stm32cubeide/plugins/com.st.stm32cube.ide.mcu.externaltools.gnu-tools-for-stm32.10.3-2021.10.win32_1.0.200.202301161003/tools/bin/../lib/gcc/arm-none-eabi/10.3.1/../../../../arm-none-eabi/lib/thumb/v6-m/nofp\libnosys.a
END GROUP
START GROUP
LOAD c:/st/stm32cubeide_1.12.0/stm32cubeide/plugins/com.st.stm32cube.ide.mcu.externaltools.gnu-tools-for-stm32.10.3-2021.10.win32_1.0.200.202301161003/tools/bin/../lib/gcc/arm-none-eabi/10.3.1/thumb/v6-m/nofp\libgcc.a
LOAD c:/st/stm32cubeide_1.12.0/stm32cubeide/plugins/com.st.stm32cube.ide.mcu.externaltools.gnu-tools-for-stm32.10.3-2021.10.win32_1.0.200.202301161003/tools/bin/../lib/gcc/arm-none-eabi/10.3.1/../../../../arm-none-eabi/lib/thumb/v6-m/nofp\libc_nano.a
LOAD c:/st/stm32cubeide_1.12.0/stm32cubeide/plugins/com.st.stm32cube.ide.mcu.externaltools.gnu-tools-for-stm32.10.3-2021.10.win32_1.0.200.202301161003/tools/bin/../lib/gcc/arm-none-eabi/10.3.1/../../../../arm-none-eabi/lib/thumb/v6-m/nofp\libnosys.a
END GROUP
LOAD c:/st/stm32cubeide_1.12.0/stm32cubeide/plugins/com.st.stm32cube.ide.mcu.externaltools.gnu-tools-for-stm32.10.3-2021.10.win32_1.0.200.202301161003/tools/bin/../lib/gcc/arm-none-eabi/10.3.1/thumb/v6-m/nofp/crtend.o
LOAD c:/st/stm32cubeide_1.12.0/stm32cubeide/plugins/com.st.stm32cube.ide.mcu.externaltools.gnu-tools-for-stm32.10.3-2021.10.win32_1.0.200.202301161003/tools/bin/../lib/gcc/arm-none-eabi/10.3.1/thumb/v6-m/nofp/crtn.o
                0x0000000020003000                _estack = (ORIGIN (RAM) + LENGTH (RAM))
                0x0000000000000200                _Min_Heap_Size = 0x200
                0x0000000000000400                _Min_Stack_Size = 0x400

.isr_vector     0x0000000008000000       0xc0
                0x0000000008000000                . = ALIGN (0x4)
 *(.isr_vector)
 .isr_vector    0x0000000008000000       0xc0 ./Core/Startup/startup_stm32c031g6ux.o
                0x0000000008000000                g_pfnVectors
                0x00000000080000c0                . = ALIGN (0x4)

.text           0x00000000080000c0     0x3554
                0x00000000080000c0                . = ALIGN (0x4)
 *(.text)
 .text          0x00000000080000c0       0x48 c:/st/stm32cubeide_1.12.0/stm32cubeide/plugins/com.st.stm32cube.ide.mcu.externaltools.gnu-tools-for-stm32.10.3-2021.10.win32_1.0.200.202301161003/tools/bin/../lib/gcc/arm-none-eabi/10.3.1/thumb/v6-m/nofp/crtbegin.o
 .text          0x0000000008000108      0x114 c:/st/stm32cubeide_1.12.0/stm32cubeide/plugins/com.st.stm32cube.ide.mcu.externaltools.gnu-tools-for-stm32.10.3-2021.10.win32_1.0.200.202301161003/tools/bin/../lib/gcc/arm-none-eabi/10.3.1/thumb/v6-m/nofp\libgcc.a(_udivsi3.o)
                0x0000000008000108                __aeabi_uidiv
                0x0000000008000108                __udivsi3
                0x0000000008000214                __aeabi_uidivmod
 .text          0x000000000800021c        0x4 c:/st/stm32cubeide_1.12.0/stm32cubeide/plugins/com.st.stm32cube.ide.mcu.externaltools.gnu-tools-for-stm32.10.3-2021.10.win32_1.0.200.202301161003/tools/bin/../lib/gcc/arm-none-eabi/10.3.1/thumb/v6-m/nofp\libgcc.a(_dvmd_tls.o)
                0x000000000800021c                __aeabi_idiv0
                0x000000000800021c                __aeabi_ldiv0
 .text          0x0000000008000220       0x3c c:/st/stm32cubeide_1.12.0/stm32cubeide/plugins/com.st.stm32cube.ide.mcu.externaltools.gnu-tools-for-stm32.10.3-2021.10.win32_1.0.200.202301161003/tools/bin/../lib/gcc/arm-none-eabi/10.3.1/thumb/v6-m/nofp\libgcc.a(_clzsi2.o)
                0x0000000008000220                __clzsi2
 *(.text*)
 .text.LL_GPIO_SetPinMode
                0x000000000800025c       0xe8 ./Core/Src/gpio.o
 .text.LL_GPIO_SetPinPull
                0x0000000008000344       0xe8 ./Core/Src/gpio.o
 .text.LL_GPIO_ResetOutputPin
                0x000000000800042c       0x18 ./Core/Src/gpio.o
 .text.LL_EXTI_SetEXTISource
                0x0000000008000444       0x4c ./Core/Src/gpio.o
 .text.LL_IOP_GRP1_EnableClock
                0x0000000008000490       0x2c ./Core/Src/gpio.o
 .text.MX_GPIO_Init
                0x00000000080004bc      0x268 ./Core/Src/gpio.o
                0x00000000080004bc                MX_GPIO_Init
 .text.MX_I2C1_Init
                0x0000000008000724       0x80 ./Core/Src/i2c.o
                0x0000000008000724                MX_I2C1_Init
 .text.HAL_I2C_MspInit
                0x00000000080007a4      0x110 ./Core/Src/i2c.o
                0x00000000080007a4                HAL_I2C_MspInit
 .text.main     0x00000000080008b4      0x11c ./Core/Src/main.o
                0x00000000080008b4                main
 .text.SystemClock_Config
                0x00000000080009d0       0x86 ./Core/Src/main.o
                0x00000000080009d0                SystemClock_Config
 .text.Error_Handler
                0x0000000008000a56        0xa ./Core/Src/main.o
                0x0000000008000a56                Error_Handler
 .text.MX_SPI1_Init
                0x0000000008000a60       0x74 ./Core/Src/spi.o
                0x0000000008000a60                MX_SPI1_Init
 .text.HAL_SPI_MspInit
                0x0000000008000ad4      0x110 ./Core/Src/spi.o
                0x0000000008000ad4                HAL_SPI_MspInit
 .text.HAL_MspInit
                0x0000000008000be4       0x48 ./Core/Src/stm32c0xx_hal_msp.o
                0x0000000008000be4                HAL_MspInit
 .text.NMI_Handler
                0x0000000008000c2c        0x6 ./Core/Src/stm32c0xx_it.o
                0x0000000008000c2c                NMI_Handler
 .text.HardFault_Handler
                0x0000000008000c32        0x6 ./Core/Src/stm32c0xx_it.o
                0x0000000008000c32                HardFault_Handler
 .text.SVC_Handler
                0x0000000008000c38        0xa ./Core/Src/stm32c0xx_it.o
                0x0000000008000c38                SVC_Handler
 .text.PendSV_Handler
                0x0000000008000c42        0xa ./Core/Src/stm32c0xx_it.o
                0x0000000008000c42                PendSV_Handler
 .text.SysTick_Handler
                0x0000000008000c4c        0xe ./Core/Src/stm32c0xx_it.o
                0x0000000008000c4c                SysTick_Handler
 *fill*         0x0000000008000c5a        0x2 
 .text.SystemInit
                0x0000000008000c5c       0x18 ./Core/Src/system_stm32c0xx.o
                0x0000000008000c5c                SystemInit
 .text.MX_USART2_UART_Init
                0x0000000008000c74       0x6c ./Core/Src/usart.o
                0x0000000008000c74                MX_USART2_UART_Init
 .text.HAL_UART_MspInit
                0x0000000008000ce0       0x94 ./Core/Src/usart.o
                0x0000000008000ce0                HAL_UART_MspInit
 .text.Reset_Handler
                0x0000000008000d74       0x50 ./Core/Startup/startup_stm32c031g6ux.o
                0x0000000008000d74                Reset_Handler
 .text.Default_Handler
                0x0000000008000dc4        0x2 ./Core/Startup/startup_stm32c031g6ux.o
                0x0000000008000dc4                TIM1_CC_IRQHandler
                0x0000000008000dc4                I2C1_IRQHandler
                0x0000000008000dc4                DMAMUX1_IRQHandler
                0x0000000008000dc4                SPI1_IRQHandler
                0x0000000008000dc4                EXTI2_3_IRQHandler
                0x0000000008000dc4                ADC1_IRQHandler
                0x0000000008000dc4                TIM17_IRQHandler
                0x0000000008000dc4                RTC_IRQHandler
                0x0000000008000dc4                TIM16_IRQHandler
                0x0000000008000dc4                TIM3_IRQHandler
                0x0000000008000dc4                EXTI4_15_IRQHandler
                0x0000000008000dc4                RCC_IRQHandler
                0x0000000008000dc4                DMA1_Channel1_IRQHandler
                0x0000000008000dc4                Default_Handler
                0x0000000008000dc4                TIM14_IRQHandler
                0x0000000008000dc4                EXTI0_1_IRQHandler
                0x0000000008000dc4                WWDG_IRQHandler
                0x0000000008000dc4                DMA1_Channel2_3_IRQHandler
                0x0000000008000dc4                USART2_IRQHandler
                0x0000000008000dc4                FLASH_IRQHandler
                0x0000000008000dc4                USART1_IRQHandler
                0x0000000008000dc4                TIM1_BRK_UP_TRG_COM_IRQHandler
 .text.HAL_Init
                0x0000000008000dc6       0x2e ./Drivers/STM32C0xx_HAL_Driver/Src/stm32c0xx_hal.o
                0x0000000008000dc6                HAL_Init
 .text.HAL_InitTick
                0x0000000008000df4       0x94 ./Drivers/STM32C0xx_HAL_Driver/Src/stm32c0xx_hal.o
                0x0000000008000df4                HAL_InitTick
 .text.HAL_IncTick
                0x0000000008000e88       0x20 ./Drivers/STM32C0xx_HAL_Driver/Src/stm32c0xx_hal.o
                0x0000000008000e88                HAL_IncTick
 .text.HAL_GetTick
                0x0000000008000ea8       0x14 ./Drivers/STM32C0xx_HAL_Driver/Src/stm32c0xx_hal.o
                0x0000000008000ea8                HAL_GetTick
 .text.__NVIC_SetPriority
                0x0000000008000ebc       0xdc ./Drivers/STM32C0xx_HAL_Driver/Src/stm32c0xx_hal_cortex.o
 .text.SysTick_Config
                0x0000000008000f98       0x48 ./Drivers/STM32C0xx_HAL_Driver/Src/stm32c0xx_hal_cortex.o
 .text.HAL_NVIC_SetPriority
                0x0000000008000fe0       0x2a ./Drivers/STM32C0xx_HAL_Driver/Src/stm32c0xx_hal_cortex.o
                0x0000000008000fe0                HAL_NVIC_SetPriority
 .text.HAL_SYSTICK_Config
                0x000000000800100a       0x1a ./Drivers/STM32C0xx_HAL_Driver/Src/stm32c0xx_hal_cortex.o
                0x000000000800100a                HAL_SYSTICK_Config
 .text.HAL_GPIO_Init
                0x0000000008001024      0x2e4 ./Drivers/STM32C0xx_HAL_Driver/Src/stm32c0xx_hal_gpio.o
                0x0000000008001024                HAL_GPIO_Init
 .text.HAL_I2C_Init
                0x0000000008001308      0x12c ./Drivers/STM32C0xx_HAL_Driver/Src/stm32c0xx_hal_i2c.o
                0x0000000008001308                HAL_I2C_Init
 .text.HAL_I2C_Master_Transmit
                0x0000000008001434      0x210 ./Drivers/STM32C0xx_HAL_Driver/Src/stm32c0xx_hal_i2c.o
                0x0000000008001434                HAL_I2C_Master_Transmit
 .text.I2C_Flush_TXDR
                0x0000000008001644       0x44 ./Drivers/STM32C0xx_HAL_Driver/Src/stm32c0xx_hal_i2c.o
 .text.I2C_WaitOnFlagUntilTimeout
                0x0000000008001688       0x7e ./Drivers/STM32C0xx_HAL_Driver/Src/stm32c0xx_hal_i2c.o
 .text.I2C_WaitOnTXISFlagUntilTimeout
                0x0000000008001706       0x7e ./Drivers/STM32C0xx_HAL_Driver/Src/stm32c0xx_hal_i2c.o
 .text.I2C_WaitOnSTOPFlagUntilTimeout
                0x0000000008001784       0x78 ./Drivers/STM32C0xx_HAL_Driver/Src/stm32c0xx_hal_i2c.o
 .text.I2C_IsErrorOccurred
                0x00000000080017fc      0x218 ./Drivers/STM32C0xx_HAL_Driver/Src/stm32c0xx_hal_i2c.o
 .text.I2C_TransferConfig
                0x0000000008001a14       0x74 ./Drivers/STM32C0xx_HAL_Driver/Src/stm32c0xx_hal_i2c.o
 .text.HAL_I2CEx_ConfigAnalogFilter
                0x0000000008001a88       0x98 ./Drivers/STM32C0xx_HAL_Driver/Src/stm32c0xx_hal_i2c_ex.o
                0x0000000008001a88                HAL_I2CEx_ConfigAnalogFilter
 .text.HAL_I2CEx_ConfigDigitalFilter
                0x0000000008001b20       0x98 ./Drivers/STM32C0xx_HAL_Driver/Src/stm32c0xx_hal_i2c_ex.o
                0x0000000008001b20                HAL_I2CEx_ConfigDigitalFilter
 .text.HAL_RCC_OscConfig
                0x0000000008001bb8      0x3f4 ./Drivers/STM32C0xx_HAL_Driver/Src/stm32c0xx_hal_rcc.o
                0x0000000008001bb8                HAL_RCC_OscConfig
 .text.HAL_RCC_ClockConfig
                0x0000000008001fac      0x214 ./Drivers/STM32C0xx_HAL_Driver/Src/stm32c0xx_hal_rcc.o
                0x0000000008001fac                HAL_RCC_ClockConfig
 .text.HAL_RCC_GetSysClockFreq
                0x00000000080021c0       0x84 ./Drivers/STM32C0xx_HAL_Driver/Src/stm32c0xx_hal_rcc.o
                0x00000000080021c0                HAL_RCC_GetSysClockFreq
 .text.HAL_RCC_GetHCLKFreq
                0x0000000008002244       0x14 ./Drivers/STM32C0xx_HAL_Driver/Src/stm32c0xx_hal_rcc.o
                0x0000000008002244                HAL_RCC_GetHCLKFreq
 .text.HAL_RCC_GetPCLK1Freq
                0x0000000008002258       0x30 ./Drivers/STM32C0xx_HAL_Driver/Src/stm32c0xx_hal_rcc.o
                0x0000000008002258                HAL_RCC_GetPCLK1Freq
 .text.HAL_RCCEx_PeriphCLKConfig
                0x0000000008002288      0x1dc ./Drivers/STM32C0xx_HAL_Driver/Src/stm32c0xx_hal_rcc_ex.o
                0x0000000008002288                HAL_RCCEx_PeriphCLKConfig
 .text.HAL_SPI_Init
                0x0000000008002464      0x170 ./Drivers/STM32C0xx_HAL_Driver/Src/stm32c0xx_hal_spi.o
                0x0000000008002464                HAL_SPI_Init
 .text.UART_SetConfig
                0x00000000080025d4      0x2fc ./Drivers/STM32C0xx_HAL_Driver/Src/stm32c0xx_hal_uart.o
                0x00000000080025d4                UART_SetConfig
 .text.UART_AdvFeatureConfig
                0x00000000080028d0      0x168 ./Drivers/STM32C0xx_HAL_Driver/Src/stm32c0xx_hal_uart.o
                0x00000000080028d0                UART_AdvFeatureConfig
 .text.UART_CheckIdleState
                0x0000000008002a38       0x94 ./Drivers/STM32C0xx_HAL_Driver/Src/stm32c0xx_hal_uart.o
                0x0000000008002a38                UART_CheckIdleState
 .text.UART_WaitOnFlagUntilTimeout
                0x0000000008002acc      0x190 ./Drivers/STM32C0xx_HAL_Driver/Src/stm32c0xx_hal_uart.o
                0x0000000008002acc                UART_WaitOnFlagUntilTimeout
 .text.HAL_RS485Ex_Init
                0x0000000008002c5c       0xe4 ./Drivers/STM32C0xx_HAL_Driver/Src/stm32c0xx_hal_uart_ex.o
                0x0000000008002c5c                HAL_RS485Ex_Init
 .text.LL_EXTI_EnableIT_0_31
                0x0000000008002d40       0x24 ./Drivers/STM32C0xx_HAL_Driver/Src/stm32c0xx_ll_exti.o
 .text.LL_EXTI_DisableIT_0_31
                0x0000000008002d64       0x28 ./Drivers/STM32C0xx_HAL_Driver/Src/stm32c0xx_ll_exti.o
 .text.LL_EXTI_EnableEvent_0_31
                0x0000000008002d8c       0x24 ./Drivers/STM32C0xx_HAL_Driver/Src/stm32c0xx_ll_exti.o
 .text.LL_EXTI_DisableEvent_0_31
                0x0000000008002db0       0x28 ./Drivers/STM32C0xx_HAL_Driver/Src/stm32c0xx_ll_exti.o
 .text.LL_EXTI_EnableRisingTrig_0_31
                0x0000000008002dd8       0x20 ./Drivers/STM32C0xx_HAL_Driver/Src/stm32c0xx_ll_exti.o
 .text.LL_EXTI_DisableRisingTrig_0_31
                0x0000000008002df8       0x24 ./Drivers/STM32C0xx_HAL_Driver/Src/stm32c0xx_ll_exti.o
 .text.LL_EXTI_EnableFallingTrig_0_31
                0x0000000008002e1c       0x20 ./Drivers/STM32C0xx_HAL_Driver/Src/stm32c0xx_ll_exti.o
 .text.LL_EXTI_DisableFallingTrig_0_31
                0x0000000008002e3c       0x24 ./Drivers/STM32C0xx_HAL_Driver/Src/stm32c0xx_ll_exti.o
 .text.LL_EXTI_Init
                0x0000000008002e60      0x112 ./Drivers/STM32C0xx_HAL_Driver/Src/stm32c0xx_ll_exti.o
                0x0000000008002e60                LL_EXTI_Init
 .text.LL_GPIO_SetPinMode
                0x0000000008002f72       0xe8 ./Drivers/STM32C0xx_HAL_Driver/Src/stm32c0xx_ll_gpio.o
 .text.LL_GPIO_SetPinOutputType
                0x000000000800305a       0x2a ./Drivers/STM32C0xx_HAL_Driver/Src/stm32c0xx_ll_gpio.o
 .text.LL_GPIO_SetPinSpeed
                0x0000000008003084       0xe8 ./Drivers/STM32C0xx_HAL_Driver/Src/stm32c0xx_ll_gpio.o
 .text.LL_GPIO_SetPinPull
                0x000000000800316c       0xe8 ./Drivers/STM32C0xx_HAL_Driver/Src/stm32c0xx_ll_gpio.o
 .text.LL_GPIO_SetAFPin_0_7
                0x0000000008003254       0xe8 ./Drivers/STM32C0xx_HAL_Driver/Src/stm32c0xx_ll_gpio.o
 .text.LL_GPIO_SetAFPin_8_15
                0x000000000800333c       0xec ./Drivers/STM32C0xx_HAL_Driver/Src/stm32c0xx_ll_gpio.o
 .text.LL_GPIO_Init
                0x0000000008003428      0x17a ./Drivers/STM32C0xx_HAL_Driver/Src/stm32c0xx_ll_gpio.o
                0x0000000008003428                LL_GPIO_Init
 *fill*         0x00000000080035a2        0x2 
 .text.__libc_init_array
                0x00000000080035a4       0x48 c:/st/stm32cubeide_1.12.0/stm32cubeide/plugins/com.st.stm32cube.ide.mcu.externaltools.gnu-tools-for-stm32.10.3-2021.10.win32_1.0.200.202301161003/tools/bin/../lib/gcc/arm-none-eabi/10.3.1/../../../../arm-none-eabi/lib/thumb/v6-m/nofp\libc_nano.a(lib_a-init.o)
                0x00000000080035a4                __libc_init_array
 .text.memset   0x00000000080035ec       0x10 c:/st/stm32cubeide_1.12.0/stm32cubeide/plugins/com.st.stm32cube.ide.mcu.externaltools.gnu-tools-for-stm32.10.3-2021.10.win32_1.0.200.202301161003/tools/bin/../lib/gcc/arm-none-eabi/10.3.1/../../../../arm-none-eabi/lib/thumb/v6-m/nofp\libc_nano.a(lib_a-memset.o)
                0x00000000080035ec                memset
 *(.glue_7)
 .glue_7        0x00000000080035fc        0x0 linker stubs
 *(.glue_7t)
 .glue_7t       0x00000000080035fc        0x0 linker stubs
 *(.eh_frame)
 .eh_frame      0x00000000080035fc        0x0 c:/st/stm32cubeide_1.12.0/stm32cubeide/plugins/com.st.stm32cube.ide.mcu.externaltools.gnu-tools-for-stm32.10.3-2021.10.win32_1.0.200.202301161003/tools/bin/../lib/gcc/arm-none-eabi/10.3.1/thumb/v6-m/nofp/crtbegin.o
 *(.init)
 .init          0x00000000080035fc        0x4 c:/st/stm32cubeide_1.12.0/stm32cubeide/plugins/com.st.stm32cube.ide.mcu.externaltools.gnu-tools-for-stm32.10.3-2021.10.win32_1.0.200.202301161003/tools/bin/../lib/gcc/arm-none-eabi/10.3.1/thumb/v6-m/nofp/crti.o
                0x00000000080035fc                _init
 .init          0x0000000008003600        0x8 c:/st/stm32cubeide_1.12.0/stm32cubeide/plugins/com.st.stm32cube.ide.mcu.externaltools.gnu-tools-for-stm32.10.3-2021.10.win32_1.0.200.202301161003/tools/bin/../lib/gcc/arm-none-eabi/10.3.1/thumb/v6-m/nofp/crtn.o
 *(.fini)
 .fini          0x0000000008003608        0x4 c:/st/stm32cubeide_1.12.0/stm32cubeide/plugins/com.st.stm32cube.ide.mcu.externaltools.gnu-tools-for-stm32.10.3-2021.10.win32_1.0.200.202301161003/tools/bin/../lib/gcc/arm-none-eabi/10.3.1/thumb/v6-m/nofp/crti.o
                0x0000000008003608                _fini
 .fini          0x000000000800360c        0x8 c:/st/stm32cubeide_1.12.0/stm32cubeide/plugins/com.st.stm32cube.ide.mcu.externaltools.gnu-tools-for-stm32.10.3-2021.10.win32_1.0.200.202301161003/tools/bin/../lib/gcc/arm-none-eabi/10.3.1/thumb/v6-m/nofp/crtn.o
                0x0000000008003614                . = ALIGN (0x4)
                0x0000000008003614                _etext = .

.vfp11_veneer   0x0000000008003614        0x0
 .vfp11_veneer  0x0000000008003614        0x0 linker stubs

.v4_bx          0x0000000008003614        0x0
 .v4_bx         0x0000000008003614        0x0 linker stubs

.iplt           0x0000000008003614        0x0
 .iplt          0x0000000008003614        0x0 c:/st/stm32cubeide_1.12.0/stm32cubeide/plugins/com.st.stm32cube.ide.mcu.externaltools.gnu-tools-for-stm32.10.3-2021.10.win32_1.0.200.202301161003/tools/bin/../lib/gcc/arm-none-eabi/10.3.1/thumb/v6-m/nofp/crtbegin.o

.rodata         0x0000000008003614       0x98
                0x0000000008003614                . = ALIGN (0x4)
 *(.rodata)
 *(.rodata*)
 .rodata.led_adr_arr
                0x0000000008003614       0x1e ./Core/Src/main.o
 *fill*         0x0000000008003632        0x2 
 .rodata.AHBPrescTable
                0x0000000008003634       0x40 ./Core/Src/system_stm32c0xx.o
                0x0000000008003634                AHBPrescTable
 .rodata.APBPrescTable
                0x0000000008003674       0x20 ./Core/Src/system_stm32c0xx.o
                0x0000000008003674                APBPrescTable
 .rodata.UARTPrescTable
                0x0000000008003694       0x18 ./Drivers/STM32C0xx_HAL_Driver/Src/stm32c0xx_hal_uart.o
                0x0000000008003694                UARTPrescTable
                0x00000000080036ac                . = ALIGN (0x4)

.rel.dyn        0x00000000080036ac        0x0
 .rel.iplt      0x00000000080036ac        0x0 c:/st/stm32cubeide_1.12.0/stm32cubeide/plugins/com.st.stm32cube.ide.mcu.externaltools.gnu-tools-for-stm32.10.3-2021.10.win32_1.0.200.202301161003/tools/bin/../lib/gcc/arm-none-eabi/10.3.1/thumb/v6-m/nofp/crtbegin.o

.ARM.extab      0x00000000080036ac        0x0
                0x00000000080036ac                . = ALIGN (0x4)
 *(.ARM.extab* .gnu.linkonce.armextab.*)
                0x00000000080036ac                . = ALIGN (0x4)

.ARM            0x00000000080036ac        0x0
                0x00000000080036ac                . = ALIGN (0x4)
                0x00000000080036ac                __exidx_start = .
 *(.ARM.exidx*)
                0x00000000080036ac                __exidx_end = .
                0x00000000080036ac                . = ALIGN (0x4)

.preinit_array  0x00000000080036ac        0x0
                0x00000000080036ac                . = ALIGN (0x4)
                0x00000000080036ac                PROVIDE (__preinit_array_start = .)
 *(.preinit_array*)
                0x00000000080036ac                PROVIDE (__preinit_array_end = .)
                0x00000000080036ac                . = ALIGN (0x4)

.init_array     0x00000000080036ac        0x4
                0x00000000080036ac                . = ALIGN (0x4)
                0x00000000080036ac                PROVIDE (__init_array_start = .)
 *(SORT_BY_NAME(.init_array.*))
 *(.init_array*)
 .init_array    0x00000000080036ac        0x4 c:/st/stm32cubeide_1.12.0/stm32cubeide/plugins/com.st.stm32cube.ide.mcu.externaltools.gnu-tools-for-stm32.10.3-2021.10.win32_1.0.200.202301161003/tools/bin/../lib/gcc/arm-none-eabi/10.3.1/thumb/v6-m/nofp/crtbegin.o
                0x00000000080036b0                PROVIDE (__init_array_end = .)
                0x00000000080036b0                . = ALIGN (0x4)

.fini_array     0x00000000080036b0        0x4
                0x00000000080036b0                . = ALIGN (0x4)
                [!provide]                        PROVIDE (__fini_array_start = .)
 *(SORT_BY_NAME(.fini_array.*))
 *(.fini_array*)
 .fini_array    0x00000000080036b0        0x4 c:/st/stm32cubeide_1.12.0/stm32cubeide/plugins/com.st.stm32cube.ide.mcu.externaltools.gnu-tools-for-stm32.10.3-2021.10.win32_1.0.200.202301161003/tools/bin/../lib/gcc/arm-none-eabi/10.3.1/thumb/v6-m/nofp/crtbegin.o
                [!provide]                        PROVIDE (__fini_array_end = .)
                0x00000000080036b4                . = ALIGN (0x4)
                0x00000000080036b4                _sidata = LOADADDR (.data)

.data           0x0000000020000000        0xc load address 0x00000000080036b4
                0x0000000020000000                . = ALIGN (0x4)
                0x0000000020000000                _sdata = .
 *(.data)
 *(.data*)
 .data.SystemCoreClock
                0x0000000020000000        0x4 ./Core/Src/system_stm32c0xx.o
                0x0000000020000000                SystemCoreClock
 .data.uwTickPrio
                0x0000000020000004        0x4 ./Drivers/STM32C0xx_HAL_Driver/Src/stm32c0xx_hal.o
                0x0000000020000004                uwTickPrio
 .data.uwTickFreq
                0x0000000020000008        0x4 ./Drivers/STM32C0xx_HAL_Driver/Src/stm32c0xx_hal.o
                0x0000000020000008                uwTickFreq
 *(.RamFunc)
 *(.RamFunc*)
                0x000000002000000c                . = ALIGN (0x4)
                0x000000002000000c                _edata = .

.igot.plt       0x000000002000000c        0x0 load address 0x00000000080036c0
 .igot.plt      0x000000002000000c        0x0 c:/st/stm32cubeide_1.12.0/stm32cubeide/plugins/com.st.stm32cube.ide.mcu.externaltools.gnu-tools-for-stm32.10.3-2021.10.win32_1.0.200.202301161003/tools/bin/../lib/gcc/arm-none-eabi/10.3.1/thumb/v6-m/nofp/crtbegin.o
                0x000000002000000c                . = ALIGN (0x4)

.bss            0x000000002000000c      0x160 load address 0x00000000080036c0
                0x000000002000000c                _sbss = .
                0x000000002000000c                __bss_start__ = _sbss
 *(.bss)
 .bss           0x000000002000000c       0x1c c:/st/stm32cubeide_1.12.0/stm32cubeide/plugins/com.st.stm32cube.ide.mcu.externaltools.gnu-tools-for-stm32.10.3-2021.10.win32_1.0.200.202301161003/tools/bin/../lib/gcc/arm-none-eabi/10.3.1/thumb/v6-m/nofp/crtbegin.o
 *(.bss*)
 .bss.hi2c1     0x0000000020000028       0x4c ./Core/Src/i2c.o
                0x0000000020000028                hi2c1
 .bss.hspi1     0x0000000020000074       0x64 ./Core/Src/spi.o
                0x0000000020000074                hspi1
 .bss.huart2    0x00000000200000d8       0x90 ./Core/Src/usart.o
                0x00000000200000d8                huart2
 .bss.uwTick    0x0000000020000168        0x4 ./Drivers/STM32C0xx_HAL_Driver/Src/stm32c0xx_hal.o
                0x0000000020000168                uwTick
 *(COMMON)
                0x000000002000016c                . = ALIGN (0x4)
                0x000000002000016c                _ebss = .
                0x000000002000016c                __bss_end__ = _ebss

._user_heap_stack
                0x000000002000016c      0x604 load address 0x00000000080036c0
                0x0000000020000170                . = ALIGN (0x8)
 *fill*         0x000000002000016c        0x4 
                [!provide]                        PROVIDE (end = .)
                0x0000000020000170                PROVIDE (_end = .)
                0x0000000020000370                . = (. + _Min_Heap_Size)
 *fill*         0x0000000020000170      0x200 
                0x0000000020000770                . = (. + _Min_Stack_Size)
 *fill*         0x0000000020000370      0x400 
                0x0000000020000770                . = ALIGN (0x8)

/DISCARD/
 libc.a(*)
 libm.a(*)
 libgcc.a(*)

.ARM.attributes
                0x0000000000000000       0x28
 *(.ARM.attributes)
 .ARM.attributes
                0x0000000000000000       0x1e c:/st/stm32cubeide_1.12.0/stm32cubeide/plugins/com.st.stm32cube.ide.mcu.externaltools.gnu-tools-for-stm32.10.3-2021.10.win32_1.0.200.202301161003/tools/bin/../lib/gcc/arm-none-eabi/10.3.1/thumb/v6-m/nofp/crti.o
 .ARM.attributes
                0x000000000000001e       0x2c c:/st/stm32cubeide_1.12.0/stm32cubeide/plugins/com.st.stm32cube.ide.mcu.externaltools.gnu-tools-for-stm32.10.3-2021.10.win32_1.0.200.202301161003/tools/bin/../lib/gcc/arm-none-eabi/10.3.1/thumb/v6-m/nofp/crtbegin.o
 .ARM.attributes
                0x000000000000004a       0x2c ./Core/Src/gpio.o
 .ARM.attributes
                0x0000000000000076       0x2c ./Core/Src/i2c.o
 .ARM.attributes
                0x00000000000000a2       0x2c ./Core/Src/main.o
 .ARM.attributes
                0x00000000000000ce       0x2c ./Core/Src/spi.o
 .ARM.attributes
                0x00000000000000fa       0x2c ./Core/Src/stm32c0xx_hal_msp.o
 .ARM.attributes
                0x0000000000000126       0x2c ./Core/Src/stm32c0xx_it.o
 .ARM.attributes
                0x0000000000000152       0x2c ./Core/Src/system_stm32c0xx.o
 .ARM.attributes
                0x000000000000017e       0x2c ./Core/Src/usart.o
 .ARM.attributes
                0x00000000000001aa       0x22 ./Core/Startup/startup_stm32c031g6ux.o
 .ARM.attributes
                0x00000000000001cc       0x2c ./Drivers/STM32C0xx_HAL_Driver/Src/stm32c0xx_hal.o
 .ARM.attributes
                0x00000000000001f8       0x2c ./Drivers/STM32C0xx_HAL_Driver/Src/stm32c0xx_hal_cortex.o
 .ARM.attributes
                0x0000000000000224       0x2c ./Drivers/STM32C0xx_HAL_Driver/Src/stm32c0xx_hal_gpio.o
 .ARM.attributes
                0x0000000000000250       0x2c ./Drivers/STM32C0xx_HAL_Driver/Src/stm32c0xx_hal_i2c.o
 .ARM.attributes
                0x000000000000027c       0x2c ./Drivers/STM32C0xx_HAL_Driver/Src/stm32c0xx_hal_i2c_ex.o
 .ARM.attributes
                0x00000000000002a8       0x2c ./Drivers/STM32C0xx_HAL_Driver/Src/stm32c0xx_hal_rcc.o
 .ARM.attributes
                0x00000000000002d4       0x2c ./Drivers/STM32C0xx_HAL_Driver/Src/stm32c0xx_hal_rcc_ex.o
 .ARM.attributes
                0x0000000000000300       0x2c ./Drivers/STM32C0xx_HAL_Driver/Src/stm32c0xx_hal_spi.o
 .ARM.attributes
                0x000000000000032c       0x2c ./Drivers/STM32C0xx_HAL_Driver/Src/stm32c0xx_hal_uart.o
 .ARM.attributes
                0x0000000000000358       0x2c ./Drivers/STM32C0xx_HAL_Driver/Src/stm32c0xx_hal_uart_ex.o
 .ARM.attributes
                0x0000000000000384       0x2c ./Drivers/STM32C0xx_HAL_Driver/Src/stm32c0xx_ll_exti.o
 .ARM.attributes
                0x00000000000003b0       0x2c ./Drivers/STM32C0xx_HAL_Driver/Src/stm32c0xx_ll_gpio.o
 .ARM.attributes
                0x00000000000003dc       0x2c c:/st/stm32cubeide_1.12.0/stm32cubeide/plugins/com.st.stm32cube.ide.mcu.externaltools.gnu-tools-for-stm32.10.3-2021.10.win32_1.0.200.202301161003/tools/bin/../lib/gcc/arm-none-eabi/10.3.1/../../../../arm-none-eabi/lib/thumb/v6-m/nofp\libc_nano.a(lib_a-init.o)
 .ARM.attributes
                0x0000000000000408       0x2c c:/st/stm32cubeide_1.12.0/stm32cubeide/plugins/com.st.stm32cube.ide.mcu.externaltools.gnu-tools-for-stm32.10.3-2021.10.win32_1.0.200.202301161003/tools/bin/../lib/gcc/arm-none-eabi/10.3.1/../../../../arm-none-eabi/lib/thumb/v6-m/nofp\libc_nano.a(lib_a-memset.o)
 .ARM.attributes
                0x0000000000000434       0x1e c:/st/stm32cubeide_1.12.0/stm32cubeide/plugins/com.st.stm32cube.ide.mcu.externaltools.gnu-tools-for-stm32.10.3-2021.10.win32_1.0.200.202301161003/tools/bin/../lib/gcc/arm-none-eabi/10.3.1/thumb/v6-m/nofp\libgcc.a(_udivsi3.o)
 .ARM.attributes
                0x0000000000000452       0x1e c:/st/stm32cubeide_1.12.0/stm32cubeide/plugins/com.st.stm32cube.ide.mcu.externaltools.gnu-tools-for-stm32.10.3-2021.10.win32_1.0.200.202301161003/tools/bin/../lib/gcc/arm-none-eabi/10.3.1/thumb/v6-m/nofp\libgcc.a(_dvmd_tls.o)
 .ARM.attributes
                0x0000000000000470       0x1e c:/st/stm32cubeide_1.12.0/stm32cubeide/plugins/com.st.stm32cube.ide.mcu.externaltools.gnu-tools-for-stm32.10.3-2021.10.win32_1.0.200.202301161003/tools/bin/../lib/gcc/arm-none-eabi/10.3.1/thumb/v6-m/nofp\libgcc.a(_clzsi2.o)
 .ARM.attributes
                0x000000000000048e       0x1e c:/st/stm32cubeide_1.12.0/stm32cubeide/plugins/com.st.stm32cube.ide.mcu.externaltools.gnu-tools-for-stm32.10.3-2021.10.win32_1.0.200.202301161003/tools/bin/../lib/gcc/arm-none-eabi/10.3.1/thumb/v6-m/nofp/crtn.o
OUTPUT(ACE_LED_Ring.elf elf32-littlearm)
LOAD linker stubs
LOAD c:/st/stm32cubeide_1.12.0/stm32cubeide/plugins/com.st.stm32cube.ide.mcu.externaltools.gnu-tools-for-stm32.10.3-2021.10.win32_1.0.200.202301161003/tools/bin/../lib/gcc/arm-none-eabi/10.3.1/../../../../arm-none-eabi/lib/thumb/v6-m/nofp\libc.a
LOAD c:/st/stm32cubeide_1.12.0/stm32cubeide/plugins/com.st.stm32cube.ide.mcu.externaltools.gnu-tools-for-stm32.10.3-2021.10.win32_1.0.200.202301161003/tools/bin/../lib/gcc/arm-none-eabi/10.3.1/../../../../arm-none-eabi/lib/thumb/v6-m/nofp\libm.a
LOAD c:/st/stm32cubeide_1.12.0/stm32cubeide/plugins/com.st.stm32cube.ide.mcu.externaltools.gnu-tools-for-stm32.10.3-2021.10.win32_1.0.200.202301161003/tools/bin/../lib/gcc/arm-none-eabi/10.3.1/thumb/v6-m/nofp\libgcc.a

.debug_info     0x0000000000000000    0x10c95
 .debug_info    0x0000000000000000      0x81b ./Core/Src/gpio.o
 .debug_info    0x000000000000081b      0xb91 ./Core/Src/i2c.o
 .debug_info    0x00000000000013ac      0x9ca ./Core/Src/main.o
 .debug_info    0x0000000000001d76      0xb33 ./Core/Src/spi.o
 .debug_info    0x00000000000028a9      0x28a ./Core/Src/stm32c0xx_hal_msp.o
 .debug_info    0x0000000000002b33      0x11e ./Core/Src/stm32c0xx_it.o
 .debug_info    0x0000000000002c51      0x371 ./Core/Src/system_stm32c0xx.o
 .debug_info    0x0000000000002fc2      0xb3a ./Core/Src/usart.o
 .debug_info    0x0000000000003afc       0x22 ./Core/Startup/startup_stm32c031g6ux.o
 .debug_info    0x0000000000003b1e      0x839 ./Drivers/STM32C0xx_HAL_Driver/Src/stm32c0xx_hal.o
 .debug_info    0x0000000000004357      0x8a7 ./Drivers/STM32C0xx_HAL_Driver/Src/stm32c0xx_hal_cortex.o
 .debug_info    0x0000000000004bfe      0x598 ./Drivers/STM32C0xx_HAL_Driver/Src/stm32c0xx_hal_gpio.o
 .debug_info    0x0000000000005196     0x228f ./Drivers/STM32C0xx_HAL_Driver/Src/stm32c0xx_hal_i2c.o
 .debug_info    0x0000000000007425      0xa59 ./Drivers/STM32C0xx_HAL_Driver/Src/stm32c0xx_hal_i2c_ex.o
 .debug_info    0x0000000000007e7e      0x910 ./Drivers/STM32C0xx_HAL_Driver/Src/stm32c0xx_hal_rcc.o
 .debug_info    0x000000000000878e      0x5b1 ./Drivers/STM32C0xx_HAL_Driver/Src/stm32c0xx_hal_rcc_ex.o
 .debug_info    0x0000000000008d3f     0x185d ./Drivers/STM32C0xx_HAL_Driver/Src/stm32c0xx_hal_spi.o
 .debug_info    0x000000000000a59c     0x4958 ./Drivers/STM32C0xx_HAL_Driver/Src/stm32c0xx_hal_uart.o
 .debug_info    0x000000000000eef4      0xfbc ./Drivers/STM32C0xx_HAL_Driver/Src/stm32c0xx_hal_uart_ex.o
 .debug_info    0x000000000000feb0      0x402 ./Drivers/STM32C0xx_HAL_Driver/Src/stm32c0xx_ll_exti.o
 .debug_info    0x00000000000102b2      0x9e3 ./Drivers/STM32C0xx_HAL_Driver/Src/stm32c0xx_ll_gpio.o

.debug_abbrev   0x0000000000000000     0x28cc
 .debug_abbrev  0x0000000000000000      0x22f ./Core/Src/gpio.o
 .debug_abbrev  0x000000000000022f      0x209 ./Core/Src/i2c.o
 .debug_abbrev  0x0000000000000438      0x225 ./Core/Src/main.o
 .debug_abbrev  0x000000000000065d      0x1e7 ./Core/Src/spi.o
 .debug_abbrev  0x0000000000000844       0xdb ./Core/Src/stm32c0xx_hal_msp.o
 .debug_abbrev  0x000000000000091f       0xad ./Core/Src/stm32c0xx_it.o
 .debug_abbrev  0x00000000000009cc      0x116 ./Core/Src/system_stm32c0xx.o
 .debug_abbrev  0x0000000000000ae2      0x1e7 ./Core/Src/usart.o
 .debug_abbrev  0x0000000000000cc9       0x12 ./Core/Startup/startup_stm32c031g6ux.o
 .debug_abbrev  0x0000000000000cdb      0x2db ./Drivers/STM32C0xx_HAL_Driver/Src/stm32c0xx_hal.o
 .debug_abbrev  0x0000000000000fb6      0x2ac ./Drivers/STM32C0xx_HAL_Driver/Src/stm32c0xx_hal_cortex.o
 .debug_abbrev  0x0000000000001262      0x1ca ./Drivers/STM32C0xx_HAL_Driver/Src/stm32c0xx_hal_gpio.o
 .debug_abbrev  0x000000000000142c      0x254 ./Drivers/STM32C0xx_HAL_Driver/Src/stm32c0xx_hal_i2c.o
 .debug_abbrev  0x0000000000001680      0x1d0 ./Drivers/STM32C0xx_HAL_Driver/Src/stm32c0xx_hal_i2c_ex.o
 .debug_abbrev  0x0000000000001850      0x29d ./Drivers/STM32C0xx_HAL_Driver/Src/stm32c0xx_hal_rcc.o
 .debug_abbrev  0x0000000000001aed      0x216 ./Drivers/STM32C0xx_HAL_Driver/Src/stm32c0xx_hal_rcc_ex.o
 .debug_abbrev  0x0000000000001d03      0x254 ./Drivers/STM32C0xx_HAL_Driver/Src/stm32c0xx_hal_spi.o
 .debug_abbrev  0x0000000000001f57      0x2ff ./Drivers/STM32C0xx_HAL_Driver/Src/stm32c0xx_hal_uart.o
 .debug_abbrev  0x0000000000002256      0x2d5 ./Drivers/STM32C0xx_HAL_Driver/Src/stm32c0xx_hal_uart_ex.o
 .debug_abbrev  0x000000000000252b      0x155 ./Drivers/STM32C0xx_HAL_Driver/Src/stm32c0xx_ll_exti.o
 .debug_abbrev  0x0000000000002680      0x24c ./Drivers/STM32C0xx_HAL_Driver/Src/stm32c0xx_ll_gpio.o

.debug_aranges  0x0000000000000000      0xd58
 .debug_aranges
                0x0000000000000000       0x48 ./Core/Src/gpio.o
 .debug_aranges
                0x0000000000000048       0x30 ./Core/Src/i2c.o
 .debug_aranges
                0x0000000000000078       0x30 ./Core/Src/main.o
 .debug_aranges
                0x00000000000000a8       0x30 ./Core/Src/spi.o
 .debug_aranges
                0x00000000000000d8       0x20 ./Core/Src/stm32c0xx_hal_msp.o
 .debug_aranges
                0x00000000000000f8       0x40 ./Core/Src/stm32c0xx_it.o
 .debug_aranges
                0x0000000000000138       0x28 ./Core/Src/system_stm32c0xx.o
 .debug_aranges
                0x0000000000000160       0x30 ./Core/Src/usart.o
 .debug_aranges
                0x0000000000000190       0x28 ./Core/Startup/startup_stm32c031g6ux.o
 .debug_aranges
                0x00000000000001b8      0x110 ./Drivers/STM32C0xx_HAL_Driver/Src/stm32c0xx_hal.o
 .debug_aranges
                0x00000000000002c8       0xd8 ./Drivers/STM32C0xx_HAL_Driver/Src/stm32c0xx_hal_cortex.o
 .debug_aranges
                0x00000000000003a0       0x60 ./Drivers/STM32C0xx_HAL_Driver/Src/stm32c0xx_hal_gpio.o
 .debug_aranges
                0x0000000000000400      0x290 ./Drivers/STM32C0xx_HAL_Driver/Src/stm32c0xx_hal_i2c.o
 .debug_aranges
                0x0000000000000690       0x48 ./Drivers/STM32C0xx_HAL_Driver/Src/stm32c0xx_hal_i2c_ex.o
 .debug_aranges
                0x00000000000006d8       0xa0 ./Drivers/STM32C0xx_HAL_Driver/Src/stm32c0xx_hal_rcc.o
 .debug_aranges
                0x0000000000000778       0x40 ./Drivers/STM32C0xx_HAL_Driver/Src/stm32c0xx_hal_rcc_ex.o
 .debug_aranges
                0x00000000000007b8      0x1d8 ./Drivers/STM32C0xx_HAL_Driver/Src/stm32c0xx_hal_spi.o
 .debug_aranges
                0x0000000000000990      0x248 ./Drivers/STM32C0xx_HAL_Driver/Src/stm32c0xx_hal_uart.o
 .debug_aranges
                0x0000000000000bd8       0xa0 ./Drivers/STM32C0xx_HAL_Driver/Src/stm32c0xx_hal_uart_ex.o
 .debug_aranges
                0x0000000000000c78       0x70 ./Drivers/STM32C0xx_HAL_Driver/Src/stm32c0xx_ll_exti.o
 .debug_aranges
                0x0000000000000ce8       0x70 ./Drivers/STM32C0xx_HAL_Driver/Src/stm32c0xx_ll_gpio.o

.debug_ranges   0x0000000000000000      0xc40
 .debug_ranges  0x0000000000000000       0x38 ./Core/Src/gpio.o
 .debug_ranges  0x0000000000000038       0x20 ./Core/Src/i2c.o
 .debug_ranges  0x0000000000000058       0x20 ./Core/Src/main.o
 .debug_ranges  0x0000000000000078       0x20 ./Core/Src/spi.o
 .debug_ranges  0x0000000000000098       0x10 ./Core/Src/stm32c0xx_hal_msp.o
 .debug_ranges  0x00000000000000a8       0x30 ./Core/Src/stm32c0xx_it.o
 .debug_ranges  0x00000000000000d8       0x18 ./Core/Src/system_stm32c0xx.o
 .debug_ranges  0x00000000000000f0       0x20 ./Core/Src/usart.o
 .debug_ranges  0x0000000000000110       0x20 ./Core/Startup/startup_stm32c031g6ux.o
 .debug_ranges  0x0000000000000130      0x100 ./Drivers/STM32C0xx_HAL_Driver/Src/stm32c0xx_hal.o
 .debug_ranges  0x0000000000000230       0xc8 ./Drivers/STM32C0xx_HAL_Driver/Src/stm32c0xx_hal_cortex.o
 .debug_ranges  0x00000000000002f8       0x50 ./Drivers/STM32C0xx_HAL_Driver/Src/stm32c0xx_hal_gpio.o
 .debug_ranges  0x0000000000000348      0x280 ./Drivers/STM32C0xx_HAL_Driver/Src/stm32c0xx_hal_i2c.o
 .debug_ranges  0x00000000000005c8       0x38 ./Drivers/STM32C0xx_HAL_Driver/Src/stm32c0xx_hal_i2c_ex.o
 .debug_ranges  0x0000000000000600       0x90 ./Drivers/STM32C0xx_HAL_Driver/Src/stm32c0xx_hal_rcc.o
 .debug_ranges  0x0000000000000690       0x30 ./Drivers/STM32C0xx_HAL_Driver/Src/stm32c0xx_hal_rcc_ex.o
 .debug_ranges  0x00000000000006c0      0x1c8 ./Drivers/STM32C0xx_HAL_Driver/Src/stm32c0xx_hal_spi.o
 .debug_ranges  0x0000000000000888      0x268 ./Drivers/STM32C0xx_HAL_Driver/Src/stm32c0xx_hal_uart.o
 .debug_ranges  0x0000000000000af0       0x90 ./Drivers/STM32C0xx_HAL_Driver/Src/stm32c0xx_hal_uart_ex.o
 .debug_ranges  0x0000000000000b80       0x60 ./Drivers/STM32C0xx_HAL_Driver/Src/stm32c0xx_ll_exti.o
 .debug_ranges  0x0000000000000be0       0x60 ./Drivers/STM32C0xx_HAL_Driver/Src/stm32c0xx_ll_gpio.o

.debug_macro    0x0000000000000000    0x14ed2
 .debug_macro   0x0000000000000000      0x259 ./Core/Src/gpio.o
 .debug_macro   0x0000000000000259      0xa54 ./Core/Src/gpio.o
 .debug_macro   0x0000000000000cad       0x2e ./Core/Src/gpio.o
 .debug_macro   0x0000000000000cdb       0x28 ./Core/Src/gpio.o
 .debug_macro   0x0000000000000d03       0x22 ./Core/Src/gpio.o
 .debug_macro   0x0000000000000d25       0x8e ./Core/Src/gpio.o
 .debug_macro   0x0000000000000db3       0x51 ./Core/Src/gpio.o
 .debug_macro   0x0000000000000e04      0x103 ./Core/Src/gpio.o
 .debug_macro   0x0000000000000f07       0x6a ./Core/Src/gpio.o
 .debug_macro   0x0000000000000f71      0x1df ./Core/Src/gpio.o
 .debug_macro   0x0000000000001150       0x1c ./Core/Src/gpio.o
 .debug_macro   0x000000000000116c       0x22 ./Core/Src/gpio.o
 .debug_macro   0x000000000000118e       0xd1 ./Core/Src/gpio.o
 .debug_macro   0x000000000000125f      0x4da ./Core/Src/gpio.o
 .debug_macro   0x0000000000001739      0x11f ./Core/Src/gpio.o
 .debug_macro   0x0000000000001858     0x9557 ./Core/Src/gpio.o
 .debug_macro   0x000000000000adaf       0x6c ./Core/Src/gpio.o
 .debug_macro   0x000000000000ae1b      0x11f ./Core/Src/gpio.o
 .debug_macro   0x000000000000af3a       0xef ./Core/Src/gpio.o
 .debug_macro   0x000000000000b029     0x340f ./Core/Src/gpio.o
 .debug_macro   0x000000000000e438      0x174 ./Core/Src/gpio.o
 .debug_macro   0x000000000000e5ac       0x5a ./Core/Src/gpio.o
 .debug_macro   0x000000000000e606      0x36d ./Core/Src/gpio.o
 .debug_macro   0x000000000000e973      0xb42 ./Core/Src/gpio.o
 .debug_macro   0x000000000000f4b5      0x136 ./Core/Src/gpio.o
 .debug_macro   0x000000000000f5eb      0x158 ./Core/Src/gpio.o
 .debug_macro   0x000000000000f743      0x1b5 ./Core/Src/gpio.o
 .debug_macro   0x000000000000f8f8      0x264 ./Core/Src/gpio.o
 .debug_macro   0x000000000000fb5c      0x17e ./Core/Src/gpio.o
 .debug_macro   0x000000000000fcda       0x43 ./Core/Src/gpio.o
 .debug_macro   0x000000000000fd1d      0x1f1 ./Core/Src/gpio.o
 .debug_macro   0x000000000000ff0e      0x1b1 ./Core/Src/gpio.o
 .debug_macro   0x00000000000100bf      0x34b ./Core/Src/gpio.o
 .debug_macro   0x000000000001040a       0x28 ./Core/Src/gpio.o
 .debug_macro   0x0000000000010432       0xba ./Core/Src/gpio.o
 .debug_macro   0x00000000000104ec      0x22c ./Core/Src/gpio.o
 .debug_macro   0x0000000000010718       0x5b ./Core/Src/gpio.o
 .debug_macro   0x0000000000010773       0xa5 ./Core/Src/gpio.o
 .debug_macro   0x0000000000010818       0xff ./Core/Src/gpio.o
 .debug_macro   0x0000000000010917       0xcc ./Core/Src/gpio.o
 .debug_macro   0x00000000000109e3      0x2fe ./Core/Src/gpio.o
 .debug_macro   0x0000000000010ce1      0x669 ./Core/Src/gpio.o
 .debug_macro   0x000000000001134a       0xa6 ./Core/Src/gpio.o
 .debug_macro   0x00000000000113f0      0x38c ./Core/Src/gpio.o
 .debug_macro   0x000000000001177c      0x166 ./Core/Src/gpio.o
 .debug_macro   0x00000000000118e2      0x161 ./Core/Src/gpio.o
 .debug_macro   0x0000000000011a43       0xb2 ./Core/Src/gpio.o
 .debug_macro   0x0000000000011af5      0x179 ./Core/Src/gpio.o
 .debug_macro   0x0000000000011c6e       0x58 ./Core/Src/gpio.o
 .debug_macro   0x0000000000011cc6      0x14a ./Core/Src/gpio.o
 .debug_macro   0x0000000000011e10      0x2c2 ./Core/Src/gpio.o
 .debug_macro   0x00000000000120d2      0x185 ./Core/Src/gpio.o
 .debug_macro   0x0000000000012257       0xa0 ./Core/Src/gpio.o
 .debug_macro   0x00000000000122f7      0x259 ./Core/Src/i2c.o
 .debug_macro   0x0000000000012550      0x28d ./Core/Src/main.o
 .debug_macro   0x00000000000127dd      0x259 ./Core/Src/spi.o
 .debug_macro   0x0000000000012a36      0x24f ./Core/Src/stm32c0xx_hal_msp.o
 .debug_macro   0x0000000000012c85      0x259 ./Core/Src/stm32c0xx_it.o
 .debug_macro   0x0000000000012ede      0x1f0 ./Core/Src/system_stm32c0xx.o
 .debug_macro   0x00000000000130ce      0x259 ./Core/Src/usart.o
 .debug_macro   0x0000000000013327      0x208 ./Drivers/STM32C0xx_HAL_Driver/Src/stm32c0xx_hal.o
 .debug_macro   0x000000000001352f      0x1ea ./Drivers/STM32C0xx_HAL_Driver/Src/stm32c0xx_hal_cortex.o
 .debug_macro   0x0000000000013719      0x21c ./Drivers/STM32C0xx_HAL_Driver/Src/stm32c0xx_hal_gpio.o
 .debug_macro   0x0000000000013935      0x2b6 ./Drivers/STM32C0xx_HAL_Driver/Src/stm32c0xx_hal_i2c.o
 .debug_macro   0x0000000000013beb      0x1ea ./Drivers/STM32C0xx_HAL_Driver/Src/stm32c0xx_hal_i2c_ex.o
 .debug_macro   0x0000000000013dd5      0x21a ./Drivers/STM32C0xx_HAL_Driver/Src/stm32c0xx_hal_rcc.o
 .debug_macro   0x0000000000013fef      0x1fc ./Drivers/STM32C0xx_HAL_Driver/Src/stm32c0xx_hal_rcc_ex.o
 .debug_macro   0x00000000000141eb      0x1f2 ./Drivers/STM32C0xx_HAL_Driver/Src/stm32c0xx_hal_spi.o
 .debug_macro   0x00000000000143dd      0x207 ./Drivers/STM32C0xx_HAL_Driver/Src/stm32c0xx_hal_uart.o
 .debug_macro   0x00000000000145e4      0x1f6 ./Drivers/STM32C0xx_HAL_Driver/Src/stm32c0xx_hal_uart_ex.o
 .debug_macro   0x00000000000147da      0x211 ./Drivers/STM32C0xx_HAL_Driver/Src/stm32c0xx_ll_exti.o
 .debug_macro   0x00000000000149eb      0x15b ./Drivers/STM32C0xx_HAL_Driver/Src/stm32c0xx_ll_exti.o
 .debug_macro   0x0000000000014b46      0x22c ./Drivers/STM32C0xx_HAL_Driver/Src/stm32c0xx_ll_gpio.o
 .debug_macro   0x0000000000014d72      0x160 ./Drivers/STM32C0xx_HAL_Driver/Src/stm32c0xx_ll_gpio.o

.debug_line     0x0000000000000000    0x12fb6
 .debug_line    0x0000000000000000      0x9f1 ./Core/Src/gpio.o
 .debug_line    0x00000000000009f1      0x87d ./Core/Src/i2c.o
 .debug_line    0x000000000000126e      0x8f8 ./Core/Src/main.o
 .debug_line    0x0000000000001b66      0x876 ./Core/Src/spi.o
 .debug_line    0x00000000000023dc      0x7db ./Core/Src/stm32c0xx_hal_msp.o
 .debug_line    0x0000000000002bb7      0x840 ./Core/Src/stm32c0xx_it.o
 .debug_line    0x00000000000033f7      0x767 ./Core/Src/system_stm32c0xx.o
 .debug_line    0x0000000000003b5e      0x84c ./Core/Src/usart.o
 .debug_line    0x00000000000043aa       0x89 ./Core/Startup/startup_stm32c031g6ux.o
 .debug_line    0x0000000000004433      0xaad ./Drivers/STM32C0xx_HAL_Driver/Src/stm32c0xx_hal.o
 .debug_line    0x0000000000004ee0      0xb4b ./Drivers/STM32C0xx_HAL_Driver/Src/stm32c0xx_hal_cortex.o
 .debug_line    0x0000000000005a2b      0xb5c ./Drivers/STM32C0xx_HAL_Driver/Src/stm32c0xx_hal_gpio.o
 .debug_line    0x0000000000006587     0x33b9 ./Drivers/STM32C0xx_HAL_Driver/Src/stm32c0xx_hal_i2c.o
 .debug_line    0x0000000000009940      0x93f ./Drivers/STM32C0xx_HAL_Driver/Src/stm32c0xx_hal_i2c_ex.o
 .debug_line    0x000000000000a27f      0xd42 ./Drivers/STM32C0xx_HAL_Driver/Src/stm32c0xx_hal_rcc.o
 .debug_line    0x000000000000afc1      0x9c5 ./Drivers/STM32C0xx_HAL_Driver/Src/stm32c0xx_hal_rcc_ex.o
 .debug_line    0x000000000000b986     0x1f4e ./Drivers/STM32C0xx_HAL_Driver/Src/stm32c0xx_hal_spi.o
 .debug_line    0x000000000000d8d4     0x34a9 ./Drivers/STM32C0xx_HAL_Driver/Src/stm32c0xx_hal_uart.o
 .debug_line    0x0000000000010d7d      0xe09 ./Drivers/STM32C0xx_HAL_Driver/Src/stm32c0xx_hal_uart_ex.o
 .debug_line    0x0000000000011b86      0x898 ./Drivers/STM32C0xx_HAL_Driver/Src/stm32c0xx_ll_exti.o
 .debug_line    0x000000000001241e      0xb98 ./Drivers/STM32C0xx_HAL_Driver/Src/stm32c0xx_ll_gpio.o

.debug_str      0x0000000000000000    0x7b6c6
 .debug_str     0x0000000000000000    0x76f81 ./Core/Src/gpio.o
                                      0x7781b (size before relaxing)
 .debug_str     0x0000000000076f81      0x67d ./Core/Src/i2c.o
                                      0x77d82 (size before relaxing)
 .debug_str     0x00000000000775fe      0x1da ./Core/Src/main.o
                                      0x77cea (size before relaxing)
 .debug_str     0x00000000000777d8      0x210 ./Core/Src/spi.o
                                      0x77ca3 (size before relaxing)
 .debug_str     0x00000000000779e8       0x2c ./Core/Src/stm32c0xx_hal_msp.o
                                      0x7760d (size before relaxing)
 .debug_str     0x0000000000077a14       0x82 ./Core/Src/stm32c0xx_it.o
                                      0x77598 (size before relaxing)
 .debug_str     0x0000000000077a96       0xad ./Core/Src/system_stm32c0xx.o
                                      0x72b78 (size before relaxing)
 .debug_str     0x0000000000077b43      0x21f ./Core/Src/usart.o
                                      0x77c3a (size before relaxing)
 .debug_str     0x0000000000077d62       0x36 ./Core/Startup/startup_stm32c031g6ux.o
                                         0x80 (size before relaxing)
 .debug_str     0x0000000000077d98      0x564 ./Drivers/STM32C0xx_HAL_Driver/Src/stm32c0xx_hal.o
                                      0x73135 (size before relaxing)
 .debug_str     0x00000000000782fc      0x268 ./Drivers/STM32C0xx_HAL_Driver/Src/stm32c0xx_hal_cortex.o
                                      0x72f5d (size before relaxing)
 .debug_str     0x0000000000078564      0x1fe ./Drivers/STM32C0xx_HAL_Driver/Src/stm32c0xx_hal_gpio.o
                                      0x72d48 (size before relaxing)
 .debug_str     0x0000000000078762      0xea6 ./Drivers/STM32C0xx_HAL_Driver/Src/stm32c0xx_hal_i2c.o
                                      0x73efe (size before relaxing)
 .debug_str     0x0000000000079608       0xb8 ./Drivers/STM32C0xx_HAL_Driver/Src/stm32c0xx_hal_i2c_ex.o
                                      0x731c4 (size before relaxing)
 .debug_str     0x00000000000796c0      0x445 ./Drivers/STM32C0xx_HAL_Driver/Src/stm32c0xx_hal_rcc.o
                                      0x73158 (size before relaxing)
 .debug_str     0x0000000000079b05      0x128 ./Drivers/STM32C0xx_HAL_Driver/Src/stm32c0xx_hal_rcc_ex.o
                                      0x72de8 (size before relaxing)
 .debug_str     0x0000000000079c2d      0x579 ./Drivers/STM32C0xx_HAL_Driver/Src/stm32c0xx_hal_spi.o
                                      0x73568 (size before relaxing)
 .debug_str     0x000000000007a1a6      0x971 ./Drivers/STM32C0xx_HAL_Driver/Src/stm32c0xx_hal_uart.o
                                      0x73aa7 (size before relaxing)
 .debug_str     0x000000000007ab17      0x297 ./Drivers/STM32C0xx_HAL_Driver/Src/stm32c0xx_hal_uart_ex.o
                                      0x733b6 (size before relaxing)
 .debug_str     0x000000000007adae      0x2f6 ./Drivers/STM32C0xx_HAL_Driver/Src/stm32c0xx_ll_exti.o
                                      0x73788 (size before relaxing)
 .debug_str     0x000000000007b0a4      0x622 ./Drivers/STM32C0xx_HAL_Driver/Src/stm32c0xx_ll_gpio.o
                                      0x73ebf (size before relaxing)

.comment        0x0000000000000000       0x50
 .comment       0x0000000000000000       0x50 ./Core/Src/gpio.o
                                         0x51 (size before relaxing)
 .comment       0x0000000000000050       0x51 ./Core/Src/i2c.o
 .comment       0x0000000000000050       0x51 ./Core/Src/main.o
 .comment       0x0000000000000050       0x51 ./Core/Src/spi.o
 .comment       0x0000000000000050       0x51 ./Core/Src/stm32c0xx_hal_msp.o
 .comment       0x0000000000000050       0x51 ./Core/Src/stm32c0xx_it.o
 .comment       0x0000000000000050       0x51 ./Core/Src/system_stm32c0xx.o
 .comment       0x0000000000000050       0x51 ./Core/Src/usart.o
 .comment       0x0000000000000050       0x51 ./Drivers/STM32C0xx_HAL_Driver/Src/stm32c0xx_hal.o
 .comment       0x0000000000000050       0x51 ./Drivers/STM32C0xx_HAL_Driver/Src/stm32c0xx_hal_cortex.o
 .comment       0x0000000000000050       0x51 ./Drivers/STM32C0xx_HAL_Driver/Src/stm32c0xx_hal_gpio.o
 .comment       0x0000000000000050       0x51 ./Drivers/STM32C0xx_HAL_Driver/Src/stm32c0xx_hal_i2c.o
 .comment       0x0000000000000050       0x51 ./Drivers/STM32C0xx_HAL_Driver/Src/stm32c0xx_hal_i2c_ex.o
 .comment       0x0000000000000050       0x51 ./Drivers/STM32C0xx_HAL_Driver/Src/stm32c0xx_hal_rcc.o
 .comment       0x0000000000000050       0x51 ./Drivers/STM32C0xx_HAL_Driver/Src/stm32c0xx_hal_rcc_ex.o
 .comment       0x0000000000000050       0x51 ./Drivers/STM32C0xx_HAL_Driver/Src/stm32c0xx_hal_spi.o
 .comment       0x0000000000000050       0x51 ./Drivers/STM32C0xx_HAL_Driver/Src/stm32c0xx_hal_uart.o
 .comment       0x0000000000000050       0x51 ./Drivers/STM32C0xx_HAL_Driver/Src/stm32c0xx_hal_uart_ex.o
 .comment       0x0000000000000050       0x51 ./Drivers/STM32C0xx_HAL_Driver/Src/stm32c0xx_ll_exti.o
 .comment       0x0000000000000050       0x51 ./Drivers/STM32C0xx_HAL_Driver/Src/stm32c0xx_ll_gpio.o

.debug_frame    0x0000000000000000     0x2e78
 .debug_frame   0x0000000000000000       0xd0 ./Core/Src/gpio.o
 .debug_frame   0x00000000000000d0       0x6c ./Core/Src/i2c.o
 .debug_frame   0x000000000000013c       0x6c ./Core/Src/main.o
 .debug_frame   0x00000000000001a8       0x6c ./Core/Src/spi.o
 .debug_frame   0x0000000000000214       0x30 ./Core/Src/stm32c0xx_hal_msp.o
 .debug_frame   0x0000000000000244       0x9c ./Core/Src/stm32c0xx_it.o
 .debug_frame   0x00000000000002e0       0x4c ./Core/Src/system_stm32c0xx.o
 .debug_frame   0x000000000000032c       0x6c ./Core/Src/usart.o
 .debug_frame   0x0000000000000398      0x398 ./Drivers/STM32C0xx_HAL_Driver/Src/stm32c0xx_hal.o
 .debug_frame   0x0000000000000730      0x2fc ./Drivers/STM32C0xx_HAL_Driver/Src/stm32c0xx_hal_cortex.o
 .debug_frame   0x0000000000000a2c      0x130 ./Drivers/STM32C0xx_HAL_Driver/Src/stm32c0xx_hal_gpio.o
 .debug_frame   0x0000000000000b5c      0xa24 ./Drivers/STM32C0xx_HAL_Driver/Src/stm32c0xx_hal_i2c.o
 .debug_frame   0x0000000000001580       0xd0 ./Drivers/STM32C0xx_HAL_Driver/Src/stm32c0xx_hal_i2c_ex.o
 .debug_frame   0x0000000000001650      0x214 ./Drivers/STM32C0xx_HAL_Driver/Src/stm32c0xx_hal_rcc.o
 .debug_frame   0x0000000000001864       0xac ./Drivers/STM32C0xx_HAL_Driver/Src/stm32c0xx_hal_rcc_ex.o
 .debug_frame   0x0000000000001910      0x710 ./Drivers/STM32C0xx_HAL_Driver/Src/stm32c0xx_hal_spi.o
 .debug_frame   0x0000000000002020      0x8d4 ./Drivers/STM32C0xx_HAL_Driver/Src/stm32c0xx_hal_uart.o
 .debug_frame   0x00000000000028f4      0x23c ./Drivers/STM32C0xx_HAL_Driver/Src/stm32c0xx_hal_uart_ex.o
 .debug_frame   0x0000000000002b30      0x16c ./Drivers/STM32C0xx_HAL_Driver/Src/stm32c0xx_ll_exti.o
 .debug_frame   0x0000000000002c9c      0x170 ./Drivers/STM32C0xx_HAL_Driver/Src/stm32c0xx_ll_gpio.o
 .debug_frame   0x0000000000002e0c       0x2c c:/st/stm32cubeide_1.12.0/stm32cubeide/plugins/com.st.stm32cube.ide.mcu.externaltools.gnu-tools-for-stm32.10.3-2021.10.win32_1.0.200.202301161003/tools/bin/../lib/gcc/arm-none-eabi/10.3.1/../../../../arm-none-eabi/lib/thumb/v6-m/nofp\libc_nano.a(lib_a-init.o)
 .debug_frame   0x0000000000002e38       0x20 c:/st/stm32cubeide_1.12.0/stm32cubeide/plugins/com.st.stm32cube.ide.mcu.externaltools.gnu-tools-for-stm32.10.3-2021.10.win32_1.0.200.202301161003/tools/bin/../lib/gcc/arm-none-eabi/10.3.1/../../../../arm-none-eabi/lib/thumb/v6-m/nofp\libc_nano.a(lib_a-memset.o)
 .debug_frame   0x0000000000002e58       0x20 c:/st/stm32cubeide_1.12.0/stm32cubeide/plugins/com.st.stm32cube.ide.mcu.externaltools.gnu-tools-for-stm32.10.3-2021.10.win32_1.0.200.202301161003/tools/bin/../lib/gcc/arm-none-eabi/10.3.1/thumb/v6-m/nofp\libgcc.a(_udivsi3.o)
