../addons/Src/led.c:26:6:led_init	48	static
../addons/Src/led.c:54:6:led_set	32	static
../addons/Src/led.c:61:6:led_set_custom_size_overlay	136	static
../addons/Src/led.c:81:6:led_demo_value	128	static
../addons/Src/led.c:99:6:led_demo_buffering	40	static
../addons/Src/led.c:111:6:RGBFrom222	0	static
../addons/Src/led.c:119:6:led_set_all_zero	128	static
../addons/Src/led.c:130:6:led_return_values	0	static
../addons/Src/led.c:173:6:led_mode_0	128	static
../addons/Src/led.c:210:6:led_mode_1	120	static
../addons/Src/led.c:246:6:led_mode_2	120	static
../addons/Src/led.c:144:6:led_settings_parser	8	static
../addons/Src/led.c:271:6:led_mode_3	8	static
