../Drivers/STM32C0xx_HAL_Driver/Inc/stm32c0xx_ll_tim.h:1485:22:LL_TIM_EnableCounter	16	static
../Drivers/STM32C0xx_HAL_Driver/Inc/stm32c0xx_ll_tim.h:1496:22:LL_TIM_DisableCounter	16	static
../Drivers/STM32C0xx_HAL_Driver/Inc/stm32c0xx_ll_tim.h:3986:22:LL_TIM_ClearFlag_UPDATE	16	static
../Drivers/STM32C0xx_HAL_Driver/Inc/stm32c0xx_ll_tim.h:4349:22:LL_TIM_EnableIT_UPDATE	16	static
../Drivers/STM32C0xx_HAL_Driver/Inc/stm32c0xx_ll_tim.h:4360:22:LL_TIM_DisableIT_UPDATE	16	static
../Drivers/STM32C0xx_HAL_Driver/Inc/stm32c0xx_ll_gpio.h:890:22:LL_GPIO_SetOutputPin	16	static
../Core/modbus/port/porttimer.c:37:1:xMBPortTimersInit	16	static
../Core/modbus/port/porttimer.c:48:1:vMBPortTimersEnable	8	static
../Core/modbus/port/porttimer.c:59:1:vMBPortTimersDisable	8	static
../Core/modbus/port/porttimer.c:73:6:prvvTIMERExpiredISR	8	static
