../Drivers/STM32C0xx_HAL_Driver/Inc/stm32c0xx_ll_usart.h:3475:22:LL_USART_EnableIT_RXNE_RXFNE	32	static,ignoring_inline_asm
../Drivers/STM32C0xx_HAL_Driver/Inc/stm32c0xx_ll_usart.h:3502:22:LL_USART_EnableIT_TXE_TXFNF	32	static,ignoring_inline_asm
../Drivers/STM32C0xx_HAL_Driver/Inc/stm32c0xx_ll_usart.h:3692:22:LL_USART_DisableIT_RXNE_RXFNE	32	static,ignoring_inline_asm
../Drivers/STM32C0xx_HAL_Driver/Inc/stm32c0xx_ll_usart.h:3719:22:LL_USART_DisableIT_TXE_TXFNF	32	static,ignoring_inline_asm
../Drivers/STM32C0xx_HAL_Driver/Inc/stm32c0xx_ll_usart.h:4253:25:LL_USART_ReceiveData8	16	static
../Drivers/STM32C0xx_HAL_Driver/Inc/stm32c0xx_ll_usart.h:4276:22:LL_USART_TransmitData8	16	static
../Core/modbus/port/portserial.c:35:1:vMBPortSerialEnable	16	static
../Core/modbus/port/portserial.c:48:1:xMBPortSerialInit	24	static
../Core/modbus/port/portserial.c:56:1:xMBPortSerialPutByte	16	static
../Core/modbus/port/portserial.c:68:1:xMBPortSerialPutBuffer	16	static
../Core/modbus/port/portserial.c:81:1:xMBPortSerialGetByte	16	static
../Core/modbus/port/portserial.c:100:6:prvvUARTTxReadyISR	8	static
../Core/modbus/port/portserial.c:110:6:prvvUARTRxISR	8	static
