../Drivers/CMSIS/Include/core_cm0plus.h:741:22:__NVIC_EnableIRQ	16	static,ignoring_inline_asm
../Drivers/CMSIS/Include/core_cm0plus.h:850:22:__NVIC_SetPriority	24	static
../Drivers/STM32C0xx_HAL_Driver/Inc/stm32c0xx_ll_tim.h:1676:22:LL_TIM_DisableARRPreload	16	static
../Drivers/STM32C0xx_HAL_Driver/Inc/stm32c0xx_ll_bus.h:478:22:LL_APB2_GRP1_EnableClock	24	static
../Core/Src/tim.c:30:6:MX_TIM14_Init	8	static
../Core/Src/tim.c:56:6:MX_TIM16_Init	32	static
../Core/Src/tim.c:88:6:HAL_TIM_Base_MspInit	24	static
../Core/Src/tim.c:108:6:HAL_TIM_Base_MspDeInit	16	static
