../Drivers/CMSIS/Include/core_cm0plus.h:741:22:__NVIC_EnableIRQ	16	static,ignoring_inline_asm
../Drivers/CMSIS/Include/core_cm0plus.h:850:22:__NVIC_SetPriority	24	static
../Drivers/STM32C0xx_HAL_Driver/Inc/stm32c0xx_ll_usart.h:628:22:LL_USART_Enable	16	static
../Drivers/STM32C0xx_HAL_Driver/Inc/stm32c0xx_ll_usart.h:2519:22:LL_USART_SetDEDeassertionTime	16	static
../Drivers/STM32C0xx_HAL_Driver/Inc/stm32c0xx_ll_usart.h:2546:22:LL_USART_SetDEAssertionTime	16	static
../Drivers/STM32C0xx_HAL_Driver/Inc/stm32c0xx_ll_usart.h:2572:22:LL_USART_EnableDEMode	16	static
../Drivers/STM32C0xx_HAL_Driver/Inc/stm32c0xx_ll_usart.h:2614:22:LL_USART_SetDESignalPolarity	16	static
../Drivers/STM32C0xx_HAL_Driver/Inc/stm32c0xx_ll_usart.h:2667:22:LL_USART_ConfigAsyncMode	16	static
../Drivers/STM32C0xx_HAL_Driver/Inc/stm32c0xx_ll_usart.h:3189:26:LL_USART_IsActiveFlag_TEACK	16	static
../Drivers/STM32C0xx_HAL_Driver/Inc/stm32c0xx_ll_usart.h:3200:26:LL_USART_IsActiveFlag_REACK	16	static
../Drivers/STM32C0xx_HAL_Driver/Inc/stm32c0xx_ll_bus.h:298:22:LL_APB1_GRP1_EnableClock	24	static
../Drivers/STM32C0xx_HAL_Driver/Inc/stm32c0xx_ll_bus.h:672:22:LL_IOP_GRP1_EnableClock	24	static
../Drivers/STM32C0xx_HAL_Driver/Inc/stm32c0xx_ll_dma.h:471:22:LL_DMA_SetDataTransferDirection	32	static
../Drivers/STM32C0xx_HAL_Driver/Inc/stm32c0xx_ll_dma.h:514:22:LL_DMA_SetMode	32	static
../Drivers/STM32C0xx_HAL_Driver/Inc/stm32c0xx_ll_dma.h:553:22:LL_DMA_SetPeriphIncMode	32	static
../Drivers/STM32C0xx_HAL_Driver/Inc/stm32c0xx_ll_dma.h:592:22:LL_DMA_SetMemoryIncMode	32	static
../Drivers/STM32C0xx_HAL_Driver/Inc/stm32c0xx_ll_dma.h:632:22:LL_DMA_SetPeriphSize	32	static
../Drivers/STM32C0xx_HAL_Driver/Inc/stm32c0xx_ll_dma.h:673:22:LL_DMA_SetMemorySize	32	static
../Drivers/STM32C0xx_HAL_Driver/Inc/stm32c0xx_ll_dma.h:715:22:LL_DMA_SetChannelPriorityLevel	32	static
../Drivers/STM32C0xx_HAL_Driver/Inc/stm32c0xx_ll_dma.h:1007:22:LL_DMA_SetPeriphRequest	24	static
../Core/Src/usart.c:29:6:MX_USART2_UART_Init	72	static
