Archive member included to satisfy reference by file (symbol)

C:/ST/STM32CubeIDE_1.14.1/STM32CubeIDE/plugins/com.st.stm32cube.ide.mcu.externaltools.gnu-tools-for-stm32.12.3.rel1.win32_1.0.200.202406191623/tools/bin/../lib/gcc/arm-none-eabi/12.3.1/../../../../arm-none-eabi/lib/thumb/v6-m/nofp\libc_nano.a(libc_a-assert.o)
                              ./addons/modbus/functions/mbutils.o (__assert_func)
C:/ST/STM32CubeIDE_1.14.1/STM32CubeIDE/plugins/com.st.stm32cube.ide.mcu.externaltools.gnu-tools-for-stm32.12.3.rel1.win32_1.0.200.202406191623/tools/bin/../lib/gcc/arm-none-eabi/12.3.1/../../../../arm-none-eabi/lib/thumb/v6-m/nofp\libc_nano.a(libc_a-exit.o)
                              C:/ST/STM32CubeIDE_1.14.1/STM32CubeIDE/plugins/com.st.stm32cube.ide.mcu.externaltools.gnu-tools-for-stm32.12.3.rel1.win32_1.0.200.202406191623/tools/bin/../lib/gcc/arm-none-eabi/12.3.1/../../../../arm-none-eabi/lib/thumb/v6-m/nofp/crt0.o (exit)
C:/ST/STM32CubeIDE_1.14.1/STM32CubeIDE/plugins/com.st.stm32cube.ide.mcu.externaltools.gnu-tools-for-stm32.12.3.rel1.win32_1.0.200.202406191623/tools/bin/../lib/gcc/arm-none-eabi/12.3.1/../../../../arm-none-eabi/lib/thumb/v6-m/nofp\libc_nano.a(libc_a-findfp.o)
                              C:/ST/STM32CubeIDE_1.14.1/STM32CubeIDE/plugins/com.st.stm32cube.ide.mcu.externaltools.gnu-tools-for-stm32.12.3.rel1.win32_1.0.200.202406191623/tools/bin/../lib/gcc/arm-none-eabi/12.3.1/../../../../arm-none-eabi/lib/thumb/v6-m/nofp\libc_nano.a(libc_a-exit.o) (__stdio_exit_handler)
C:/ST/STM32CubeIDE_1.14.1/STM32CubeIDE/plugins/com.st.stm32cube.ide.mcu.externaltools.gnu-tools-for-stm32.12.3.rel1.win32_1.0.200.202406191623/tools/bin/../lib/gcc/arm-none-eabi/12.3.1/../../../../arm-none-eabi/lib/thumb/v6-m/nofp\libc_nano.a(libc_a-fprintf.o)
                              C:/ST/STM32CubeIDE_1.14.1/STM32CubeIDE/plugins/com.st.stm32cube.ide.mcu.externaltools.gnu-tools-for-stm32.12.3.rel1.win32_1.0.200.202406191623/tools/bin/../lib/gcc/arm-none-eabi/12.3.1/../../../../arm-none-eabi/lib/thumb/v6-m/nofp\libc_nano.a(libc_a-assert.o) (fiprintf)
C:/ST/STM32CubeIDE_1.14.1/STM32CubeIDE/plugins/com.st.stm32cube.ide.mcu.externaltools.gnu-tools-for-stm32.12.3.rel1.win32_1.0.200.202406191623/tools/bin/../lib/gcc/arm-none-eabi/12.3.1/../../../../arm-none-eabi/lib/thumb/v6-m/nofp\libc_nano.a(libc_a-fwalk.o)
                              C:/ST/STM32CubeIDE_1.14.1/STM32CubeIDE/plugins/com.st.stm32cube.ide.mcu.externaltools.gnu-tools-for-stm32.12.3.rel1.win32_1.0.200.202406191623/tools/bin/../lib/gcc/arm-none-eabi/12.3.1/../../../../arm-none-eabi/lib/thumb/v6-m/nofp\libc_nano.a(libc_a-findfp.o) (_fwalk_sglue)
C:/ST/STM32CubeIDE_1.14.1/STM32CubeIDE/plugins/com.st.stm32cube.ide.mcu.externaltools.gnu-tools-for-stm32.12.3.rel1.win32_1.0.200.202406191623/tools/bin/../lib/gcc/arm-none-eabi/12.3.1/../../../../arm-none-eabi/lib/thumb/v6-m/nofp\libc_nano.a(libc_a-stdio.o)
                              C:/ST/STM32CubeIDE_1.14.1/STM32CubeIDE/plugins/com.st.stm32cube.ide.mcu.externaltools.gnu-tools-for-stm32.12.3.rel1.win32_1.0.200.202406191623/tools/bin/../lib/gcc/arm-none-eabi/12.3.1/../../../../arm-none-eabi/lib/thumb/v6-m/nofp\libc_nano.a(libc_a-findfp.o) (__sread)
C:/ST/STM32CubeIDE_1.14.1/STM32CubeIDE/plugins/com.st.stm32cube.ide.mcu.externaltools.gnu-tools-for-stm32.12.3.rel1.win32_1.0.200.202406191623/tools/bin/../lib/gcc/arm-none-eabi/12.3.1/../../../../arm-none-eabi/lib/thumb/v6-m/nofp\libc_nano.a(libc_a-memset.o)
                              C:/ST/STM32CubeIDE_1.14.1/STM32CubeIDE/plugins/com.st.stm32cube.ide.mcu.externaltools.gnu-tools-for-stm32.12.3.rel1.win32_1.0.200.202406191623/tools/bin/../lib/gcc/arm-none-eabi/12.3.1/../../../../arm-none-eabi/lib/thumb/v6-m/nofp/crt0.o (memset)
C:/ST/STM32CubeIDE_1.14.1/STM32CubeIDE/plugins/com.st.stm32cube.ide.mcu.externaltools.gnu-tools-for-stm32.12.3.rel1.win32_1.0.200.202406191623/tools/bin/../lib/gcc/arm-none-eabi/12.3.1/../../../../arm-none-eabi/lib/thumb/v6-m/nofp\libc_nano.a(libc_a-closer.o)
                              C:/ST/STM32CubeIDE_1.14.1/STM32CubeIDE/plugins/com.st.stm32cube.ide.mcu.externaltools.gnu-tools-for-stm32.12.3.rel1.win32_1.0.200.202406191623/tools/bin/../lib/gcc/arm-none-eabi/12.3.1/../../../../arm-none-eabi/lib/thumb/v6-m/nofp\libc_nano.a(libc_a-stdio.o) (_close_r)
C:/ST/STM32CubeIDE_1.14.1/STM32CubeIDE/plugins/com.st.stm32cube.ide.mcu.externaltools.gnu-tools-for-stm32.12.3.rel1.win32_1.0.200.202406191623/tools/bin/../lib/gcc/arm-none-eabi/12.3.1/../../../../arm-none-eabi/lib/thumb/v6-m/nofp\libc_nano.a(libc_a-reent.o)
                              C:/ST/STM32CubeIDE_1.14.1/STM32CubeIDE/plugins/com.st.stm32cube.ide.mcu.externaltools.gnu-tools-for-stm32.12.3.rel1.win32_1.0.200.202406191623/tools/bin/../lib/gcc/arm-none-eabi/12.3.1/../../../../arm-none-eabi/lib/thumb/v6-m/nofp\libc_nano.a(libc_a-closer.o) (errno)
[...]
Memory Configuration

Name             Origin             Length             Attributes
RAM              0x20000000         0x00003000         xrw
FLASH            0x08000000         0x00008000         xr
*default*        0x00000000         0xffffffff

Linker script and memory map

LOAD C:/ST/STM32CubeIDE_1.14.1/STM32CubeIDE/plugins/com.st.stm32cube.ide.mcu.externaltools.gnu-tools-for-stm32.12.3.rel1.win32_1.0.200.202406191623/tools/bin/../lib/gcc/arm-none-eabi/12.3.1/thumb/v6-m/nofp/crti.o
LOAD C:/ST/STM32CubeIDE_1.14.1/STM32CubeIDE/plugins/com.st.stm32cube.ide.mcu.externaltools.gnu-tools-for-stm32.12.3.rel1.win32_1.0.200.202406191623/tools/bin/../lib/gcc/arm-none-eabi/12.3.1/thumb/v6-m/nofp/crtbegin.o
LOAD C:/ST/STM32CubeIDE_1.14.1/STM32CubeIDE/plugins/com.st.stm32cube.ide.mcu.externaltools.gnu-tools-for-stm32.12.3.rel1.win32_1.0.200.202406191623/tools/bin/../lib/gcc/arm-none-eabi/12.3.1/../../../../arm-none-eabi/lib/thumb/v6-m/nofp/crt0.o
LOAD ./Core/Src/gpio.o
LOAD ./Core/Src/i2c.o
LOAD ./Core/Src/main.o
LOAD ./Core/Src/spi.o
LOAD ./Core/Src/stm32c0xx_hal_msp.o
LOAD ./Core/Src/stm32c0xx_it.o
LOAD ./Core/Src/syscalls.o
LOAD ./Core/Src/sysmem.o
LOAD ./Core/Src/system_stm32c0xx.o
LOAD ./Core/Src/tim.o
LOAD ./Core/Src/usart.o
LOAD ./Core/Startup/startup_stm32c031g6ux.o
LOAD ./Drivers/STM32C0xx_HAL_Driver/Src/stm32c0xx_hal.o
LOAD ./Drivers/STM32C0xx_HAL_Driver/Src/stm32c0xx_hal_cortex.o
LOAD ./Drivers/STM32C0xx_HAL_Driver/Src/stm32c0xx_hal_dma.o
LOAD ./Drivers/STM32C0xx_HAL_Driver/Src/stm32c0xx_hal_dma_ex.o
LOAD ./Drivers/STM32C0xx_HAL_Driver/Src/stm32c0xx_hal_exti.o
LOAD ./Drivers/STM32C0xx_HAL_Driver/Src/stm32c0xx_hal_flash.o
LOAD ./Drivers/STM32C0xx_HAL_Driver/Src/stm32c0xx_hal_flash_ex.o
LOAD ./Drivers/STM32C0xx_HAL_Driver/Src/stm32c0xx_hal_gpio.o
LOAD ./Drivers/STM32C0xx_HAL_Driver/Src/stm32c0xx_hal_i2c.o
LOAD ./Drivers/STM32C0xx_HAL_Driver/Src/stm32c0xx_hal_i2c_ex.o
LOAD ./Drivers/STM32C0xx_HAL_Driver/Src/stm32c0xx_hal_pwr.o
LOAD ./Drivers/STM32C0xx_HAL_Driver/Src/stm32c0xx_hal_pwr_ex.o
LOAD ./Drivers/STM32C0xx_HAL_Driver/Src/stm32c0xx_hal_rcc.o
LOAD ./Drivers/STM32C0xx_HAL_Driver/Src/stm32c0xx_hal_rcc_ex.o
LOAD ./Drivers/STM32C0xx_HAL_Driver/Src/stm32c0xx_hal_spi.o
LOAD ./Drivers/STM32C0xx_HAL_Driver/Src/stm32c0xx_hal_spi_ex.o
LOAD ./Drivers/STM32C0xx_HAL_Driver/Src/stm32c0xx_hal_tim.o
LOAD ./Drivers/STM32C0xx_HAL_Driver/Src/stm32c0xx_hal_tim_ex.o
LOAD ./Drivers/STM32C0xx_HAL_Driver/Src/stm32c0xx_ll_dma.o
LOAD ./Drivers/STM32C0xx_HAL_Driver/Src/stm32c0xx_ll_exti.o
LOAD ./Drivers/STM32C0xx_HAL_Driver/Src/stm32c0xx_ll_gpio.o
LOAD ./Drivers/STM32C0xx_HAL_Driver/Src/stm32c0xx_ll_rcc.o
LOAD ./Drivers/STM32C0xx_HAL_Driver/Src/stm32c0xx_ll_tim.o
LOAD ./Drivers/STM32C0xx_HAL_Driver/Src/stm32c0xx_ll_usart.o
LOAD ./Drivers/STM32C0xx_HAL_Driver/Src/stm32c0xx_ll_utils.o
LOAD ./addons/Src/housekeep.o
LOAD ./addons/Src/relay.o
LOAD ./addons/Src/settings.o
LOAD ./addons/modbus/ascii/mbascii.o
LOAD ./addons/modbus/functions/mbfunccoils.o
LOAD ./addons/modbus/functions/mbfuncdiag.o
LOAD ./addons/modbus/functions/mbfuncdisc.o
LOAD ./addons/modbus/functions/mbfuncholding.o
LOAD ./addons/modbus/functions/mbfuncinput.o
LOAD ./addons/modbus/functions/mbfuncother.o
LOAD ./addons/modbus/functions/mbutils.o
LOAD ./addons/modbus/mb.o
LOAD ./addons/modbus/port/port.o
LOAD ./addons/modbus/port/portevent.o
LOAD ./addons/modbus/port/portserial.o
LOAD ./addons/modbus/port/porttimer.o
LOAD ./addons/modbus/rtu/mbcrc.o
LOAD ./addons/modbus/rtu/mbrtu.o
LOAD ./addons/modbus/tcp/mbtcp.o
START GROUP
LOAD C:/ST/STM32CubeIDE_1.14.1/STM32CubeIDE/plugins/com.st.stm32cube.ide.mcu.externaltools.gnu-tools-for-stm32.12.3.rel1.win32_1.0.200.202406191623/tools/bin/../lib/gcc/arm-none-eabi/12.3.1/../../../../arm-none-eabi/lib/thumb/v6-m/nofp\libc_nano.a
LOAD C:/ST/STM32CubeIDE_1.14.1/STM32CubeIDE/plugins/com.st.stm32cube.ide.mcu.externaltools.gnu-tools-for-stm32.12.3.rel1.win32_1.0.200.202406191623/tools/bin/../lib/gcc/arm-none-eabi/12.3.1/../../../../arm-none-eabi/lib/thumb/v6-m/nofp\libm.a
END GROUP
START GROUP
LOAD C:/ST/STM32CubeIDE_1.14.1/STM32CubeIDE/plugins/com.st.stm32cube.ide.mcu.externaltools.gnu-tools-for-stm32.12.3.rel1.win32_1.0.200.202406191623/tools/bin/../lib/gcc/arm-none-eabi/12.3.1/thumb/v6-m/nofp\libgcc.a
LOAD C:/ST/STM32CubeIDE_1.14.1/STM32CubeIDE/plugins/com.st.stm32cube.ide.mcu.externaltools.gnu-tools-for-stm32.12.3.rel1.win32_1.0.200.202406191623/tools/bin/../lib/gcc/arm-none-eabi/12.3.1/../../../../arm-none-eabi/lib/thumb/v6-m/nofp\libc_nano.a
END GROUP
START GROUP
LOAD C:/ST/STM32CubeIDE_1.14.1/STM32CubeIDE/plugins/com.st.stm32cube.ide.mcu.externaltools.gnu-tools-for-stm32.12.3.rel1.win32_1.0.200.202406191623/tools/bin/../lib/gcc/arm-none-eabi/12.3.1/thumb/v6-m/nofp\libgcc.a
LOAD C:/ST/STM32CubeIDE_1.14.1/STM32CubeIDE/plugins/com.st.stm32cube.ide.mcu.externaltools.gnu-tools-for-stm32.12.3.rel1.win32_1.0.200.202406191623/tools/bin/../lib/gcc/arm-none-eabi/12.3.1/../../../../arm-none-eabi/lib/thumb/v6-m/nofp\libc_nano.a
LOAD C:/ST/STM32CubeIDE_1.14.1/STM32CubeIDE/plugins/com.st.stm32cube.ide.mcu.externaltools.gnu-tools-for-stm32.12.3.rel1.win32_1.0.200.202406191623/tools/bin/../lib/gcc/arm-none-eabi/12.3.1/../../../../arm-none-eabi/lib/thumb/v6-m/nofp\libnosys.a
END GROUP
START GROUP
LOAD C:/ST/STM32CubeIDE_1.14.1/STM32CubeIDE/plugins/com.st.stm32cube.ide.mcu.externaltools.gnu-tools-for-stm32.12.3.rel1.win32_1.0.200.202406191623/tools/bin/../lib/gcc/arm-none-eabi/12.3.1/thumb/v6-m/nofp\libgcc.a
LOAD C:/ST/STM32CubeIDE_1.14.1/STM32CubeIDE/plugins/com.st.stm32cube.ide.mcu.externaltools.gnu-tools-for-stm32.12.3.rel1.win32_1.0.200.202406191623/tools/bin/../lib/gcc/arm-none-eabi/12.3.1/../../../../arm-none-eabi/lib/thumb/v6-m/nofp\libc_nano.a
LOAD C:/ST/STM32CubeIDE_1.14.1/STM32CubeIDE/plugins/com.st.stm32cube.ide.mcu.externaltools.gnu-tools-for-stm32.12.3.rel1.win32_1.0.200.202406191623/tools/bin/../lib/gcc/arm-none-eabi/12.3.1/../../../../arm-none-eabi/lib/thumb/v6-m/nofp\libnosys.a
END GROUP
LOAD C:/ST/STM32CubeIDE_1.14.1/STM32CubeIDE/plugins/com.st.stm32cube.ide.mcu.externaltools.gnu-tools-for-stm32.12.3.rel1.win32_1.0.200.202406191623/tools/bin/../lib/gcc/arm-none-eabi/12.3.1/thumb/v6-m/nofp/crtend.o
LOAD C:/ST/STM32CubeIDE_1.14.1/STM32CubeIDE/plugins/com.st.stm32cube.ide.mcu.externaltools.gnu-tools-for-stm32.12.3.rel1.win32_1.0.200.202406191623/tools/bin/../lib/gcc/arm-none-eabi/12.3.1/thumb/v6-m/nofp/crtn.o
                0x20003000                        _estack = (ORIGIN (RAM) + LENGTH (RAM))
                0x00000200                        _Min_Heap_Size = 0x200
                0x00000400                        _Min_Stack_Size = 0x400

.isr_vector     0x08000000       0xc0
                0x08000000                        . = ALIGN (0x4)
 *(.isr_vector)
 .isr_vector    0x08000000       0xc0 ./Core/Startup/startup_stm32c031g6ux.o
                0x08000000                g_pfnVectors
                0x080000c0                        . = ALIGN (0x4)

.text           0x080000c0     0x42a0
                0x080000c0                        . = ALIGN (0x4)
 *(.text)
 .text          0x080000c0       0x48 C:/ST/STM32CubeIDE_1.14.1/STM32CubeIDE/plugins/com.st.stm32cube.ide.mcu.externaltools.gnu-tools-for-stm32.12.3.rel1.win32_1.0.200.202406191623/tools/bin/../lib/gcc/arm-none-eabi/12.3.1/thumb/v6-m/nofp/crtbegin.o
 .text          0x08000108       0x14 C:/ST/STM32CubeIDE_1.14.1/STM32CubeIDE/plugins/com.st.stm32cube.ide.mcu.externaltools.gnu-tools-for-stm32.12.3.rel1.win32_1.0.200.202406191623/tools/bin/../lib/gcc/arm-none-eabi/12.3.1/thumb/v6-m/nofp\libgcc.a(_thumb1_case_shi.o)
                0x08000108                __gnu_thumb1_case_shi
 .text          0x0800011c      0x114 C:/ST/STM32CubeIDE_1.14.1/STM32CubeIDE/plugins/com.st.stm32cube.ide.mcu.externaltools.gnu-tools-for-stm32.12.3.rel1.win32_1.0.200.202406191623/tools/bin/../lib/gcc/arm-none-eabi/12.3.1/thumb/v6-m/nofp\libgcc.a(_udivsi3.o)
                0x0800011c                __aeabi_uidiv
                0x0800011c                __udivsi3
                0x08000228                __aeabi_uidivmod
 .text          0x08000230        0x4 C:/ST/STM32CubeIDE_1.14.1/STM32CubeIDE/plugins/com.st.stm32cube.ide.mcu.externaltools.gnu-tools-for-stm32.12.3.rel1.win32_1.0.200.202406191623/tools/bin/../lib/gcc/arm-none-eabi/12.3.1/thumb/v6-m/nofp\libgcc.a(_dvmd_tls.o)
                0x08000230                __aeabi_idiv0
                0x08000230                __aeabi_ldiv0
 *(.text*)
 .text.MX_GPIO_Init
                0x08000234       0x58 ./Core/Src/gpio.o
                0x08000234                MX_GPIO_Init
 .text.MX_I2C1_Init
                0x0800028c       0x60 ./Core/Src/i2c.o
                0x0800028c                MX_I2C1_Init
 .text.HAL_I2C_MspInit
                0x080002ec       0xb8 ./Core/Src/i2c.o
                0x080002ec                HAL_I2C_MspInit
 .text.SystemClock_Config
                0x080003a4       0x54 ./Core/Src/main.o
                0x080003a4                SystemClock_Config
 .text.main     0x080003f8       0x4c ./Core/Src/main.o
                0x080003f8                main
 .text.Error_Handler
                0x08000444        0x4 ./Core/Src/main.o
                0x08000444                Error_Handler
 .text.MX_SPI1_Init
                0x08000448       0x40 ./Core/Src/spi.o
                0x08000448                MX_SPI1_Init
 .text.HAL_SPI_MspInit
                0x08000488       0xac ./Core/Src/spi.o
                0x08000488                HAL_SPI_MspInit
 .text.HAL_MspInit
                0x08000534       0x30 ./Core/Src/stm32c0xx_hal_msp.o
                0x08000534                HAL_MspInit
 .text.NMI_Handler
                0x08000564        0x2 ./Core/Src/stm32c0xx_it.o
                0x08000564                NMI_Handler
 .text.HardFault_Handler
                0x08000566        0x2 ./Core/Src/stm32c0xx_it.o
                0x08000566                HardFault_Handler
 .text.SVC_Handler
                0x08000568        0x2 ./Core/Src/stm32c0xx_it.o
                0x08000568                SVC_Handler
 .text.PendSV_Handler
                0x0800056a        0x2 ./Core/Src/stm32c0xx_it.o
                0x0800056a                PendSV_Handler
 .text.SysTick_Handler
                0x0800056c        0x8 ./Core/Src/stm32c0xx_it.o
                0x0800056c                SysTick_Handler
 .text.TIM14_IRQHandler
                0x08000574       0x14 ./Core/Src/stm32c0xx_it.o
                0x08000574                TIM14_IRQHandler
 .text.TIM16_IRQHandler
                0x08000588       0x24 ./Core/Src/stm32c0xx_it.o
                0x08000588                TIM16_IRQHandler
 .text.USART1_IRQHandler
                0x080005ac       0x40 ./Core/Src/stm32c0xx_it.o
                0x080005ac                USART1_IRQHandler
 .text._getpid  0x080005ec        0x4 ./Core/Src/syscalls.o
                0x080005ec                _getpid
 .text._kill    0x080005f0       0x10 ./Core/Src/syscalls.o
                0x080005f0                _kill
 .text._exit    0x08000600        0xc ./Core/Src/syscalls.o
                0x08000600                _exit
 .text._read    0x0800060c       0x1a ./Core/Src/syscalls.o
                0x0800060c                _read
 .text._write   0x08000626       0x1a ./Core/Src/syscalls.o
                0x08000626                _write
 .text._close   0x08000640        0x6 ./Core/Src/syscalls.o
                0x08000640                _close
 .text._fstat   0x08000646        0xa ./Core/Src/syscalls.o
                0x08000646                _fstat
 .text._isatty  0x08000650        0x4 ./Core/Src/syscalls.o
                0x08000650                _isatty
 .text._lseek   0x08000654        0x4 ./Core/Src/syscalls.o
                0x08000654                _lseek
 .text._sbrk    0x08000658       0x48 ./Core/Src/sysmem.o
                0x08000658                _sbrk
 .text.SystemInit
                0x080006a0       0x10 ./Core/Src/system_stm32c0xx.o
                0x080006a0                SystemInit
 .text.MX_TIM14_Init
                0x080006b0       0x34 ./Core/Src/tim.o
                0x080006b0                MX_TIM14_Init
 .text.MX_TIM16_Init
                0x080006e4       0x78 ./Core/Src/tim.o
                0x080006e4                MX_TIM16_Init
 .text.HAL_TIM_Base_MspInit
                0x0800075c       0x40 ./Core/Src/tim.o
                0x0800075c                HAL_TIM_Base_MspInit
 .text.MX_USART1_UART_Init
                0x0800079c      0x1a4 ./Core/Src/usart.o
                0x0800079c                MX_USART1_UART_Init
 .text.Reset_Handler
                0x08000940       0x50 ./Core/Startup/startup_stm32c031g6ux.o
                0x08000940                Reset_Handler
 .text.Default_Handler
                0x08000990        0x2 ./Core/Startup/startup_stm32c031g6ux.o
                0x08000990                TIM1_CC_IRQHandler
                0x08000990                I2C1_IRQHandler
                0x08000990                DMAMUX1_IRQHandler
                0x08000990                SPI1_IRQHandler
                0x08000990                EXTI2_3_IRQHandler
                0x08000990                ADC1_IRQHandler
                0x08000990                TIM17_IRQHandler
                0x08000990                RTC_IRQHandler
                0x08000990                TIM3_IRQHandler
                0x08000990                EXTI4_15_IRQHandler
                0x08000990                RCC_IRQHandler
                0x08000990                DMA1_Channel1_IRQHandler
                0x08000990                Default_Handler
                0x08000990                EXTI0_1_IRQHandler
                0x08000990                WWDG_IRQHandler
                0x08000990                DMA1_Channel2_3_IRQHandler
                0x08000990                USART2_IRQHandler
                0x08000990                FLASH_IRQHandler
                0x08000990                TIM1_BRK_UP_TRG_COM_IRQHandler
 *fill*         0x08000992        0x2 
 .text.HAL_InitTick
                0x08000994       0x50 ./Drivers/STM32C0xx_HAL_Driver/Src/stm32c0xx_hal.o
                0x08000994                HAL_InitTick
 .text.HAL_Init
                0x080009e4       0x18 ./Drivers/STM32C0xx_HAL_Driver/Src/stm32c0xx_hal.o
                0x080009e4                HAL_Init
 .text.HAL_IncTick
                0x080009fc       0x18 ./Drivers/STM32C0xx_HAL_Driver/Src/stm32c0xx_hal.o
                0x080009fc                HAL_IncTick
 .text.HAL_GetTick
                0x08000a14        0xc ./Drivers/STM32C0xx_HAL_Driver/Src/stm32c0xx_hal.o
                0x08000a14                HAL_GetTick
 .text.HAL_Delay
                0x08000a20       0x24 ./Drivers/STM32C0xx_HAL_Driver/Src/stm32c0xx_hal.o
                0x08000a20                HAL_Delay
 .text.HAL_NVIC_SetPriority
                0x08000a44       0x64 ./Drivers/STM32C0xx_HAL_Driver/Src/stm32c0xx_hal_cortex.o
                0x08000a44                HAL_NVIC_SetPriority
 .text.HAL_NVIC_EnableIRQ
                0x08000aa8       0x18 ./Drivers/STM32C0xx_HAL_Driver/Src/stm32c0xx_hal_cortex.o
                0x08000aa8                HAL_NVIC_EnableIRQ
 .text.HAL_NVIC_SystemReset
                0x08000ac0       0x1c ./Drivers/STM32C0xx_HAL_Driver/Src/stm32c0xx_hal_cortex.o
                0x08000ac0                HAL_NVIC_SystemReset
 .text.HAL_SYSTICK_Config
                0x08000adc       0x38 ./Drivers/STM32C0xx_HAL_Driver/Src/stm32c0xx_hal_cortex.o
                0x08000adc                HAL_SYSTICK_Config
 .text.HAL_FLASH_Unlock
                0x08000b14       0x28 ./Drivers/STM32C0xx_HAL_Driver/Src/stm32c0xx_hal_flash.o
                0x08000b14                HAL_FLASH_Unlock
 .text.HAL_FLASH_Lock
                0x08000b3c       0x18 ./Drivers/STM32C0xx_HAL_Driver/Src/stm32c0xx_hal_flash.o
                0x08000b3c                HAL_FLASH_Lock
 .text.FLASH_WaitForLastOperation
                0x08000b54       0x64 ./Drivers/STM32C0xx_HAL_Driver/Src/stm32c0xx_hal_flash.o
                0x08000b54                FLASH_WaitForLastOperation
 .text.HAL_FLASH_Program
                0x08000bb8       0x6c ./Drivers/STM32C0xx_HAL_Driver/Src/stm32c0xx_hal_flash.o
                0x08000bb8                HAL_FLASH_Program
 .text.FLASH_PageErase
                0x08000c24       0x1c ./Drivers/STM32C0xx_HAL_Driver/Src/stm32c0xx_hal_flash_ex.o
                0x08000c24                FLASH_PageErase
 .text.HAL_GPIO_Init
                0x08000c40      0x1bc ./Drivers/STM32C0xx_HAL_Driver/Src/stm32c0xx_hal_gpio.o
                0x08000c40                HAL_GPIO_Init
 .text.I2C_Flush_TXDR
                0x08000dfc       0x1e ./Drivers/STM32C0xx_HAL_Driver/Src/stm32c0xx_hal_i2c.o
 *fill*         0x08000e1a        0x2 
 .text.I2C_TransferConfig
                0x08000e1c       0x30 ./Drivers/STM32C0xx_HAL_Driver/Src/stm32c0xx_hal_i2c.o
 .text.I2C_IsErrorOccurred
                0x08000e4c      0x11c ./Drivers/STM32C0xx_HAL_Driver/Src/stm32c0xx_hal_i2c.o
 .text.I2C_WaitOnTXISFlagUntilTimeout
                0x08000f68       0x5c ./Drivers/STM32C0xx_HAL_Driver/Src/stm32c0xx_hal_i2c.o
 .text.I2C_WaitOnFlagUntilTimeout
                0x08000fc4       0x8a ./Drivers/STM32C0xx_HAL_Driver/Src/stm32c0xx_hal_i2c.o
 .text.I2C_WaitOnSTOPFlagUntilTimeout
                0x0800104e       0x74 ./Drivers/STM32C0xx_HAL_Driver/Src/stm32c0xx_hal_i2c.o
 *fill*         0x080010c2        0x2 
 .text.HAL_I2C_Init
                0x080010c4       0xdc ./Drivers/STM32C0xx_HAL_Driver/Src/stm32c0xx_hal_i2c.o
                0x080010c4                HAL_I2C_Init
 .text.HAL_I2C_Master_Transmit
                0x080011a0      0x1a4 ./Drivers/STM32C0xx_HAL_Driver/Src/stm32c0xx_hal_i2c.o
                0x080011a0                HAL_I2C_Master_Transmit
 .text.HAL_I2CEx_ConfigAnalogFilter
                0x08001344       0x58 ./Drivers/STM32C0xx_HAL_Driver/Src/stm32c0xx_hal_i2c_ex.o
                0x08001344                HAL_I2CEx_ConfigAnalogFilter
 .text.HAL_I2CEx_ConfigDigitalFilter
                0x0800139c       0x54 ./Drivers/STM32C0xx_HAL_Driver/Src/stm32c0xx_hal_i2c_ex.o
                0x0800139c                HAL_I2CEx_ConfigDigitalFilter
 .text.HAL_RCC_OscConfig
                0x080013f0      0x2d4 ./Drivers/STM32C0xx_HAL_Driver/Src/stm32c0xx_hal_rcc.o
                0x080013f0                HAL_RCC_OscConfig
 .text.HAL_RCC_GetSysClockFreq
                0x080016c4       0x78 ./Drivers/STM32C0xx_HAL_Driver/Src/stm32c0xx_hal_rcc.o
                0x080016c4                HAL_RCC_GetSysClockFreq
 .text.HAL_RCC_ClockConfig
                0x0800173c      0x1ac ./Drivers/STM32C0xx_HAL_Driver/Src/stm32c0xx_hal_rcc.o
                0x0800173c                HAL_RCC_ClockConfig
 .text.HAL_RCCEx_PeriphCLKConfig
                0x080018e8      0x13c ./Drivers/STM32C0xx_HAL_Driver/Src/stm32c0xx_hal_rcc_ex.o
                0x080018e8                HAL_RCCEx_PeriphCLKConfig
 .text.HAL_SPI_Init
                0x08001a24       0xf8 ./Drivers/STM32C0xx_HAL_Driver/Src/stm32c0xx_hal_spi.o
                0x08001a24                HAL_SPI_Init
 .text.HAL_TIM_Base_Start_IT
                0x08001b1c       0x64 ./Drivers/STM32C0xx_HAL_Driver/Src/stm32c0xx_hal_tim.o
                0x08001b1c                HAL_TIM_Base_Start_IT
 .text.HAL_TIM_PeriodElapsedCallback
                0x08001b80        0x2 ./Drivers/STM32C0xx_HAL_Driver/Src/stm32c0xx_hal_tim.o
                0x08001b80                HAL_TIM_PeriodElapsedCallback
 .text.HAL_TIM_OC_DelayElapsedCallback
                0x08001b82        0x2 ./Drivers/STM32C0xx_HAL_Driver/Src/stm32c0xx_hal_tim.o
                0x08001b82                HAL_TIM_OC_DelayElapsedCallback
 .text.HAL_TIM_IC_CaptureCallback
                0x08001b84        0x2 ./Drivers/STM32C0xx_HAL_Driver/Src/stm32c0xx_hal_tim.o
                0x08001b84                HAL_TIM_IC_CaptureCallback
 .text.HAL_TIM_PWM_PulseFinishedCallback
                0x08001b86        0x2 ./Drivers/STM32C0xx_HAL_Driver/Src/stm32c0xx_hal_tim.o
                0x08001b86                HAL_TIM_PWM_PulseFinishedCallback
 .text.HAL_TIM_TriggerCallback
                0x08001b88        0x2 ./Drivers/STM32C0xx_HAL_Driver/Src/stm32c0xx_hal_tim.o
                0x08001b88                HAL_TIM_TriggerCallback
 *fill*         0x08001b8a        0x2 
 .text.HAL_TIM_IRQHandler
                0x08001b8c      0x164 ./Drivers/STM32C0xx_HAL_Driver/Src/stm32c0xx_hal_tim.o
                0x08001b8c                HAL_TIM_IRQHandler
 .text.TIM_Base_SetConfig
                0x08001cf0       0xe4 ./Drivers/STM32C0xx_HAL_Driver/Src/stm32c0xx_hal_tim.o
                0x08001cf0                TIM_Base_SetConfig
 .text.HAL_TIM_Base_Init
                0x08001dd4       0x60 ./Drivers/STM32C0xx_HAL_Driver/Src/stm32c0xx_hal_tim.o
                0x08001dd4                HAL_TIM_Base_Init
 .text.HAL_TIMEx_CommutCallback
                0x08001e34        0x2 ./Drivers/STM32C0xx_HAL_Driver/Src/stm32c0xx_hal_tim_ex.o
                0x08001e34                HAL_TIMEx_CommutCallback
 .text.HAL_TIMEx_BreakCallback
                0x08001e36        0x2 ./Drivers/STM32C0xx_HAL_Driver/Src/stm32c0xx_hal_tim_ex.o
                0x08001e36                HAL_TIMEx_BreakCallback
 .text.HAL_TIMEx_Break2Callback
                0x08001e38        0x2 ./Drivers/STM32C0xx_HAL_Driver/Src/stm32c0xx_hal_tim_ex.o
                0x08001e38                HAL_TIMEx_Break2Callback
 .text.LL_GPIO_Init
                0x08001e3a       0xd2 ./Drivers/STM32C0xx_HAL_Driver/Src/stm32c0xx_ll_gpio.o
                0x08001e3a                LL_GPIO_Init
 .text.RCC_GetSystemClockFreq
                0x08001f0c       0x60 ./Drivers/STM32C0xx_HAL_Driver/Src/stm32c0xx_ll_rcc.o
                0x08001f0c                RCC_GetSystemClockFreq
 .text.RCC_GetHCLKClockFreq
                0x08001f6c       0x20 ./Drivers/STM32C0xx_HAL_Driver/Src/stm32c0xx_ll_rcc.o
                0x08001f6c                RCC_GetHCLKClockFreq
 .text.RCC_GetPCLK1ClockFreq
                0x08001f8c       0x20 ./Drivers/STM32C0xx_HAL_Driver/Src/stm32c0xx_ll_rcc.o
                0x08001f8c                RCC_GetPCLK1ClockFreq
 .text.LL_RCC_GetSystemClocksFreq
                0x08001fac       0x18 ./Drivers/STM32C0xx_HAL_Driver/Src/stm32c0xx_ll_rcc.o
                0x08001fac                LL_RCC_GetSystemClocksFreq
 .text.LL_RCC_GetUSARTClockFreq
                0x08001fc4       0x84 ./Drivers/STM32C0xx_HAL_Driver/Src/stm32c0xx_ll_rcc.o
                0x08001fc4                LL_RCC_GetUSARTClockFreq
 .text.LL_TIM_Init
                0x08002048       0xb4 ./Drivers/STM32C0xx_HAL_Driver/Src/stm32c0xx_ll_tim.o
                0x08002048                LL_TIM_Init
 .text.LL_USART_Init
                0x080020fc       0xfc ./Drivers/STM32C0xx_HAL_Driver/Src/stm32c0xx_ll_usart.o
                0x080020fc                LL_USART_Init
 .text.start_housekeeping
                0x080021f8       0x10 ./addons/Src/housekeep.o
                0x080021f8                start_housekeeping
 .text.check_for_settings_changes
                0x08002208       0x14 ./addons/Src/housekeep.o
                0x08002208                check_for_settings_changes
 .text.housekeeping_tasks_callback
                0x0800221c       0x3c ./addons/Src/housekeep.o
                0x0800221c                housekeeping_tasks_callback
 .text.relay_check_expanders
                0x08002258       0x5c ./addons/Src/relay.o
                0x08002258                relay_check_expanders
 .text.relay_mcp_init
                0x080022b4       0x88 ./addons/Src/relay.o
                0x080022b4                relay_mcp_init
 .text.swap_bits
                0x0800233c       0x24 ./addons/Src/relay.o
                0x0800233c                swap_bits
 .text.relay_return_values
                0x08002360       0x18 ./addons/Src/relay.o
                0x08002360                relay_return_values
 .text.relay_write_line
                0x08002378       0x88 ./addons/Src/relay.o
                0x08002378                relay_write_line
 .text.relay_settings_parser
                0x08002400       0x4a ./addons/Src/relay.o
                0x08002400                relay_settings_parser
 .text.compare_arrays
                0x0800244a       0x24 ./addons/Src/relay.o
                0x0800244a                compare_arrays
 *fill*         0x0800246e        0x2 
 .text.btn_adress_change
                0x08002470       0x40 ./addons/Src/settings.o
                0x08002470                btn_adress_change
 .text.btn_press_time
                0x080024b0       0x44 ./addons/Src/settings.o
                0x080024b0                btn_press_time
 .text.system_settings
                0x080024f4       0x1c ./addons/Src/settings.o
                0x080024f4                system_settings
 .text.MB_startup
                0x08002510       0xfc ./addons/Src/settings.o
                0x08002510                MB_startup
 .text.write_u16_to_u8
                0x0800260c       0x1a ./addons/Src/settings.o
                0x0800260c                write_u16_to_u8
 *fill*         0x08002626        0x2 
 .text.relay_settings
                0x08002628       0x4c ./addons/Src/settings.o
                0x08002628                relay_settings
 .text.settings_init
                0x08002674       0x60 ./addons/Src/settings.o
                0x08002674                settings_init
 .text.eMBFuncReadCoils
                0x080026d4       0x78 ./addons/modbus/functions/mbfunccoils.o
                0x080026d4                eMBFuncReadCoils
 .text.eMBFuncWriteCoil
                0x0800274c       0x58 ./addons/modbus/functions/mbfunccoils.o
                0x0800274c                eMBFuncWriteCoil
 .text.eMBFuncWriteMultipleCoils
                0x080027a4       0x64 ./addons/modbus/functions/mbfunccoils.o
                0x080027a4                eMBFuncWriteMultipleCoils
 .text.eMBFuncReadDiscreteInputs
                0x08002808       0x74 ./addons/modbus/functions/mbfuncdisc.o
                0x08002808                eMBFuncReadDiscreteInputs
 .text.eMBFuncWriteHoldingRegister
                0x0800287c       0x2e ./addons/modbus/functions/mbfuncholding.o
                0x0800287c                eMBFuncWriteHoldingRegister
 .text.eMBFuncWriteMultipleHoldingRegister
                0x080028aa       0x54 ./addons/modbus/functions/mbfuncholding.o
                0x080028aa                eMBFuncWriteMultipleHoldingRegister
 .text.eMBFuncReadHoldingRegister
                0x080028fe       0x5c ./addons/modbus/functions/mbfuncholding.o
                0x080028fe                eMBFuncReadHoldingRegister
 .text.eMBFuncReadWriteMultipleHoldingRegister
                0x0800295a       0xa8 ./addons/modbus/functions/mbfuncholding.o
                0x0800295a                eMBFuncReadWriteMultipleHoldingRegister
 .text.eMBFuncReadInputRegister
                0x08002a02       0x60 ./addons/modbus/functions/mbfuncinput.o
                0x08002a02                eMBFuncReadInputRegister
 *fill*         0x08002a62        0x2 
 .text.eMBFuncReportSlaveID
                0x08002a64       0x24 ./addons/modbus/functions/mbfuncother.o
                0x08002a64                eMBFuncReportSlaveID
 .text.prveMBError2Exception
                0x08002a88       0x18 ./addons/modbus/functions/mbutils.o
                0x08002a88                prveMBError2Exception
 .text.eMBInit  0x08002aa0       0xb8 ./addons/modbus/mb.o
                0x08002aa0                eMBInit
 .text.eMBEnable
                0x08002b58       0x28 ./addons/modbus/mb.o
                0x08002b58                eMBEnable
 .text.eMBPoll  0x08002b80      0x114 ./addons/modbus/mb.o
                0x08002b80                eMBPoll
 .text.eMBRegInputCB
                0x08002c94       0x58 ./addons/modbus/port/port.o
                0x08002c94                eMBRegInputCB
 .text.eMBRegHoldingCB
                0x08002cec       0x94 ./addons/modbus/port/port.o
                0x08002cec                eMBRegHoldingCB
 .text.eMBRegCoilsCB
                0x08002d80       0xcc ./addons/modbus/port/port.o
                0x08002d80                eMBRegCoilsCB
 .text.eMBRegDiscreteCB
                0x08002e4c       0x70 ./addons/modbus/port/port.o
                0x08002e4c                eMBRegDiscreteCB
 .text.xMBPortEventInit
                0x08002ebc       0x10 ./addons/modbus/port/portevent.o
                0x08002ebc                xMBPortEventInit
 .text.xMBPortEventPost
                0x08002ecc       0x18 ./addons/modbus/port/portevent.o
                0x08002ecc                xMBPortEventPost
 .text.xMBPortEventGet
                0x08002ee4       0x24 ./addons/modbus/port/portevent.o
                0x08002ee4                xMBPortEventGet
 .text.vMBPortSerialEnable
                0x08002f08       0x74 ./addons/modbus/port/portserial.o
                0x08002f08                vMBPortSerialEnable
 .text.xMBPortSerialInit
                0x08002f7c        0x4 ./addons/modbus/port/portserial.o
                0x08002f7c                xMBPortSerialInit
 .text.xMBPortSerialPutByte
                0x08002f80        0xc ./addons/modbus/port/portserial.o
                0x08002f80                xMBPortSerialPutByte
 .text.xMBPortSerialGetByte
                0x08002f8c       0x10 ./addons/modbus/port/portserial.o
                0x08002f8c                xMBPortSerialGetByte
 .text.prvvUARTTxReadyISR
                0x08002f9c       0x10 ./addons/modbus/port/portserial.o
                0x08002f9c                prvvUARTTxReadyISR
 .text.prvvUARTRxISR
                0x08002fac       0x10 ./addons/modbus/port/portserial.o
                0x08002fac                prvvUARTRxISR
 .text.xMBPortTimersInit
                0x08002fbc       0x20 ./addons/modbus/port/porttimer.o
                0x08002fbc                xMBPortTimersInit
 .text.vMBPortTimersEnable
                0x08002fdc       0x20 ./addons/modbus/port/porttimer.o
                0x08002fdc                vMBPortTimersEnable
 .text.vMBPortTimersDisable
                0x08002ffc       0x1c ./addons/modbus/port/porttimer.o
                0x08002ffc                vMBPortTimersDisable
 .text.prvvTIMERExpiredISR
                0x08003018       0x10 ./addons/modbus/port/porttimer.o
                0x08003018                prvvTIMERExpiredISR
 .text.usMBCRC16
                0x08003028       0x3c ./addons/modbus/rtu/mbcrc.o
                0x08003028                usMBCRC16
 .text.eMBRTUInit
                0x08003064       0x48 ./addons/modbus/rtu/mbrtu.o
                0x08003064                eMBRTUInit
 .text.eMBRTUStart
                0x080030ac       0x20 ./addons/modbus/rtu/mbrtu.o
                0x080030ac                eMBRTUStart
 .text.eMBRTUStop
                0x080030cc       0x14 ./addons/modbus/rtu/mbrtu.o
                0x080030cc                eMBRTUStop
 .text.eMBRTUReceive
                0x080030e0       0x6c ./addons/modbus/rtu/mbrtu.o
                0x080030e0                eMBRTUReceive
 .text.eMBRTUSend
                0x0800314c       0x78 ./addons/modbus/rtu/mbrtu.o
                0x0800314c                eMBRTUSend
 .text.xMBRTUReceiveFSM
                0x080031c4       0xb4 ./addons/modbus/rtu/mbrtu.o
                0x080031c4                xMBRTUReceiveFSM
 .text.xMBRTUTransmitFSM
                0x08003278       0x94 ./addons/modbus/rtu/mbrtu.o
                0x08003278                xMBRTUTransmitFSM
 .text.xMBRTUTimerT35Expired
                0x0800330c       0x78 ./addons/modbus/rtu/mbrtu.o
                0x0800330c                xMBRTUTimerT35Expired
 .text.__assert_func
                0x08003384       0x3c C:/ST/STM32CubeIDE_1.14.1/STM32CubeIDE/plugins/com.st.stm32cube.ide.mcu.externaltools.gnu-tools-for-stm32.12.3.rel1.win32_1.0.200.202406191623/tools/bin/../lib/gcc/arm-none-eabi/12.3.1/../../../../arm-none-eabi/lib/thumb/v6-m/nofp\libc_nano.a(libc_a-assert.o)
                0x08003384                __assert_func
 .text.std      0x080033c0       0x6c C:/ST/STM32CubeIDE_1.14.1/STM32CubeIDE/plugins/com.st.stm32cube.ide.mcu.externaltools.gnu-tools-for-stm32.12.3.rel1.win32_1.0.200.202406191623/tools/bin/../lib/gcc/arm-none-eabi/12.3.1/../../../../arm-none-eabi/lib/thumb/v6-m/nofp\libc_nano.a(libc_a-findfp.o)
 .text.stdio_exit_handler
                0x0800342c       0x1c C:/ST/STM32CubeIDE_1.14.1/STM32CubeIDE/plugins/com.st.stm32cube.ide.mcu.externaltools.gnu-tools-for-stm32.12.3.rel1.win32_1.0.200.202406191623/tools/bin/../lib/gcc/arm-none-eabi/12.3.1/../../../../arm-none-eabi/lib/thumb/v6-m/nofp\libc_nano.a(libc_a-findfp.o)
 .text.cleanup_stdio
                0x08003448       0x3c C:/ST/STM32CubeIDE_1.14.1/STM32CubeIDE/plugins/com.st.stm32cube.ide.mcu.externaltools.gnu-tools-for-stm32.12.3.rel1.win32_1.0.200.202406191623/tools/bin/../lib/gcc/arm-none-eabi/12.3.1/../../../../arm-none-eabi/lib/thumb/v6-m/nofp\libc_nano.a(libc_a-findfp.o)
 .text.global_stdio_init.part.0
                0x08003484       0x3c C:/ST/STM32CubeIDE_1.14.1/STM32CubeIDE/plugins/com.st.stm32cube.ide.mcu.externaltools.gnu-tools-for-stm32.12.3.rel1.win32_1.0.200.202406191623/tools/bin/../lib/gcc/arm-none-eabi/12.3.1/../../../../arm-none-eabi/lib/thumb/v6-m/nofp\libc_nano.a(libc_a-findfp.o)
 .text.__sfp_lock_acquire
                0x080034c0       0x10 C:/ST/STM32CubeIDE_1.14.1/STM32CubeIDE/plugins/com.st.stm32cube.ide.mcu.externaltools.gnu-tools-for-stm32.12.3.rel1.win32_1.0.200.202406191623/tools/bin/../lib/gcc/arm-none-eabi/12.3.1/../../../../arm-none-eabi/lib/thumb/v6-m/nofp\libc_nano.a(libc_a-findfp.o)
                0x080034c0                __sfp_lock_acquire
 .text.__sfp_lock_release
                0x080034d0       0x10 C:/ST/STM32CubeIDE_1.14.1/STM32CubeIDE/plugins/com.st.stm32cube.ide.mcu.externaltools.gnu-tools-for-stm32.12.3.rel1.win32_1.0.200.202406191623/tools/bin/../lib/gcc/arm-none-eabi/12.3.1/../../../../arm-none-eabi/lib/thumb/v6-m/nofp\libc_nano.a(libc_a-findfp.o)
                0x080034d0                __sfp_lock_release
 .text.__sinit  0x080034e0       0x30 C:/ST/STM32CubeIDE_1.14.1/STM32CubeIDE/plugins/com.st.stm32cube.ide.mcu.externaltools.gnu-tools-for-stm32.12.3.rel1.win32_1.0.200.202406191623/tools/bin/../lib/gcc/arm-none-eabi/12.3.1/../../../../arm-none-eabi/lib/thumb/v6-m/nofp\libc_nano.a(libc_a-findfp.o)
                0x080034e0                __sinit
 .text.fprintf  0x08003510       0x20 C:/ST/STM32CubeIDE_1.14.1/STM32CubeIDE/plugins/com.st.stm32cube.ide.mcu.externaltools.gnu-tools-for-stm32.12.3.rel1.win32_1.0.200.202406191623/tools/bin/../lib/gcc/arm-none-eabi/12.3.1/../../../../arm-none-eabi/lib/thumb/v6-m/nofp\libc_nano.a(libc_a-fprintf.o)
                0x08003510                fiprintf
                0x08003510                fprintf
 .text._fwalk_sglue
                0x08003530       0x38 C:/ST/STM32CubeIDE_1.14.1/STM32CubeIDE/plugins/com.st.stm32cube.ide.mcu.externaltools.gnu-tools-for-stm32.12.3.rel1.win32_1.0.200.202406191623/tools/bin/../lib/gcc/arm-none-eabi/12.3.1/../../../../arm-none-eabi/lib/thumb/v6-m/nofp\libc_nano.a(libc_a-fwalk.o)
                0x08003530                _fwalk_sglue
 .text.__sread  0x08003568       0x28 C:/ST/STM32CubeIDE_1.14.1/STM32CubeIDE/plugins/com.st.stm32cube.ide.mcu.externaltools.gnu-tools-for-stm32.12.3.rel1.win32_1.0.200.202406191623/tools/bin/../lib/gcc/arm-none-eabi/12.3.1/../../../../arm-none-eabi/lib/thumb/v6-m/nofp\libc_nano.a(libc_a-stdio.o)
                0x08003568                __sread
 .text.__swrite
                0x08003590       0x38 C:/ST/STM32CubeIDE_1.14.1/STM32CubeIDE/plugins/com.st.stm32cube.ide.mcu.externaltools.gnu-tools-for-stm32.12.3.rel1.win32_1.0.200.202406191623/tools/bin/../lib/gcc/arm-none-eabi/12.3.1/../../../../arm-none-eabi/lib/thumb/v6-m/nofp\libc_nano.a(libc_a-stdio.o)
                0x08003590                __swrite
 .text.__sseek  0x080035c8       0x2c C:/ST/STM32CubeIDE_1.14.1/STM32CubeIDE/plugins/com.st.stm32cube.ide.mcu.externaltools.gnu-tools-for-stm32.12.3.rel1.win32_1.0.200.202406191623/tools/bin/../lib/gcc/arm-none-eabi/12.3.1/../../../../arm-none-eabi/lib/thumb/v6-m/nofp\libc_nano.a(libc_a-stdio.o)
                0x080035c8                __sseek
 .text.__sclose
                0x080035f4        0xc C:/ST/STM32CubeIDE_1.14.1/STM32CubeIDE/plugins/com.st.stm32cube.ide.mcu.externaltools.gnu-tools-for-stm32.12.3.rel1.win32_1.0.200.202406191623/tools/bin/../lib/gcc/arm-none-eabi/12.3.1/../../../../arm-none-eabi/lib/thumb/v6-m/nofp\libc_nano.a(libc_a-stdio.o)
                0x080035f4                __sclose
 .text.memset   0x08003600       0x10 C:/ST/STM32CubeIDE_1.14.1/STM32CubeIDE/plugins/com.st.stm32cube.ide.mcu.externaltools.gnu-tools-for-stm32.12.3.rel1.win32_1.0.200.202406191623/tools/bin/../lib/gcc/arm-none-eabi/12.3.1/../../../../arm-none-eabi/lib/thumb/v6-m/nofp\libc_nano.a(libc_a-memset.o)
                0x08003600                memset
 .text._close_r
                0x08003610       0x24 C:/ST/STM32CubeIDE_1.14.1/STM32CubeIDE/plugins/com.st.stm32cube.ide.mcu.externaltools.gnu-tools-for-stm32.12.3.rel1.win32_1.0.200.202406191623/tools/bin/../lib/gcc/arm-none-eabi/12.3.1/../../../../arm-none-eabi/lib/thumb/v6-m/nofp\libc_nano.a(libc_a-closer.o)
                0x08003610                _close_r
 .text._lseek_r
                0x08003634       0x28 C:/ST/STM32CubeIDE_1.14.1/STM32CubeIDE/plugins/com.st.stm32cube.ide.mcu.externaltools.gnu-tools-for-stm32.12.3.rel1.win32_1.0.200.202406191623/tools/bin/../lib/gcc/arm-none-eabi/12.3.1/../../../../arm-none-eabi/lib/thumb/v6-m/nofp\libc_nano.a(libc_a-lseekr.o)
                0x08003634                _lseek_r
 .text._read_r  0x0800365c       0x28 C:/ST/STM32CubeIDE_1.14.1/STM32CubeIDE/plugins/com.st.stm32cube.ide.mcu.externaltools.gnu-tools-for-stm32.12.3.rel1.win32_1.0.200.202406191623/tools/bin/../lib/gcc/arm-none-eabi/12.3.1/../../../../arm-none-eabi/lib/thumb/v6-m/nofp\libc_nano.a(libc_a-readr.o)
                0x0800365c                _read_r
 .text._write_r
                0x08003684       0x28 C:/ST/STM32CubeIDE_1.14.1/STM32CubeIDE/plugins/com.st.stm32cube.ide.mcu.externaltools.gnu-tools-for-stm32.12.3.rel1.win32_1.0.200.202406191623/tools/bin/../lib/gcc/arm-none-eabi/12.3.1/../../../../arm-none-eabi/lib/thumb/v6-m/nofp\libc_nano.a(libc_a-writer.o)
                0x08003684                _write_r
 .text.__errno  0x080036ac        0xc C:/ST/STM32CubeIDE_1.14.1/STM32CubeIDE/plugins/com.st.stm32cube.ide.mcu.externaltools.gnu-tools-for-stm32.12.3.rel1.win32_1.0.200.202406191623/tools/bin/../lib/gcc/arm-none-eabi/12.3.1/../../../../arm-none-eabi/lib/thumb/v6-m/nofp\libc_nano.a(libc_a-errno.o)
                0x080036ac                __errno
 .text.__libc_init_array
                0x080036b8       0x48 C:/ST/STM32CubeIDE_1.14.1/STM32CubeIDE/plugins/com.st.stm32cube.ide.mcu.externaltools.gnu-tools-for-stm32.12.3.rel1.win32_1.0.200.202406191623/tools/bin/../lib/gcc/arm-none-eabi/12.3.1/../../../../arm-none-eabi/lib/thumb/v6-m/nofp\libc_nano.a(libc_a-init.o)
                0x080036b8                __libc_init_array
 .text.__retarget_lock_init_recursive
                0x08003700        0x2 C:/ST/STM32CubeIDE_1.14.1/STM32CubeIDE/plugins/com.st.stm32cube.ide.mcu.externaltools.gnu-tools-for-stm32.12.3.rel1.win32_1.0.200.202406191623/tools/bin/../lib/gcc/arm-none-eabi/12.3.1/../../../../arm-none-eabi/lib/thumb/v6-m/nofp\libc_nano.a(libc_a-lock.o)
                0x08003700                __retarget_lock_init_recursive
 .text.__retarget_lock_acquire_recursive
                0x08003702        0x2 C:/ST/STM32CubeIDE_1.14.1/STM32CubeIDE/plugins/com.st.stm32cube.ide.mcu.externaltools.gnu-tools-for-stm32.12.3.rel1.win32_1.0.200.202406191623/tools/bin/../lib/gcc/arm-none-eabi/12.3.1/../../../../arm-none-eabi/lib/thumb/v6-m/nofp\libc_nano.a(libc_a-lock.o)
                0x08003702                __retarget_lock_acquire_recursive
 .text.__retarget_lock_release_recursive
                0x08003704        0x2 C:/ST/STM32CubeIDE_1.14.1/STM32CubeIDE/plugins/com.st.stm32cube.ide.mcu.externaltools.gnu-tools-for-stm32.12.3.rel1.win32_1.0.200.202406191623/tools/bin/../lib/gcc/arm-none-eabi/12.3.1/../../../../arm-none-eabi/lib/thumb/v6-m/nofp\libc_nano.a(libc_a-lock.o)
                0x08003704                __retarget_lock_release_recursive
 .text.memcpy   0x08003706       0x12 C:/ST/STM32CubeIDE_1.14.1/STM32CubeIDE/plugins/com.st.stm32cube.ide.mcu.externaltools.gnu-tools-for-stm32.12.3.rel1.win32_1.0.200.202406191623/tools/bin/../lib/gcc/arm-none-eabi/12.3.1/../../../../arm-none-eabi/lib/thumb/v6-m/nofp\libc_nano.a(libc_a-memcpy-stub.o)
                0x08003706                memcpy
 .text.abort    0x08003718        0xe C:/ST/STM32CubeIDE_1.14.1/STM32CubeIDE/plugins/com.st.stm32cube.ide.mcu.externaltools.gnu-tools-for-stm32.12.3.rel1.win32_1.0.200.202406191623/tools/bin/../lib/gcc/arm-none-eabi/12.3.1/../../../../arm-none-eabi/lib/thumb/v6-m/nofp\libc_nano.a(libc_a-abort.o)
                0x08003718                abort
 *fill*         0x08003726        0x2 
 .text._free_r  0x08003728       0x94 C:/ST/STM32CubeIDE_1.14.1/STM32CubeIDE/plugins/com.st.stm32cube.ide.mcu.externaltools.gnu-tools-for-stm32.12.3.rel1.win32_1.0.200.202406191623/tools/bin/../lib/gcc/arm-none-eabi/12.3.1/../../../../arm-none-eabi/lib/thumb/v6-m/nofp\libc_nano.a(libc_a-freer.o)
                0x08003728                _free_r
 .text.sbrk_aligned
                0x080037bc       0x44 C:/ST/STM32CubeIDE_1.14.1/STM32CubeIDE/plugins/com.st.stm32cube.ide.mcu.externaltools.gnu-tools-for-stm32.12.3.rel1.win32_1.0.200.202406191623/tools/bin/../lib/gcc/arm-none-eabi/12.3.1/../../../../arm-none-eabi/lib/thumb/v6-m/nofp\libc_nano.a(libc_a-mallocr.o)
 .text._malloc_r
                0x08003800      0x100 C:/ST/STM32CubeIDE_1.14.1/STM32CubeIDE/plugins/com.st.stm32cube.ide.mcu.externaltools.gnu-tools-for-stm32.12.3.rel1.win32_1.0.200.202406191623/tools/bin/../lib/gcc/arm-none-eabi/12.3.1/../../../../arm-none-eabi/lib/thumb/v6-m/nofp\libc_nano.a(libc_a-mallocr.o)
                0x08003800                _malloc_r
 .text.__malloc_lock
                0x08003900       0x10 C:/ST/STM32CubeIDE_1.14.1/STM32CubeIDE/plugins/com.st.stm32cube.ide.mcu.externaltools.gnu-tools-for-stm32.12.3.rel1.win32_1.0.200.202406191623/tools/bin/../lib/gcc/arm-none-eabi/12.3.1/../../../../arm-none-eabi/lib/thumb/v6-m/nofp\libc_nano.a(libc_a-mlock.o)
                0x08003900                __malloc_lock
 .text.__malloc_unlock
                0x08003910       0x10 C:/ST/STM32CubeIDE_1.14.1/STM32CubeIDE/plugins/com.st.stm32cube.ide.mcu.externaltools.gnu-tools-for-stm32.12.3.rel1.win32_1.0.200.202406191623/tools/bin/../lib/gcc/arm-none-eabi/12.3.1/../../../../arm-none-eabi/lib/thumb/v6-m/nofp\libc_nano.a(libc_a-mlock.o)
                0x08003910                __malloc_unlock
 .text.__sfputc_r
                0x08003920       0x2a C:/ST/STM32CubeIDE_1.14.1/STM32CubeIDE/plugins/com.st.stm32cube.ide.mcu.externaltools.gnu-tools-for-stm32.12.3.rel1.win32_1.0.200.202406191623/tools/bin/../lib/gcc/arm-none-eabi/12.3.1/../../../../arm-none-eabi/lib/thumb/v6-m/nofp\libc_nano.a(libc_a-nano-vfprintf.o)
 .text.__sfputs_r
                0x0800394a       0x24 C:/ST/STM32CubeIDE_1.14.1/STM32CubeIDE/plugins/com.st.stm32cube.ide.mcu.externaltools.gnu-tools-for-stm32.12.3.rel1.win32_1.0.200.202406191623/tools/bin/../lib/gcc/arm-none-eabi/12.3.1/../../../../arm-none-eabi/lib/thumb/v6-m/nofp\libc_nano.a(libc_a-nano-vfprintf.o)
                0x0800394a                __sfputs_r
 *fill*         0x0800396e        0x2 
 .text._vfprintf_r
                0x08003970      0x238 C:/ST/STM32CubeIDE_1.14.1/STM32CubeIDE/plugins/com.st.stm32cube.ide.mcu.externaltools.gnu-tools-for-stm32.12.3.rel1.win32_1.0.200.202406191623/tools/bin/../lib/gcc/arm-none-eabi/12.3.1/../../../../arm-none-eabi/lib/thumb/v6-m/nofp\libc_nano.a(libc_a-nano-vfprintf.o)
                0x08003970                _vfprintf_r
                0x08003970                _vfiprintf_r
 .text._printf_common
                0x08003ba8       0xde C:/ST/STM32CubeIDE_1.14.1/STM32CubeIDE/plugins/com.st.stm32cube.ide.mcu.externaltools.gnu-tools-for-stm32.12.3.rel1.win32_1.0.200.202406191623/tools/bin/../lib/gcc/arm-none-eabi/12.3.1/../../../../arm-none-eabi/lib/thumb/v6-m/nofp\libc_nano.a(libc_a-nano-vfprintf_i.o)
                0x08003ba8                _printf_common
 *fill*         0x08003c86        0x2 
 .text._printf_i
                0x08003c88      0x21c C:/ST/STM32CubeIDE_1.14.1/STM32CubeIDE/plugins/com.st.stm32cube.ide.mcu.externaltools.gnu-tools-for-stm32.12.3.rel1.win32_1.0.200.202406191623/tools/bin/../lib/gcc/arm-none-eabi/12.3.1/../../../../arm-none-eabi/lib/thumb/v6-m/nofp\libc_nano.a(libc_a-nano-vfprintf_i.o)
                0x08003c88                _printf_i
 .text.__sflush_r
                0x08003ea4      0x10c C:/ST/STM32CubeIDE_1.14.1/STM32CubeIDE/plugins/com.st.stm32cube.ide.mcu.externaltools.gnu-tools-for-stm32.12.3.rel1.win32_1.0.200.202406191623/tools/bin/../lib/gcc/arm-none-eabi/12.3.1/../../../../arm-none-eabi/lib/thumb/v6-m/nofp\libc_nano.a(libc_a-fflush.o)
                0x08003ea4                __sflush_r
 .text._fflush_r
                0x08003fb0       0x56 C:/ST/STM32CubeIDE_1.14.1/STM32CubeIDE/plugins/com.st.stm32cube.ide.mcu.externaltools.gnu-tools-for-stm32.12.3.rel1.win32_1.0.200.202406191623/tools/bin/../lib/gcc/arm-none-eabi/12.3.1/../../../../arm-none-eabi/lib/thumb/v6-m/nofp\libc_nano.a(libc_a-fflush.o)
                0x08003fb0                _fflush_r
 .text.__swbuf_r
                0x08004006       0x84 C:/ST/STM32CubeIDE_1.14.1/STM32CubeIDE/plugins/com.st.stm32cube.ide.mcu.externaltools.gnu-tools-for-stm32.12.3.rel1.win32_1.0.200.202406191623/tools/bin/../lib/gcc/arm-none-eabi/12.3.1/../../../../arm-none-eabi/lib/thumb/v6-m/nofp\libc_nano.a(libc_a-wbuf.o)
                0x08004006                __swbuf_r
 *fill*         0x0800408a        0x2 
 .text.__swsetup_r
                0x0800408c       0xbc C:/ST/STM32CubeIDE_1.14.1/STM32CubeIDE/plugins/com.st.stm32cube.ide.mcu.externaltools.gnu-tools-for-stm32.12.3.rel1.win32_1.0.200.202406191623/tools/bin/../lib/gcc/arm-none-eabi/12.3.1/../../../../arm-none-eabi/lib/thumb/v6-m/nofp\libc_nano.a(libc_a-wsetup.o)
                0x0800408c                __swsetup_r
 .text._raise_r
                0x08004148       0x52 C:/ST/STM32CubeIDE_1.14.1/STM32CubeIDE/plugins/com.st.stm32cube.ide.mcu.externaltools.gnu-tools-for-stm32.12.3.rel1.win32_1.0.200.202406191623/tools/bin/../lib/gcc/arm-none-eabi/12.3.1/../../../../arm-none-eabi/lib/thumb/v6-m/nofp\libc_nano.a(libc_a-signal.o)
                0x08004148                _raise_r
 *fill*         0x0800419a        0x2 
 .text.raise    0x0800419c       0x14 C:/ST/STM32CubeIDE_1.14.1/STM32CubeIDE/plugins/com.st.stm32cube.ide.mcu.externaltools.gnu-tools-for-stm32.12.3.rel1.win32_1.0.200.202406191623/tools/bin/../lib/gcc/arm-none-eabi/12.3.1/../../../../arm-none-eabi/lib/thumb/v6-m/nofp\libc_nano.a(libc_a-signal.o)
                0x0800419c                raise
 .text._kill_r  0x080041b0       0x24 C:/ST/STM32CubeIDE_1.14.1/STM32CubeIDE/plugins/com.st.stm32cube.ide.mcu.externaltools.gnu-tools-for-stm32.12.3.rel1.win32_1.0.200.202406191623/tools/bin/../lib/gcc/arm-none-eabi/12.3.1/../../../../arm-none-eabi/lib/thumb/v6-m/nofp\libc_nano.a(libc_a-signalr.o)
                0x080041b0                _kill_r
 .text._getpid_r
                0x080041d4        0x8 C:/ST/STM32CubeIDE_1.14.1/STM32CubeIDE/plugins/com.st.stm32cube.ide.mcu.externaltools.gnu-tools-for-stm32.12.3.rel1.win32_1.0.200.202406191623/tools/bin/../lib/gcc/arm-none-eabi/12.3.1/../../../../arm-none-eabi/lib/thumb/v6-m/nofp\libc_nano.a(libc_a-signalr.o)
                0x080041d4                _getpid_r
 .text._sbrk_r  0x080041dc       0x24 C:/ST/STM32CubeIDE_1.14.1/STM32CubeIDE/plugins/com.st.stm32cube.ide.mcu.externaltools.gnu-tools-for-stm32.12.3.rel1.win32_1.0.200.202406191623/tools/bin/../lib/gcc/arm-none-eabi/12.3.1/../../../../arm-none-eabi/lib/thumb/v6-m/nofp\libc_nano.a(libc_a-sbrkr.o)
                0x080041dc                _sbrk_r
 .text.memchr   0x08004200       0x16 C:/ST/STM32CubeIDE_1.14.1/STM32CubeIDE/plugins/com.st.stm32cube.ide.mcu.externaltools.gnu-tools-for-stm32.12.3.rel1.win32_1.0.200.202406191623/tools/bin/../lib/gcc/arm-none-eabi/12.3.1/../../../../arm-none-eabi/lib/thumb/v6-m/nofp\libc_nano.a(libc_a-memchr-stub.o)
                0x08004200                memchr
 *fill*         0x08004216        0x2 
 .text.__swhatbuf_r
                0x08004218       0x54 C:/ST/STM32CubeIDE_1.14.1/STM32CubeIDE/plugins/com.st.stm32cube.ide.mcu.externaltools.gnu-tools-for-stm32.12.3.rel1.win32_1.0.200.202406191623/tools/bin/../lib/gcc/arm-none-eabi/12.3.1/../../../../arm-none-eabi/lib/thumb/v6-m/nofp\libc_nano.a(libc_a-makebuf.o)
                0x08004218                __swhatbuf_r
 .text.__smakebuf_r
                0x0800426c       0x82 C:/ST/STM32CubeIDE_1.14.1/STM32CubeIDE/plugins/com.st.stm32cube.ide.mcu.externaltools.gnu-tools-for-stm32.12.3.rel1.win32_1.0.200.202406191623/tools/bin/../lib/gcc/arm-none-eabi/12.3.1/../../../../arm-none-eabi/lib/thumb/v6-m/nofp\libc_nano.a(libc_a-makebuf.o)
                0x0800426c                __smakebuf_r
 *fill*         0x080042ee        0x2 
 .text._fstat_r
                0x080042f0       0x24 C:/ST/STM32CubeIDE_1.14.1/STM32CubeIDE/plugins/com.st.stm32cube.ide.mcu.externaltools.gnu-tools-for-stm32.12.3.rel1.win32_1.0.200.202406191623/tools/bin/../lib/gcc/arm-none-eabi/12.3.1/../../../../arm-none-eabi/lib/thumb/v6-m/nofp\libc_nano.a(libc_a-fstatr.o)
                0x080042f0                _fstat_r
 .text._isatty_r
                0x08004314       0x24 C:/ST/STM32CubeIDE_1.14.1/STM32CubeIDE/plugins/com.st.stm32cube.ide.mcu.externaltools.gnu-tools-for-stm32.12.3.rel1.win32_1.0.200.202406191623/tools/bin/../lib/gcc/arm-none-eabi/12.3.1/../../../../arm-none-eabi/lib/thumb/v6-m/nofp\libc_nano.a(libc_a-isattyr.o)
                0x08004314                _isatty_r
 *(.glue_7)
 .glue_7        0x08004338        0x0 linker stubs
 *(.glue_7t)
 .glue_7t       0x08004338        0x0 linker stubs
 *(.eh_frame)
 .eh_frame      0x08004338        0x0 C:/ST/STM32CubeIDE_1.14.1/STM32CubeIDE/plugins/com.st.stm32cube.ide.mcu.externaltools.gnu-tools-for-stm32.12.3.rel1.win32_1.0.200.202406191623/tools/bin/../lib/gcc/arm-none-eabi/12.3.1/thumb/v6-m/nofp/crtbegin.o
 *(.init)
 .init          0x08004338        0x4 C:/ST/STM32CubeIDE_1.14.1/STM32CubeIDE/plugins/com.st.stm32cube.ide.mcu.externaltools.gnu-tools-for-stm32.12.3.rel1.win32_1.0.200.202406191623/tools/bin/../lib/gcc/arm-none-eabi/12.3.1/thumb/v6-m/nofp/crti.o
                0x08004338                _init
 .init          0x0800433c        0x8 C:/ST/STM32CubeIDE_1.14.1/STM32CubeIDE/plugins/com.st.stm32cube.ide.mcu.externaltools.gnu-tools-for-stm32.12.3.rel1.win32_1.0.200.202406191623/tools/bin/../lib/gcc/arm-none-eabi/12.3.1/thumb/v6-m/nofp/crtn.o
 *(.fini)
 .fini          0x08004344        0x4 C:/ST/STM32CubeIDE_1.14.1/STM32CubeIDE/plugins/com.st.stm32cube.ide.mcu.externaltools.gnu-tools-for-stm32.12.3.rel1.win32_1.0.200.202406191623/tools/bin/../lib/gcc/arm-none-eabi/12.3.1/thumb/v6-m/nofp/crti.o
                0x08004344                _fini
 .fini          0x08004348        0x8 C:/ST/STM32CubeIDE_1.14.1/STM32CubeIDE/plugins/com.st.stm32cube.ide.mcu.externaltools.gnu-tools-for-stm32.12.3.rel1.win32_1.0.200.202406191623/tools/bin/../lib/gcc/arm-none-eabi/12.3.1/thumb/v6-m/nofp/crtn.o
 .fini.__stub   0x08004350       0x10 linker stubs
                0x08004360                        . = ALIGN (0x4)
                0x08004360                        _etext = .

.vfp11_veneer   0x08004360        0x0
 .vfp11_veneer  0x08004360        0x0 linker stubs

.v4_bx          0x08004360        0x0
 .v4_bx         0x08004360        0x0 linker stubs

.iplt           0x08004360        0x0
 .iplt          0x08004360        0x0 C:/ST/STM32CubeIDE_1.14.1/STM32CubeIDE/plugins/com.st.stm32cube.ide.mcu.externaltools.gnu-tools-for-stm32.12.3.rel1.win32_1.0.200.202406191623/tools/bin/../lib/gcc/arm-none-eabi/12.3.1/thumb/v6-m/nofp/crtbegin.o

.rodata         0x08004360      0x464
                0x08004360                        . = ALIGN (0x4)
 *(.rodata)
 .rodata        0x08004360        0x7 ./addons/Src/relay.o
 *(.rodata*)
 *fill*         0x08004367        0x1 
 .rodata.APBPrescTable
                0x08004368       0x20 ./Core/Src/system_stm32c0xx.o
                0x08004368                APBPrescTable
 .rodata.AHBPrescTable
                0x08004388       0x40 ./Core/Src/system_stm32c0xx.o
                0x08004388                AHBPrescTable
 .rodata.USART_PRESCALER_TAB
                0x080043c8       0x30 ./Drivers/STM32C0xx_HAL_Driver/Src/stm32c0xx_ll_usart.o
 .rodata.relay_check_expanders.str1.4
                0x080043f8        0x0 ./addons/Src/relay.o
                                  0x1 (size before relaxing)
 .rodata.relay_write_line
                0x080043f8       0x28 ./addons/Src/relay.o
 .rodata.aucCRCLo
                0x08004420      0x100 ./addons/modbus/rtu/mbcrc.o
 .rodata.aucCRCHi
                0x08004520      0x100 ./addons/modbus/rtu/mbcrc.o
 .rodata.eMBRTUReceive.str1.4
                0x08004620       0x45 ./addons/modbus/rtu/mbrtu.o
 *fill*         0x08004665        0x3 
 .rodata.xMBRTUReceiveFSM.str1.4
                0x08004668       0x1b ./addons/modbus/rtu/mbrtu.o
 *fill*         0x08004683        0x1 
 .rodata.xMBRTUTransmitFSM.str1.4
                0x08004684       0x1b ./addons/modbus/rtu/mbrtu.o
 *fill*         0x0800469f        0x1 
 .rodata.xMBRTUTimerT35Expired.str1.4
                0x080046a0       0x63 ./addons/modbus/rtu/mbrtu.o
 *fill*         0x08004703        0x1 
 .rodata.__func__.0
                0x08004704       0x16 ./addons/modbus/rtu/mbrtu.o
 *fill*         0x0800471a        0x2 
 .rodata.__func__.1
                0x0800471c       0x12 ./addons/modbus/rtu/mbrtu.o
 *fill*         0x0800472e        0x2 
 .rodata.__func__.2
                0x08004730       0x11 ./addons/modbus/rtu/mbrtu.o
 *fill*         0x08004741        0x3 
 .rodata.__func__.3
                0x08004744        0xe ./addons/modbus/rtu/mbrtu.o
 .rodata.__assert_func.str1.1
                0x08004752       0x3c C:/ST/STM32CubeIDE_1.14.1/STM32CubeIDE/plugins/com.st.stm32cube.ide.mcu.externaltools.gnu-tools-for-stm32.12.3.rel1.win32_1.0.200.202406191623/tools/bin/../lib/gcc/arm-none-eabi/12.3.1/../../../../arm-none-eabi/lib/thumb/v6-m/nofp\libc_nano.a(libc_a-assert.o)
                                 0x3d (size before relaxing)
 .rodata._vfprintf_r.str1.1
                0x0800478e       0x11 C:/ST/STM32CubeIDE_1.14.1/STM32CubeIDE/plugins/com.st.stm32cube.ide.mcu.externaltools.gnu-tools-for-stm32.12.3.rel1.win32_1.0.200.202406191623/tools/bin/../lib/gcc/arm-none-eabi/12.3.1/../../../../arm-none-eabi/lib/thumb/v6-m/nofp\libc_nano.a(libc_a-nano-vfprintf.o)
 .rodata._printf_i.str1.1
                0x0800479f       0x22 C:/ST/STM32CubeIDE_1.14.1/STM32CubeIDE/plugins/com.st.stm32cube.ide.mcu.externaltools.gnu-tools-for-stm32.12.3.rel1.win32_1.0.200.202406191623/tools/bin/../lib/gcc/arm-none-eabi/12.3.1/../../../../arm-none-eabi/lib/thumb/v6-m/nofp\libc_nano.a(libc_a-nano-vfprintf_i.o)
                0x080047c4                        . = ALIGN (0x4)
 *fill*         0x080047c1        0x3 

.ARM.extab      0x080047c4        0x0
                0x080047c4                        . = ALIGN (0x4)
 *(.ARM.extab* .gnu.linkonce.armextab.*)
                0x080047c4                        . = ALIGN (0x4)

.ARM            0x080047c4        0x0
                0x080047c4                        . = ALIGN (0x4)
                0x080047c4                        __exidx_start = .
 *(.ARM.exidx*)
                0x080047c4                        __exidx_end = .
                0x080047c4                        . = ALIGN (0x4)

.preinit_array  0x080047c4        0x0
                0x080047c4                        . = ALIGN (0x4)
                0x080047c4                        PROVIDE (__preinit_array_start = .)
 *(.preinit_array*)
                0x080047c4                        PROVIDE (__preinit_array_end = .)
                0x080047c4                        . = ALIGN (0x4)

.init_array     0x080047c4        0x4
                0x080047c4                        . = ALIGN (0x4)
                0x080047c4                        PROVIDE (__init_array_start = .)
 *(SORT_BY_NAME(.init_array.*))
 *(.init_array*)
 .init_array    0x080047c4        0x4 C:/ST/STM32CubeIDE_1.14.1/STM32CubeIDE/plugins/com.st.stm32cube.ide.mcu.externaltools.gnu-tools-for-stm32.12.3.rel1.win32_1.0.200.202406191623/tools/bin/../lib/gcc/arm-none-eabi/12.3.1/thumb/v6-m/nofp/crtbegin.o
                0x080047c8                        PROVIDE (__init_array_end = .)
                0x080047c8                        . = ALIGN (0x4)

.fini_array     0x080047c8        0x4
                0x080047c8                        . = ALIGN (0x4)
                [!provide]                        PROVIDE (__fini_array_start = .)
 *(SORT_BY_NAME(.fini_array.*))
 *(.fini_array*)
 .fini_array    0x080047c8        0x4 C:/ST/STM32CubeIDE_1.14.1/STM32CubeIDE/plugins/com.st.stm32cube.ide.mcu.externaltools.gnu-tools-for-stm32.12.3.rel1.win32_1.0.200.202406191623/tools/bin/../lib/gcc/arm-none-eabi/12.3.1/thumb/v6-m/nofp/crtbegin.o
                [!provide]                        PROVIDE (__fini_array_end = .)
                0x080047cc                        . = ALIGN (0x4)
                0x080047cc                        _sidata = LOADADDR (.data)

.rel.dyn        0x080047cc        0x0
 .rel.iplt      0x080047cc        0x0 C:/ST/STM32CubeIDE_1.14.1/STM32CubeIDE/plugins/com.st.stm32cube.ide.mcu.externaltools.gnu-tools-for-stm32.12.3.rel1.win32_1.0.200.202406191623/tools/bin/../lib/gcc/arm-none-eabi/12.3.1/thumb/v6-m/nofp/crtbegin.o

.data           0x20000000      0x130 load address 0x080047cc
                0x20000000                        . = ALIGN (0x4)
                0x20000000                        _sdata = .
 *(.data)
 *(.data*)
 .data.SystemCoreClock
                0x20000000        0x4 ./Core/Src/system_stm32c0xx.o
                0x20000000                SystemCoreClock
 .data.uwTickFreq
                0x20000004        0x1 ./Drivers/STM32C0xx_HAL_Driver/Src/stm32c0xx_hal.o
                0x20000004                uwTickFreq
 *fill*         0x20000005        0x3 
 .data.uwTickPrio
                0x20000008        0x4 ./Drivers/STM32C0xx_HAL_Driver/Src/stm32c0xx_hal.o
                0x20000008                uwTickPrio
 .data.xFuncHandlers
                0x2000000c       0x80 ./addons/modbus/mb.o
 .data.eMBState
                0x2000008c        0x1 ./addons/modbus/mb.o
 *fill*         0x2000008d        0x1 
 .data.usRegDiscreteStart
                0x2000008e        0x2 ./addons/modbus/port/port.o
                0x2000008e                usRegDiscreteStart
 .data.usRegCoilStart
                0x20000090        0x2 ./addons/modbus/port/port.o
                0x20000090                usRegCoilStart
 .data.usRegHoldingStart
                0x20000092        0x2 ./addons/modbus/port/port.o
                0x20000092                usRegHoldingStart
 .data.usRegInputStart
                0x20000094        0x2 ./addons/modbus/port/port.o
                0x20000094                usRegInputStart
 *fill*         0x20000096        0x2 
 .data.__sglue  0x20000098        0xc C:/ST/STM32CubeIDE_1.14.1/STM32CubeIDE/plugins/com.st.stm32cube.ide.mcu.externaltools.gnu-tools-for-stm32.12.3.rel1.win32_1.0.200.202406191623/tools/bin/../lib/gcc/arm-none-eabi/12.3.1/../../../../arm-none-eabi/lib/thumb/v6-m/nofp\libc_nano.a(libc_a-findfp.o)
                0x20000098                __sglue
 .data._impure_ptr
                0x200000a4        0x4 C:/ST/STM32CubeIDE_1.14.1/STM32CubeIDE/plugins/com.st.stm32cube.ide.mcu.externaltools.gnu-tools-for-stm32.12.3.rel1.win32_1.0.200.202406191623/tools/bin/../lib/gcc/arm-none-eabi/12.3.1/../../../../arm-none-eabi/lib/thumb/v6-m/nofp\libc_nano.a(libc_a-impure.o)
                0x200000a4                _impure_ptr
 .data._impure_data
                0x200000a8       0x4c C:/ST/STM32CubeIDE_1.14.1/STM32CubeIDE/plugins/com.st.stm32cube.ide.mcu.externaltools.gnu-tools-for-stm32.12.3.rel1.win32_1.0.200.202406191623/tools/bin/../lib/gcc/arm-none-eabi/12.3.1/../../../../arm-none-eabi/lib/thumb/v6-m/nofp\libc_nano.a(libc_a-impure.o)
                0x200000a8                _impure_data
 *(.RamFunc)
 .RamFunc       0x200000f4       0x3c ./Drivers/STM32C0xx_HAL_Driver/Src/stm32c0xx_hal_flash.o
 *(.RamFunc*)
                0x20000130                        . = ALIGN (0x4)
                0x20000130                        _edata = .

.igot.plt       0x20000130        0x0 load address 0x080048fc
 .igot.plt      0x20000130        0x0 C:/ST/STM32CubeIDE_1.14.1/STM32CubeIDE/plugins/com.st.stm32cube.ide.mcu.externaltools.gnu-tools-for-stm32.12.3.rel1.win32_1.0.200.202406191623/tools/bin/../lib/gcc/arm-none-eabi/12.3.1/thumb/v6-m/nofp/crtbegin.o
                0x20000130                        . = ALIGN (0x4)

.bss            0x20000130      0x708 load address 0x080048fc
                0x20000130                        _sbss = .
                0x20000130                        __bss_start__ = _sbss
 *(.bss)
 .bss           0x20000130       0x1c C:/ST/STM32CubeIDE_1.14.1/STM32CubeIDE/plugins/com.st.stm32cube.ide.mcu.externaltools.gnu-tools-for-stm32.12.3.rel1.win32_1.0.200.202406191623/tools/bin/../lib/gcc/arm-none-eabi/12.3.1/thumb/v6-m/nofp/crtbegin.o
 *(.bss*)
 .bss.hi2c1     0x2000014c       0x54 ./Core/Src/i2c.o
                0x2000014c                hi2c1
 .bss.hspi1     0x200001a0       0x64 ./Core/Src/spi.o
                0x200001a0                hspi1
 .bss.__sbrk_heap_end
                0x20000204        0x4 ./Core/Src/sysmem.o
 .bss.htim14    0x20000208       0x4c ./Core/Src/tim.o
                0x20000208                htim14
 .bss.uwTick    0x20000254        0x4 ./Drivers/STM32C0xx_HAL_Driver/Src/stm32c0xx_hal.o
                0x20000254                uwTick
 .bss.pFlash    0x20000258       0x18 ./Drivers/STM32C0xx_HAL_Driver/Src/stm32c0xx_hal_flash.o
                0x20000258                pFlash
 .bss.hrel1     0x20000270       0x1a ./addons/Src/relay.o
                0x20000270                hrel1
 .bss.btn_time  0x2000028a        0x2 ./addons/Src/settings.o
                0x2000028a                btn_time
 .bss.usMBSlaveIDLen
                0x2000028c        0x2 ./addons/modbus/functions/mbfuncother.o
 *fill*         0x2000028e        0x2 
 .bss.ucMBSlaveID
                0x20000290       0x20 ./addons/modbus/functions/mbfuncother.o
 .bss.eException.0
                0x200002b0        0x1 ./addons/modbus/mb.o
 .bss.ucFunctionCode.1
                0x200002b1        0x1 ./addons/modbus/mb.o
 .bss.usLength.2
                0x200002b2        0x2 ./addons/modbus/mb.o
 .bss.ucMBFrame.3
                0x200002b4        0x4 ./addons/modbus/mb.o
 .bss.ucRcvAddress.4
                0x200002b8        0x1 ./addons/modbus/mb.o
 *fill*         0x200002b9        0x3 
 .bss.pxMBPortCBTimerExpired
                0x200002bc        0x4 ./addons/modbus/mb.o
                0x200002bc                pxMBPortCBTimerExpired
 .bss.pxMBFrameCBTransmitterEmpty
                0x200002c0        0x4 ./addons/modbus/mb.o
                0x200002c0                pxMBFrameCBTransmitterEmpty
 .bss.pxMBFrameCBByteReceived
                0x200002c4        0x4 ./addons/modbus/mb.o
                0x200002c4                pxMBFrameCBByteReceived
 .bss.pvMBFrameCloseCur
                0x200002c8        0x4 ./addons/modbus/mb.o
 .bss.peMBFrameReceiveCur
                0x200002cc        0x4 ./addons/modbus/mb.o
 .bss.pvMBFrameStopCur
                0x200002d0        0x4 ./addons/modbus/mb.o
 .bss.pvMBFrameStartCur
                0x200002d4        0x4 ./addons/modbus/mb.o
 .bss.peMBFrameSendCur
                0x200002d8        0x4 ./addons/modbus/mb.o
 .bss.ucMBAddress
                0x200002dc        0x1 ./addons/modbus/mb.o
 *fill*         0x200002dd        0x3 
 .bss.usRegDiscreteBuf
                0x200002e0       0x28 ./addons/modbus/port/port.o
                0x200002e0                usRegDiscreteBuf
 .bss.usRegCoilBuf
                0x20000308       0x14 ./addons/modbus/port/port.o
                0x20000308                usRegCoilBuf
 .bss.usRegHoldingBuf
                0x2000031c      0x192 ./addons/modbus/port/port.o
                0x2000031c                usRegHoldingBuf
 *fill*         0x200004ae        0x2 
 .bss.usRegInputBuf
                0x200004b0      0x12c ./addons/modbus/port/port.o
                0x200004b0                usRegInputBuf
 .bss.xEventInQueue
                0x200005dc        0x1 ./addons/modbus/port/portevent.o
 .bss.eQueuedEvent
                0x200005dd        0x1 ./addons/modbus/port/portevent.o
 .bss.usRcvBufferPos
                0x200005de        0x2 ./addons/modbus/rtu/mbrtu.o
 .bss.usSndBufferCount
                0x200005e0        0x2 ./addons/modbus/rtu/mbrtu.o
 *fill*         0x200005e2        0x2 
 .bss.pucSndBufferCur
                0x200005e4        0x4 ./addons/modbus/rtu/mbrtu.o
 .bss.ucRTUBuf  0x200005e8      0x100 ./addons/modbus/rtu/mbrtu.o
                0x200005e8                ucRTUBuf
 .bss.eRcvState
                0x200006e8        0x1 ./addons/modbus/rtu/mbrtu.o
 .bss.eSndState
                0x200006e9        0x1 ./addons/modbus/rtu/mbrtu.o
 *fill*         0x200006ea        0x2 
 .bss.__sf      0x200006ec      0x138 C:/ST/STM32CubeIDE_1.14.1/STM32CubeIDE/plugins/com.st.stm32cube.ide.mcu.externaltools.gnu-tools-for-stm32.12.3.rel1.win32_1.0.200.202406191623/tools/bin/../lib/gcc/arm-none-eabi/12.3.1/../../../../arm-none-eabi/lib/thumb/v6-m/nofp\libc_nano.a(libc_a-findfp.o)
                0x200006ec                __sf
 .bss.__stdio_exit_handler
                0x20000824        0x4 C:/ST/STM32CubeIDE_1.14.1/STM32CubeIDE/plugins/com.st.stm32cube.ide.mcu.externaltools.gnu-tools-for-stm32.12.3.rel1.win32_1.0.200.202406191623/tools/bin/../lib/gcc/arm-none-eabi/12.3.1/../../../../arm-none-eabi/lib/thumb/v6-m/nofp\libc_nano.a(libc_a-findfp.o)
                0x20000824                __stdio_exit_handler
 .bss.errno     0x20000828        0x4 C:/ST/STM32CubeIDE_1.14.1/STM32CubeIDE/plugins/com.st.stm32cube.ide.mcu.externaltools.gnu-tools-for-stm32.12.3.rel1.win32_1.0.200.202406191623/tools/bin/../lib/gcc/arm-none-eabi/12.3.1/../../../../arm-none-eabi/lib/thumb/v6-m/nofp\libc_nano.a(libc_a-reent.o)
                0x20000828                errno
 .bss.__lock___malloc_recursive_mutex
                0x2000082c        0x1 C:/ST/STM32CubeIDE_1.14.1/STM32CubeIDE/plugins/com.st.stm32cube.ide.mcu.externaltools.gnu-tools-for-stm32.12.3.rel1.win32_1.0.200.202406191623/tools/bin/../lib/gcc/arm-none-eabi/12.3.1/../../../../arm-none-eabi/lib/thumb/v6-m/nofp\libc_nano.a(libc_a-lock.o)
                0x2000082c                __lock___malloc_recursive_mutex
 .bss.__lock___sfp_recursive_mutex
                0x2000082d        0x1 C:/ST/STM32CubeIDE_1.14.1/STM32CubeIDE/plugins/com.st.stm32cube.ide.mcu.externaltools.gnu-tools-for-stm32.12.3.rel1.win32_1.0.200.202406191623/tools/bin/../lib/gcc/arm-none-eabi/12.3.1/../../../../arm-none-eabi/lib/thumb/v6-m/nofp\libc_nano.a(libc_a-lock.o)
                0x2000082d                __lock___sfp_recursive_mutex
 *fill*         0x2000082e        0x2 
 .bss.__malloc_sbrk_start
                0x20000830        0x4 C:/ST/STM32CubeIDE_1.14.1/STM32CubeIDE/plugins/com.st.stm32cube.ide.mcu.externaltools.gnu-tools-for-stm32.12.3.rel1.win32_1.0.200.202406191623/tools/bin/../lib/gcc/arm-none-eabi/12.3.1/../../../../arm-none-eabi/lib/thumb/v6-m/nofp\libc_nano.a(libc_a-mallocr.o)
                0x20000830                __malloc_sbrk_start
 .bss.__malloc_free_list
                0x20000834        0x4 C:/ST/STM32CubeIDE_1.14.1/STM32CubeIDE/plugins/com.st.stm32cube.ide.mcu.externaltools.gnu-tools-for-stm32.12.3.rel1.win32_1.0.200.202406191623/tools/bin/../lib/gcc/arm-none-eabi/12.3.1/../../../../arm-none-eabi/lib/thumb/v6-m/nofp\libc_nano.a(libc_a-mallocr.o)
                0x20000834                __malloc_free_list
 *(COMMON)
                0x20000838                        . = ALIGN (0x4)
                0x20000838                        _ebss = .
                0x20000838                        __bss_end__ = _ebss

._user_heap_stack
                0x20000838      0x600 load address 0x080048fc
                0x20000838                        . = ALIGN (0x8)
                [!provide]                        PROVIDE (end = .)
                0x20000838                        PROVIDE (_end = .)
                0x20000a38                        . = (. + _Min_Heap_Size)
 *fill*         0x20000838      0x200 
                0x20000e38                        . = (. + _Min_Stack_Size)
 *fill*         0x20000a38      0x400 
                0x20000e38                        . = ALIGN (0x8)

/DISCARD/
 libc.a(*)
 libm.a(*)
 libgcc.a(*)

.ARM.attributes
                0x00000000       0x28
 *(.ARM.attributes)
 .ARM.attributes
                0x00000000       0x1e C:/ST/STM32CubeIDE_1.14.1/STM32CubeIDE/plugins/com.st.stm32cube.ide.mcu.externaltools.gnu-tools-for-stm32.12.3.rel1.win32_1.0.200.202406191623/tools/bin/../lib/gcc/arm-none-eabi/12.3.1/thumb/v6-m/nofp/crti.o
 .ARM.attributes
                0x0000001e       0x2c C:/ST/STM32CubeIDE_1.14.1/STM32CubeIDE/plugins/com.st.stm32cube.ide.mcu.externaltools.gnu-tools-for-stm32.12.3.rel1.win32_1.0.200.202406191623/tools/bin/../lib/gcc/arm-none-eabi/12.3.1/thumb/v6-m/nofp/crtbegin.o
 .ARM.attributes
                0x0000004a       0x2c ./Core/Src/gpio.o
 .ARM.attributes
                0x00000076       0x2c ./Core/Src/i2c.o
 .ARM.attributes
                0x000000a2       0x2c ./Core/Src/main.o
 .ARM.attributes
                0x000000ce       0x2c ./Core/Src/spi.o
 .ARM.attributes
                0x000000fa       0x2c ./Core/Src/stm32c0xx_hal_msp.o
 .ARM.attributes
                0x00000126       0x2c ./Core/Src/stm32c0xx_it.o
 .ARM.attributes
                0x00000152       0x2c ./Core/Src/syscalls.o
 .ARM.attributes
                0x0000017e       0x2c ./Core/Src/sysmem.o
 .ARM.attributes
                0x000001aa       0x2c ./Core/Src/system_stm32c0xx.o
 .ARM.attributes
                0x000001d6       0x2c ./Core/Src/tim.o
 .ARM.attributes
                0x00000202       0x2c ./Core/Src/usart.o
 .ARM.attributes
                0x0000022e       0x22 ./Core/Startup/startup_stm32c031g6ux.o
 .ARM.attributes
                0x00000250       0x2c ./Drivers/STM32C0xx_HAL_Driver/Src/stm32c0xx_hal.o
 .ARM.attributes
                0x0000027c       0x2c ./Drivers/STM32C0xx_HAL_Driver/Src/stm32c0xx_hal_cortex.o
 .ARM.attributes
                0x000002a8       0x2c ./Drivers/STM32C0xx_HAL_Driver/Src/stm32c0xx_hal_flash.o
 .ARM.attributes
                0x000002d4       0x2c ./Drivers/STM32C0xx_HAL_Driver/Src/stm32c0xx_hal_flash_ex.o
 .ARM.attributes
                0x00000300       0x2c ./Drivers/STM32C0xx_HAL_Driver/Src/stm32c0xx_hal_gpio.o
 .ARM.attributes
                0x0000032c       0x2c ./Drivers/STM32C0xx_HAL_Driver/Src/stm32c0xx_hal_i2c.o
 .ARM.attributes
                0x00000358       0x2c ./Drivers/STM32C0xx_HAL_Driver/Src/stm32c0xx_hal_i2c_ex.o
 .ARM.attributes
                0x00000384       0x2c ./Drivers/STM32C0xx_HAL_Driver/Src/stm32c0xx_hal_rcc.o
 .ARM.attributes
                0x000003b0       0x2c ./Drivers/STM32C0xx_HAL_Driver/Src/stm32c0xx_hal_rcc_ex.o
 .ARM.attributes
                0x000003dc       0x2c ./Drivers/STM32C0xx_HAL_Driver/Src/stm32c0xx_hal_spi.o
 .ARM.attributes
                0x00000408       0x2c ./Drivers/STM32C0xx_HAL_Driver/Src/stm32c0xx_hal_tim.o
 .ARM.attributes
                0x00000434       0x2c ./Drivers/STM32C0xx_HAL_Driver/Src/stm32c0xx_hal_tim_ex.o
 .ARM.attributes
                0x00000460       0x2c ./Drivers/STM32C0xx_HAL_Driver/Src/stm32c0xx_ll_gpio.o
 .ARM.attributes
                0x0000048c       0x2c ./Drivers/STM32C0xx_HAL_Driver/Src/stm32c0xx_ll_rcc.o
 .ARM.attributes
                0x000004b8       0x2c ./Drivers/STM32C0xx_HAL_Driver/Src/stm32c0xx_ll_tim.o
 .ARM.attributes
                0x000004e4       0x2c ./Drivers/STM32C0xx_HAL_Driver/Src/stm32c0xx_ll_usart.o
 .ARM.attributes
                0x00000510       0x2c ./addons/Src/housekeep.o
 .ARM.attributes
                0x0000053c       0x2c ./addons/Src/relay.o
 .ARM.attributes
                0x00000568       0x2c ./addons/Src/settings.o
 .ARM.attributes
                0x00000594       0x2c ./addons/modbus/functions/mbfunccoils.o
 .ARM.attributes
                0x000005c0       0x2c ./addons/modbus/functions/mbfuncdisc.o
 .ARM.attributes
                0x000005ec       0x2c ./addons/modbus/functions/mbfuncholding.o
 .ARM.attributes
                0x00000618       0x2c ./addons/modbus/functions/mbfuncinput.o
 .ARM.attributes
                0x00000644       0x2c ./addons/modbus/functions/mbfuncother.o
 .ARM.attributes
                0x00000670       0x2c ./addons/modbus/functions/mbutils.o
 .ARM.attributes
                0x0000069c       0x2c ./addons/modbus/mb.o
 .ARM.attributes
                0x000006c8       0x2c ./addons/modbus/port/port.o
 .ARM.attributes
                0x000006f4       0x2c ./addons/modbus/port/portevent.o
 .ARM.attributes
                0x00000720       0x2c ./addons/modbus/port/portserial.o
 .ARM.attributes
                0x0000074c       0x2c ./addons/modbus/port/porttimer.o
 .ARM.attributes
                0x00000778       0x2c ./addons/modbus/rtu/mbcrc.o
 .ARM.attributes
                0x000007a4       0x2c ./addons/modbus/rtu/mbrtu.o
 .ARM.attributes
                0x000007d0       0x2c C:/ST/STM32CubeIDE_1.14.1/STM32CubeIDE/plugins/com.st.stm32cube.ide.mcu.externaltools.gnu-tools-for-stm32.12.3.rel1.win32_1.0.200.202406191623/tools/bin/../lib/gcc/arm-none-eabi/12.3.1/../../../../arm-none-eabi/lib/thumb/v6-m/nofp\libc_nano.a(libc_a-assert.o)
 .ARM.attributes
                0x000007fc       0x2c C:/ST/STM32CubeIDE_1.14.1/STM32CubeIDE/plugins/com.st.stm32cube.ide.mcu.externaltools.gnu-tools-for-stm32.12.3.rel1.win32_1.0.200.202406191623/tools/bin/../lib/gcc/arm-none-eabi/12.3.1/../../../../arm-none-eabi/lib/thumb/v6-m/nofp\libc_nano.a(libc_a-findfp.o)
 .ARM.attributes
                0x00000828       0x2c C:/ST/STM32CubeIDE_1.14.1/STM32CubeIDE/plugins/com.st.stm32cube.ide.mcu.externaltools.gnu-tools-for-stm32.12.3.rel1.win32_1.0.200.202406191623/tools/bin/../lib/gcc/arm-none-eabi/12.3.1/../../../../arm-none-eabi/lib/thumb/v6-m/nofp\libc_nano.a(libc_a-fprintf.o)
 .ARM.attributes
                0x00000854       0x2c C:/ST/STM32CubeIDE_1.14.1/STM32CubeIDE/plugins/com.st.stm32cube.ide.mcu.externaltools.gnu-tools-for-stm32.12.3.rel1.win32_1.0.200.202406191623/tools/bin/../lib/gcc/arm-none-eabi/12.3.1/../../../../arm-none-eabi/lib/thumb/v6-m/nofp\libc_nano.a(libc_a-fwalk.o)
 .ARM.attributes
                0x00000880       0x2c C:/ST/STM32CubeIDE_1.14.1/STM32CubeIDE/plugins/com.st.stm32cube.ide.mcu.externaltools.gnu-tools-for-stm32.12.3.rel1.win32_1.0.200.202406191623/tools/bin/../lib/gcc/arm-none-eabi/12.3.1/../../../../arm-none-eabi/lib/thumb/v6-m/nofp\libc_nano.a(libc_a-stdio.o)
 .ARM.attributes
                0x000008ac       0x2c C:/ST/STM32CubeIDE_1.14.1/STM32CubeIDE/plugins/com.st.stm32cube.ide.mcu.externaltools.gnu-tools-for-stm32.12.3.rel1.win32_1.0.200.202406191623/tools/bin/../lib/gcc/arm-none-eabi/12.3.1/../../../../arm-none-eabi/lib/thumb/v6-m/nofp\libc_nano.a(libc_a-memset.o)
 .ARM.attributes
                0x000008d8       0x2c C:/ST/STM32CubeIDE_1.14.1/STM32CubeIDE/plugins/com.st.stm32cube.ide.mcu.externaltools.gnu-tools-for-stm32.12.3.rel1.win32_1.0.200.202406191623/tools/bin/../lib/gcc/arm-none-eabi/12.3.1/../../../../arm-none-eabi/lib/thumb/v6-m/nofp\libc_nano.a(libc_a-closer.o)
 .ARM.attributes
                0x00000904       0x2c C:/ST/STM32CubeIDE_1.14.1/STM32CubeIDE/plugins/com.st.stm32cube.ide.mcu.externaltools.gnu-tools-for-stm32.12.3.rel1.win32_1.0.200.202406191623/tools/bin/../lib/gcc/arm-none-eabi/12.3.1/../../../../arm-none-eabi/lib/thumb/v6-m/nofp\libc_nano.a(libc_a-reent.o)
 .ARM.attributes
                0x00000930       0x2c C:/ST/STM32CubeIDE_1.14.1/STM32CubeIDE/plugins/com.st.stm32cube.ide.mcu.externaltools.gnu-tools-for-stm32.12.3.rel1.win32_1.0.200.202406191623/tools/bin/../lib/gcc/arm-none-eabi/12.3.1/../../../../arm-none-eabi/lib/thumb/v6-m/nofp\libc_nano.a(libc_a-impure.o)
 .ARM.attributes
                0x0000095c       0x2c C:/ST/STM32CubeIDE_1.14.1/STM32CubeIDE/plugins/com.st.stm32cube.ide.mcu.externaltools.gnu-tools-for-stm32.12.3.rel1.win32_1.0.200.202406191623/tools/bin/../lib/gcc/arm-none-eabi/12.3.1/../../../../arm-none-eabi/lib/thumb/v6-m/nofp\libc_nano.a(libc_a-lseekr.o)
 .ARM.attributes
                0x00000988       0x2c C:/ST/STM32CubeIDE_1.14.1/STM32CubeIDE/plugins/com.st.stm32cube.ide.mcu.externaltools.gnu-tools-for-stm32.12.3.rel1.win32_1.0.200.202406191623/tools/bin/../lib/gcc/arm-none-eabi/12.3.1/../../../../arm-none-eabi/lib/thumb/v6-m/nofp\libc_nano.a(libc_a-readr.o)
 .ARM.attributes
                0x000009b4       0x2c C:/ST/STM32CubeIDE_1.14.1/STM32CubeIDE/plugins/com.st.stm32cube.ide.mcu.externaltools.gnu-tools-for-stm32.12.3.rel1.win32_1.0.200.202406191623/tools/bin/../lib/gcc/arm-none-eabi/12.3.1/../../../../arm-none-eabi/lib/thumb/v6-m/nofp\libc_nano.a(libc_a-writer.o)
 .ARM.attributes
                0x000009e0       0x2c C:/ST/STM32CubeIDE_1.14.1/STM32CubeIDE/plugins/com.st.stm32cube.ide.mcu.externaltools.gnu-tools-for-stm32.12.3.rel1.win32_1.0.200.202406191623/tools/bin/../lib/gcc/arm-none-eabi/12.3.1/../../../../arm-none-eabi/lib/thumb/v6-m/nofp\libc_nano.a(libc_a-errno.o)
 .ARM.attributes
                0x00000a0c       0x2c C:/ST/STM32CubeIDE_1.14.1/STM32CubeIDE/plugins/com.st.stm32cube.ide.mcu.externaltools.gnu-tools-for-stm32.12.3.rel1.win32_1.0.200.202406191623/tools/bin/../lib/gcc/arm-none-eabi/12.3.1/../../../../arm-none-eabi/lib/thumb/v6-m/nofp\libc_nano.a(libc_a-init.o)
 .ARM.attributes
                0x00000a38       0x2c C:/ST/STM32CubeIDE_1.14.1/STM32CubeIDE/plugins/com.st.stm32cube.ide.mcu.externaltools.gnu-tools-for-stm32.12.3.rel1.win32_1.0.200.202406191623/tools/bin/../lib/gcc/arm-none-eabi/12.3.1/../../../../arm-none-eabi/lib/thumb/v6-m/nofp\libc_nano.a(libc_a-lock.o)
 .ARM.attributes
                0x00000a64       0x2c C:/ST/STM32CubeIDE_1.14.1/STM32CubeIDE/plugins/com.st.stm32cube.ide.mcu.externaltools.gnu-tools-for-stm32.12.3.rel1.win32_1.0.200.202406191623/tools/bin/../lib/gcc/arm-none-eabi/12.3.1/../../../../arm-none-eabi/lib/thumb/v6-m/nofp\libc_nano.a(libc_a-memcpy-stub.o)
 .ARM.attributes
                0x00000a90       0x2c C:/ST/STM32CubeIDE_1.14.1/STM32CubeIDE/plugins/com.st.stm32cube.ide.mcu.externaltools.gnu-tools-for-stm32.12.3.rel1.win32_1.0.200.202406191623/tools/bin/../lib/gcc/arm-none-eabi/12.3.1/../../../../arm-none-eabi/lib/thumb/v6-m/nofp\libc_nano.a(libc_a-abort.o)
 .ARM.attributes
                0x00000abc       0x2c C:/ST/STM32CubeIDE_1.14.1/STM32CubeIDE/plugins/com.st.stm32cube.ide.mcu.externaltools.gnu-tools-for-stm32.12.3.rel1.win32_1.0.200.202406191623/tools/bin/../lib/gcc/arm-none-eabi/12.3.1/../../../../arm-none-eabi/lib/thumb/v6-m/nofp\libc_nano.a(libc_a-freer.o)
 .ARM.attributes
                0x00000ae8       0x2c C:/ST/STM32CubeIDE_1.14.1/STM32CubeIDE/plugins/com.st.stm32cube.ide.mcu.externaltools.gnu-tools-for-stm32.12.3.rel1.win32_1.0.200.202406191623/tools/bin/../lib/gcc/arm-none-eabi/12.3.1/../../../../arm-none-eabi/lib/thumb/v6-m/nofp\libc_nano.a(libc_a-mallocr.o)
 .ARM.attributes
                0x00000b14       0x2c C:/ST/STM32CubeIDE_1.14.1/STM32CubeIDE/plugins/com.st.stm32cube.ide.mcu.externaltools.gnu-tools-for-stm32.12.3.rel1.win32_1.0.200.202406191623/tools/bin/../lib/gcc/arm-none-eabi/12.3.1/../../../../arm-none-eabi/lib/thumb/v6-m/nofp\libc_nano.a(libc_a-mlock.o)
 .ARM.attributes
                0x00000b40       0x2c C:/ST/STM32CubeIDE_1.14.1/STM32CubeIDE/plugins/com.st.stm32cube.ide.mcu.externaltools.gnu-tools-for-stm32.12.3.rel1.win32_1.0.200.202406191623/tools/bin/../lib/gcc/arm-none-eabi/12.3.1/../../../../arm-none-eabi/lib/thumb/v6-m/nofp\libc_nano.a(libc_a-nano-vfprintf.o)
 .ARM.attributes
                0x00000b6c       0x2c C:/ST/STM32CubeIDE_1.14.1/STM32CubeIDE/plugins/com.st.stm32cube.ide.mcu.externaltools.gnu-tools-for-stm32.12.3.rel1.win32_1.0.200.202406191623/tools/bin/../lib/gcc/arm-none-eabi/12.3.1/../../../../arm-none-eabi/lib/thumb/v6-m/nofp\libc_nano.a(libc_a-nano-vfprintf_i.o)
 .ARM.attributes
                0x00000b98       0x2c C:/ST/STM32CubeIDE_1.14.1/STM32CubeIDE/plugins/com.st.stm32cube.ide.mcu.externaltools.gnu-tools-for-stm32.12.3.rel1.win32_1.0.200.202406191623/tools/bin/../lib/gcc/arm-none-eabi/12.3.1/../../../../arm-none-eabi/lib/thumb/v6-m/nofp\libc_nano.a(libc_a-fflush.o)
 .ARM.attributes
                0x00000bc4       0x2c C:/ST/STM32CubeIDE_1.14.1/STM32CubeIDE/plugins/com.st.stm32cube.ide.mcu.externaltools.gnu-tools-for-stm32.12.3.rel1.win32_1.0.200.202406191623/tools/bin/../lib/gcc/arm-none-eabi/12.3.1/../../../../arm-none-eabi/lib/thumb/v6-m/nofp\libc_nano.a(libc_a-wbuf.o)
 .ARM.attributes
                0x00000bf0       0x2c C:/ST/STM32CubeIDE_1.14.1/STM32CubeIDE/plugins/com.st.stm32cube.ide.mcu.externaltools.gnu-tools-for-stm32.12.3.rel1.win32_1.0.200.202406191623/tools/bin/../lib/gcc/arm-none-eabi/12.3.1/../../../../arm-none-eabi/lib/thumb/v6-m/nofp\libc_nano.a(libc_a-wsetup.o)
 .ARM.attributes
                0x00000c1c       0x2c C:/ST/STM32CubeIDE_1.14.1/STM32CubeIDE/plugins/com.st.stm32cube.ide.mcu.externaltools.gnu-tools-for-stm32.12.3.rel1.win32_1.0.200.202406191623/tools/bin/../lib/gcc/arm-none-eabi/12.3.1/../../../../arm-none-eabi/lib/thumb/v6-m/nofp\libc_nano.a(libc_a-signal.o)
 .ARM.attributes
                0x00000c48       0x2c C:/ST/STM32CubeIDE_1.14.1/STM32CubeIDE/plugins/com.st.stm32cube.ide.mcu.externaltools.gnu-tools-for-stm32.12.3.rel1.win32_1.0.200.202406191623/tools/bin/../lib/gcc/arm-none-eabi/12.3.1/../../../../arm-none-eabi/lib/thumb/v6-m/nofp\libc_nano.a(libc_a-signalr.o)
 .ARM.attributes
                0x00000c74       0x2c C:/ST/STM32CubeIDE_1.14.1/STM32CubeIDE/plugins/com.st.stm32cube.ide.mcu.externaltools.gnu-tools-for-stm32.12.3.rel1.win32_1.0.200.202406191623/tools/bin/../lib/gcc/arm-none-eabi/12.3.1/../../../../arm-none-eabi/lib/thumb/v6-m/nofp\libc_nano.a(libc_a-sbrkr.o)
 .ARM.attributes
                0x00000ca0       0x2c C:/ST/STM32CubeIDE_1.14.1/STM32CubeIDE/plugins/com.st.stm32cube.ide.mcu.externaltools.gnu-tools-for-stm32.12.3.rel1.win32_1.0.200.202406191623/tools/bin/../lib/gcc/arm-none-eabi/12.3.1/../../../../arm-none-eabi/lib/thumb/v6-m/nofp\libc_nano.a(libc_a-memchr-stub.o)
 .ARM.attributes
                0x00000ccc       0x2c C:/ST/STM32CubeIDE_1.14.1/STM32CubeIDE/plugins/com.st.stm32cube.ide.mcu.externaltools.gnu-tools-for-stm32.12.3.rel1.win32_1.0.200.202406191623/tools/bin/../lib/gcc/arm-none-eabi/12.3.1/../../../../arm-none-eabi/lib/thumb/v6-m/nofp\libc_nano.a(libc_a-makebuf.o)
 .ARM.attributes
                0x00000cf8       0x2c C:/ST/STM32CubeIDE_1.14.1/STM32CubeIDE/plugins/com.st.stm32cube.ide.mcu.externaltools.gnu-tools-for-stm32.12.3.rel1.win32_1.0.200.202406191623/tools/bin/../lib/gcc/arm-none-eabi/12.3.1/../../../../arm-none-eabi/lib/thumb/v6-m/nofp\libc_nano.a(libc_a-fstatr.o)
 .ARM.attributes
                0x00000d24       0x2c C:/ST/STM32CubeIDE_1.14.1/STM32CubeIDE/plugins/com.st.stm32cube.ide.mcu.externaltools.gnu-tools-for-stm32.12.3.rel1.win32_1.0.200.202406191623/tools/bin/../lib/gcc/arm-none-eabi/12.3.1/../../../../arm-none-eabi/lib/thumb/v6-m/nofp\libc_nano.a(libc_a-isattyr.o)
 .ARM.attributes
                0x00000d50       0x1e C:/ST/STM32CubeIDE_1.14.1/STM32CubeIDE/plugins/com.st.stm32cube.ide.mcu.externaltools.gnu-tools-for-stm32.12.3.rel1.win32_1.0.200.202406191623/tools/bin/../lib/gcc/arm-none-eabi/12.3.1/thumb/v6-m/nofp\libgcc.a(_thumb1_case_shi.o)
 .ARM.attributes
                0x00000d6e       0x1e C:/ST/STM32CubeIDE_1.14.1/STM32CubeIDE/plugins/com.st.stm32cube.ide.mcu.externaltools.gnu-tools-for-stm32.12.3.rel1.win32_1.0.200.202406191623/tools/bin/../lib/gcc/arm-none-eabi/12.3.1/thumb/v6-m/nofp\libgcc.a(_udivsi3.o)
 .ARM.attributes
                0x00000d8c       0x1e C:/ST/STM32CubeIDE_1.14.1/STM32CubeIDE/plugins/com.st.stm32cube.ide.mcu.externaltools.gnu-tools-for-stm32.12.3.rel1.win32_1.0.200.202406191623/tools/bin/../lib/gcc/arm-none-eabi/12.3.1/thumb/v6-m/nofp\libgcc.a(_dvmd_tls.o)
 .ARM.attributes
                0x00000daa       0x1e C:/ST/STM32CubeIDE_1.14.1/STM32CubeIDE/plugins/com.st.stm32cube.ide.mcu.externaltools.gnu-tools-for-stm32.12.3.rel1.win32_1.0.200.202406191623/tools/bin/../lib/gcc/arm-none-eabi/12.3.1/thumb/v6-m/nofp/crtn.o
OUTPUT(UNIREL_POT.elf elf32-littlearm)
LOAD linker stubs
LOAD C:/ST/STM32CubeIDE_1.14.1/STM32CubeIDE/plugins/com.st.stm32cube.ide.mcu.externaltools.gnu-tools-for-stm32.12.3.rel1.win32_1.0.200.202406191623/tools/bin/../lib/gcc/arm-none-eabi/12.3.1/../../../../arm-none-eabi/lib/thumb/v6-m/nofp\libc.a
LOAD C:/ST/STM32CubeIDE_1.14.1/STM32CubeIDE/plugins/com.st.stm32cube.ide.mcu.externaltools.gnu-tools-for-stm32.12.3.rel1.win32_1.0.200.202406191623/tools/bin/../lib/gcc/arm-none-eabi/12.3.1/../../../../arm-none-eabi/lib/thumb/v6-m/nofp\libm.a
LOAD C:/ST/STM32CubeIDE_1.14.1/STM32CubeIDE/plugins/com.st.stm32cube.ide.mcu.externaltools.gnu-tools-for-stm32.12.3.rel1.win32_1.0.200.202406191623/tools/bin/../lib/gcc/arm-none-eabi/12.3.1/thumb/v6-m/nofp\libgcc.a

.debug_info     0x00000000    0x20706
 .debug_info    0x00000000      0x546 ./Core/Src/gpio.o
 .debug_info    0x00000546      0xd2d ./Core/Src/i2c.o
 .debug_info    0x00001273      0x655 ./Core/Src/main.o
 .debug_info    0x000018c8      0xc7f ./Core/Src/spi.o
 .debug_info    0x00002547      0x333 ./Core/Src/stm32c0xx_hal_msp.o
 .debug_info    0x0000287a      0xc63 ./Core/Src/stm32c0xx_it.o
 .debug_info    0x000034dd      0x7b9 ./Core/Src/syscalls.o
 .debug_info    0x00003c96      0x186 ./Core/Src/sysmem.o
 .debug_info    0x00003e1c      0x3af ./Core/Src/system_stm32c0xx.o
 .debug_info    0x000041cb      0xfdb ./Core/Src/tim.o
 .debug_info    0x000051a6     0x104e ./Core/Src/usart.o
 .debug_info    0x000061f4       0x30 ./Core/Startup/startup_stm32c031g6ux.o
 .debug_info    0x00006224      0x911 ./Drivers/STM32C0xx_HAL_Driver/Src/stm32c0xx_hal.o
 .debug_info    0x00006b35      0x98d ./Drivers/STM32C0xx_HAL_Driver/Src/stm32c0xx_hal_cortex.o
 .debug_info    0x000074c2      0x7ea ./Drivers/STM32C0xx_HAL_Driver/Src/stm32c0xx_hal_flash.o
 .debug_info    0x00007cac      0xc2d ./Drivers/STM32C0xx_HAL_Driver/Src/stm32c0xx_hal_flash_ex.o
 .debug_info    0x000088d9      0x610 ./Drivers/STM32C0xx_HAL_Driver/Src/stm32c0xx_hal_gpio.o
 .debug_info    0x00008ee9     0x43bf ./Drivers/STM32C0xx_HAL_Driver/Src/stm32c0xx_hal_i2c.o
 .debug_info    0x0000d2a8      0x9ee ./Drivers/STM32C0xx_HAL_Driver/Src/stm32c0xx_hal_i2c_ex.o
 .debug_info    0x0000dc96      0xb2a ./Drivers/STM32C0xx_HAL_Driver/Src/stm32c0xx_hal_rcc.o
 .debug_info    0x0000e7c0      0x613 ./Drivers/STM32C0xx_HAL_Driver/Src/stm32c0xx_hal_rcc_ex.o
 .debug_info    0x0000edd3     0x207f ./Drivers/STM32C0xx_HAL_Driver/Src/stm32c0xx_hal_spi.o
 .debug_info    0x00010e52     0x414d ./Drivers/STM32C0xx_HAL_Driver/Src/stm32c0xx_hal_tim.o
 .debug_info    0x00014f9f     0x1ea0 ./Drivers/STM32C0xx_HAL_Driver/Src/stm32c0xx_hal_tim_ex.o
 .debug_info    0x00016e3f      0x7fd ./Drivers/STM32C0xx_HAL_Driver/Src/stm32c0xx_ll_gpio.o
 .debug_info    0x0001763c      0x864 ./Drivers/STM32C0xx_HAL_Driver/Src/stm32c0xx_ll_rcc.o
 .debug_info    0x00017ea0     0x15df ./Drivers/STM32C0xx_HAL_Driver/Src/stm32c0xx_ll_tim.o
 .debug_info    0x0001947f      0x91d ./Drivers/STM32C0xx_HAL_Driver/Src/stm32c0xx_ll_usart.o
 .debug_info    0x00019d9c      0xa97 ./addons/Src/housekeep.o
 .debug_info    0x0001a833      0xc72 ./addons/Src/relay.o
 .debug_info    0x0001b4a5      0xad8 ./addons/Src/settings.o
 .debug_info    0x0001bf7d      0x542 ./addons/modbus/functions/mbfunccoils.o
 .debug_info    0x0001c4bf      0x387 ./addons/modbus/functions/mbfuncdisc.o
 .debug_info    0x0001c846      0x61e ./addons/modbus/functions/mbfuncholding.o
 .debug_info    0x0001ce64      0x37b ./addons/modbus/functions/mbfuncinput.o
 .debug_info    0x0001d1df      0x401 ./addons/modbus/functions/mbfuncother.o
 .debug_info    0x0001d5e0      0x493 ./addons/modbus/functions/mbutils.o
 .debug_info    0x0001da73      0x9e6 ./addons/modbus/mb.o
 .debug_info    0x0001e459      0x550 ./addons/modbus/port/port.o
 .debug_info    0x0001e9a9      0x2ae ./addons/modbus/port/portevent.o
 .debug_info    0x0001ec57      0x85a ./addons/modbus/port/portserial.o
 .debug_info    0x0001f4b1      0x581 ./addons/modbus/port/porttimer.o
 .debug_info    0x0001fa32      0x29a ./addons/modbus/rtu/mbcrc.o
 .debug_info    0x0001fccc      0xa3a ./addons/modbus/rtu/mbrtu.o

.debug_abbrev   0x00000000     0x5c07
 .debug_abbrev  0x00000000      0x1e5 ./Core/Src/gpio.o
 .debug_abbrev  0x000001e5      0x246 ./Core/Src/i2c.o
 .debug_abbrev  0x0000042b      0x270 ./Core/Src/main.o
 .debug_abbrev  0x0000069b      0x222 ./Core/Src/spi.o
 .debug_abbrev  0x000008bd       0xee ./Core/Src/stm32c0xx_hal_msp.o
 .debug_abbrev  0x000009ab      0x249 ./Core/Src/stm32c0xx_it.o
 .debug_abbrev  0x00000bf4      0x20a ./Core/Src/syscalls.o
 .debug_abbrev  0x00000dfe       0xdc ./Core/Src/sysmem.o
 .debug_abbrev  0x00000eda      0x135 ./Core/Src/system_stm32c0xx.o
 .debug_abbrev  0x0000100f      0x2ce ./Core/Src/tim.o
 .debug_abbrev  0x000012dd      0x2ac ./Core/Src/usart.o
 .debug_abbrev  0x00001589       0x24 ./Core/Startup/startup_stm32c031g6ux.o
 .debug_abbrev  0x000015ad      0x30e ./Drivers/STM32C0xx_HAL_Driver/Src/stm32c0xx_hal.o
 .debug_abbrev  0x000018bb      0x2d5 ./Drivers/STM32C0xx_HAL_Driver/Src/stm32c0xx_hal_cortex.o
 .debug_abbrev  0x00001b90      0x30b ./Drivers/STM32C0xx_HAL_Driver/Src/stm32c0xx_hal_flash.o
 .debug_abbrev  0x00001e9b      0x2f6 ./Drivers/STM32C0xx_HAL_Driver/Src/stm32c0xx_hal_flash_ex.o
 .debug_abbrev  0x00002191      0x20b ./Drivers/STM32C0xx_HAL_Driver/Src/stm32c0xx_hal_gpio.o
 .debug_abbrev  0x0000239c      0x2f5 ./Drivers/STM32C0xx_HAL_Driver/Src/stm32c0xx_hal_i2c.o
 .debug_abbrev  0x00002691      0x1e9 ./Drivers/STM32C0xx_HAL_Driver/Src/stm32c0xx_hal_i2c_ex.o
 .debug_abbrev  0x0000287a      0x2c2 ./Drivers/STM32C0xx_HAL_Driver/Src/stm32c0xx_hal_rcc.o
 .debug_abbrev  0x00002b3c      0x299 ./Drivers/STM32C0xx_HAL_Driver/Src/stm32c0xx_hal_rcc_ex.o
 .debug_abbrev  0x00002dd5      0x262 ./Drivers/STM32C0xx_HAL_Driver/Src/stm32c0xx_hal_spi.o
 .debug_abbrev  0x00003037      0x320 ./Drivers/STM32C0xx_HAL_Driver/Src/stm32c0xx_hal_tim.o
 .debug_abbrev  0x00003357      0x2ac ./Drivers/STM32C0xx_HAL_Driver/Src/stm32c0xx_hal_tim_ex.o
 .debug_abbrev  0x00003603      0x22e ./Drivers/STM32C0xx_HAL_Driver/Src/stm32c0xx_ll_gpio.o
 .debug_abbrev  0x00003831      0x2a1 ./Drivers/STM32C0xx_HAL_Driver/Src/stm32c0xx_ll_rcc.o
 .debug_abbrev  0x00003ad2      0x2c5 ./Drivers/STM32C0xx_HAL_Driver/Src/stm32c0xx_ll_tim.o
 .debug_abbrev  0x00003d97      0x31b ./Drivers/STM32C0xx_HAL_Driver/Src/stm32c0xx_ll_usart.o
 .debug_abbrev  0x000040b2      0x22d ./addons/Src/housekeep.o
 .debug_abbrev  0x000042df      0x2a4 ./addons/Src/relay.o
 .debug_abbrev  0x00004583      0x322 ./addons/Src/settings.o
 .debug_abbrev  0x000048a5      0x156 ./addons/modbus/functions/mbfunccoils.o
 .debug_abbrev  0x000049fb      0x127 ./addons/modbus/functions/mbfuncdisc.o
 .debug_abbrev  0x00004b22      0x145 ./addons/modbus/functions/mbfuncholding.o
 .debug_abbrev  0x00004c67      0x127 ./addons/modbus/functions/mbfuncinput.o
 .debug_abbrev  0x00004d8e      0x136 ./addons/modbus/functions/mbfuncother.o
 .debug_abbrev  0x00004ec4      0x143 ./addons/modbus/functions/mbutils.o
 .debug_abbrev  0x00005007      0x295 ./addons/modbus/mb.o
 .debug_abbrev  0x0000529c      0x14c ./addons/modbus/port/port.o
 .debug_abbrev  0x000053e8      0x101 ./addons/modbus/port/portevent.o
 .debug_abbrev  0x000054e9      0x26f ./addons/modbus/port/portserial.o
 .debug_abbrev  0x00005758      0x1b2 ./addons/modbus/port/porttimer.o
 .debug_abbrev  0x0000590a       0xc9 ./addons/modbus/rtu/mbcrc.o
 .debug_abbrev  0x000059d3      0x234 ./addons/modbus/rtu/mbrtu.o

.debug_loclists
                0x00000000     0xf4c0
 .debug_loclists
                0x00000000       0x30 ./Core/Src/gpio.o
 .debug_loclists
                0x00000030       0x6d ./Core/Src/i2c.o
 .debug_loclists
                0x0000009d       0x6d ./Core/Src/spi.o
 .debug_loclists
                0x0000010a       0x9c ./Core/Src/stm32c0xx_it.o
 .debug_loclists
                0x000001a6      0x2d1 ./Core/Src/syscalls.o
 .debug_loclists
                0x00000477       0x61 ./Core/Src/sysmem.o
 .debug_loclists
                0x000004d8       0x59 ./Core/Src/system_stm32c0xx.o
 .debug_loclists
                0x00000531       0x9e ./Core/Src/tim.o
 .debug_loclists
                0x000005cf      0x19c ./Core/Src/usart.o
 .debug_loclists
                0x0000076b      0x13a ./Drivers/STM32C0xx_HAL_Driver/Src/stm32c0xx_hal.o
 .debug_loclists
                0x000008a5      0x204 ./Drivers/STM32C0xx_HAL_Driver/Src/stm32c0xx_hal_cortex.o
 .debug_loclists
                0x00000aa9      0x314 ./Drivers/STM32C0xx_HAL_Driver/Src/stm32c0xx_hal_flash.o
 .debug_loclists
                0x00000dbd      0x521 ./Drivers/STM32C0xx_HAL_Driver/Src/stm32c0xx_hal_flash_ex.o
 .debug_loclists
                0x000012de      0x2ea ./Drivers/STM32C0xx_HAL_Driver/Src/stm32c0xx_hal_gpio.o
 .debug_loclists
                0x000015c8     0x3786 ./Drivers/STM32C0xx_HAL_Driver/Src/stm32c0xx_hal_i2c.o
 .debug_loclists
                0x00004d4e      0x148 ./Drivers/STM32C0xx_HAL_Driver/Src/stm32c0xx_hal_i2c_ex.o
 .debug_loclists
                0x00004e96      0x45a ./Drivers/STM32C0xx_HAL_Driver/Src/stm32c0xx_hal_rcc.o
 .debug_loclists
                0x000052f0      0x396 ./Drivers/STM32C0xx_HAL_Driver/Src/stm32c0xx_hal_rcc_ex.o
 .debug_loclists
                0x00005686     0x1449 ./Drivers/STM32C0xx_HAL_Driver/Src/stm32c0xx_hal_spi.o
 .debug_loclists
                0x00006acf     0x3776 ./Drivers/STM32C0xx_HAL_Driver/Src/stm32c0xx_hal_tim.o
 .debug_loclists
                0x0000a245     0x1831 ./Drivers/STM32C0xx_HAL_Driver/Src/stm32c0xx_hal_tim_ex.o
 .debug_loclists
                0x0000ba76      0x215 ./Drivers/STM32C0xx_HAL_Driver/Src/stm32c0xx_ll_gpio.o