Archive member included to satisfy reference by file (symbol)

e:/atmel_studio/7.0/toolchain/avr8/avr8-gnu-toolchain/bin/../lib/gcc/avr/5.4.0/avr25\libgcc.a(_exit.o)
                              E:/Atmel_studio/7.0/Packs/atmel/ATtiny_DFP/1.10.348/gcc/dev/attiny88/avr25/crtattiny88.o (exit)
e:/atmel_studio/7.0/toolchain/avr8/avr8-gnu-toolchain/bin/../lib/gcc/avr/5.4.0/avr25\libgcc.a(_clear_bss.o)
                              ADC.o (__do_clear_bss)

Allocating common symbols
Common symbol       size              file

spi_s               0x1               housekeeping.o
adc_rot             0xa               ADC.o
parsing_state       0x1               housekeeping.o
housekp             0x6               ADC.o
buf                 0x67              housekeeping.o
pwm                 0x3               ADC.o

Discarded input sections

 .data          0x00000000        0x0 E:/Atmel_studio/7.0/Packs/atmel/ATtiny_DFP/1.10.348/gcc/dev/attiny88/avr25/crtattiny88.o
 .bss           0x00000000        0x0 E:/Atmel_studio/7.0/Packs/atmel/ATtiny_DFP/1.10.348/gcc/dev/attiny88/avr25/crtattiny88.o
 .text          0x00000000        0x0 ADC.o
 .data          0x00000000        0x0 ADC.o
 .bss           0x00000000        0x0 ADC.o
 .text          0x00000000        0x0 housekeeping.o
 .data          0x00000000        0x0 housekeeping.o
 .bss           0x00000000        0x0 housekeeping.o
 .text.PWMInit  0x00000000       0x12 housekeeping.o
 .text          0x00000000        0x0 main.o
 .data          0x00000000        0x0 main.o
 .bss           0x00000000        0x0 main.o
 .text          0x00000000        0x0 settings.o
 .data          0x00000000        0x0 settings.o
 .bss           0x00000000        0x0 settings.o
 .text.errorHandler
                0x00000000        0x4 settings.o
 .text          0x00000000        0x0 SPI.o
 .data          0x00000000        0x0 SPI.o
 .bss           0x00000000        0x0 SPI.o
 .text          0x00000000        0x0 e:/atmel_studio/7.0/toolchain/avr8/avr8-gnu-toolchain/bin/../lib/gcc/avr/5.4.0/avr25\libgcc.a(_exit.o)
 .data          0x00000000        0x0 e:/atmel_studio/7.0/toolchain/avr8/avr8-gnu-toolchain/bin/../lib/gcc/avr/5.4.0/avr25\libgcc.a(_exit.o)
 .bss           0x00000000        0x0 e:/atmel_studio/7.0/toolchain/avr8/avr8-gnu-toolchain/bin/../lib/gcc/avr/5.4.0/avr25\libgcc.a(_exit.o)
 .text.libgcc.mul
                0x00000000        0x0 e:/atmel_studio/7.0/toolchain/avr8/avr8-gnu-toolchain/bin/../lib/gcc/avr/5.4.0/avr25\libgcc.a(_exit.o)
 .text.libgcc.div
                0x00000000        0x0 e:/atmel_studio/7.0/toolchain/avr8/avr8-gnu-toolchain/bin/../lib/gcc/avr/5.4.0/avr25\libgcc.a(_exit.o)
 .text.libgcc   0x00000000        0x0 e:/atmel_studio/7.0/toolchain/avr8/avr8-gnu-toolchain/bin/../lib/gcc/avr/5.4.0/avr25\libgcc.a(_exit.o)
 .text.libgcc.prologue
                0x00000000        0x0 e:/atmel_studio/7.0/toolchain/avr8/avr8-gnu-toolchain/bin/../lib/gcc/avr/5.4.0/avr25\libgcc.a(_exit.o)
 .text.libgcc.builtins
                0x00000000        0x0 e:/atmel_studio/7.0/toolchain/avr8/avr8-gnu-toolchain/bin/../lib/gcc/avr/5.4.0/avr25\libgcc.a(_exit.o)
 .text.libgcc.fmul
                0x00000000        0x0 e:/atmel_studio/7.0/toolchain/avr8/avr8-gnu-toolchain/bin/../lib/gcc/avr/5.4.0/avr25\libgcc.a(_exit.o)
 .text.libgcc.fixed
                0x00000000        0x0 e:/atmel_studio/7.0/toolchain/avr8/avr8-gnu-toolchain/bin/../lib/gcc/avr/5.4.0/avr25\libgcc.a(_exit.o)
 .text          0x00000000        0x0 e:/atmel_studio/7.0/toolchain/avr8/avr8-gnu-toolchain/bin/../lib/gcc/avr/5.4.0/avr25\libgcc.a(_clear_bss.o)
 .data          0x00000000        0x0 e:/atmel_studio/7.0/toolchain/avr8/avr8-gnu-toolchain/bin/../lib/gcc/avr/5.4.0/avr25\libgcc.a(_clear_bss.o)
 .bss           0x00000000        0x0 e:/atmel_studio/7.0/toolchain/avr8/avr8-gnu-toolchain/bin/../lib/gcc/avr/5.4.0/avr25\libgcc.a(_clear_bss.o)
 .text.libgcc.mul
                0x00000000        0x0 e:/atmel_studio/7.0/toolchain/avr8/avr8-gnu-toolchain/bin/../lib/gcc/avr/5.4.0/avr25\libgcc.a(_clear_bss.o)
 .text.libgcc.div
                0x00000000        0x0 e:/atmel_studio/7.0/toolchain/avr8/avr8-gnu-toolchain/bin/../lib/gcc/avr/5.4.0/avr25\libgcc.a(_clear_bss.o)
 .text.libgcc   0x00000000        0x0 e:/atmel_studio/7.0/toolchain/avr8/avr8-gnu-toolchain/bin/../lib/gcc/avr/5.4.0/avr25\libgcc.a(_clear_bss.o)
 .text.libgcc.prologue
                0x00000000        0x0 e:/atmel_studio/7.0/toolchain/avr8/avr8-gnu-toolchain/bin/../lib/gcc/avr/5.4.0/avr25\libgcc.a(_clear_bss.o)
 .text.libgcc.builtins
                0x00000000        0x0 e:/atmel_studio/7.0/toolchain/avr8/avr8-gnu-toolchain/bin/../lib/gcc/avr/5.4.0/avr25\libgcc.a(_clear_bss.o)
 .text.libgcc.fmul
                0x00000000        0x0 e:/atmel_studio/7.0/toolchain/avr8/avr8-gnu-toolchain/bin/../lib/gcc/avr/5.4.0/avr25\libgcc.a(_clear_bss.o)
 .text.libgcc.fixed
                0x00000000        0x0 e:/atmel_studio/7.0/toolchain/avr8/avr8-gnu-toolchain/bin/../lib/gcc/avr/5.4.0/avr25\libgcc.a(_clear_bss.o)

Memory Configuration

Name             Origin             Length             Attributes
text             0x00000000         0x00002000         xr
data             0x00800100         0x00000200         rw !x
eeprom           0x00810000         0x00000040         rw !x
fuse             0x00820000         0x00000003         rw !x
lock             0x00830000         0x00000400         rw !x
signature        0x00840000         0x00000400         rw !x
user_signatures  0x00850000         0x00000400         rw !x
*default*        0x00000000         0xffffffff

Linker script and memory map

Address of section .data set to 0x800100
LOAD E:/Atmel_studio/7.0/Packs/atmel/ATtiny_DFP/1.10.348/gcc/dev/attiny88/avr25/crtattiny88.o
LOAD ADC.o
LOAD housekeeping.o
LOAD main.o
LOAD settings.o
LOAD SPI.o
START GROUP
LOAD e:/atmel_studio/7.0/toolchain/avr8/avr8-gnu-toolchain/bin/../lib/gcc/avr/5.4.0/../../../../avr/lib/avr25\libm.a
END GROUP
START GROUP
LOAD e:/atmel_studio/7.0/toolchain/avr8/avr8-gnu-toolchain/bin/../lib/gcc/avr/5.4.0/avr25\libgcc.a
LOAD e:/atmel_studio/7.0/toolchain/avr8/avr8-gnu-toolchain/bin/../lib/gcc/avr/5.4.0/../../../../avr/lib/avr25\libm.a
LOAD e:/atmel_studio/7.0/toolchain/avr8/avr8-gnu-toolchain/bin/../lib/gcc/avr/5.4.0/../../../../avr/lib/avr25\libc.a
LOAD E:/Atmel_studio/7.0/Packs/atmel/ATtiny_DFP/1.10.348/gcc/dev/attiny88/avr25\libattiny88.a
END GROUP
                0x00000000                __TEXT_REGION_ORIGIN__ = DEFINED (__TEXT_REGION_ORIGIN__)?__TEXT_REGION_ORIGIN__:0x0
                [0x00800100]                __DATA_REGION_ORIGIN__ = DEFINED (__DATA_REGION_ORIGIN__)?__DATA_REGION_ORIGIN__:0x800060
                [0x00002000]                __TEXT_REGION_LENGTH__ = DEFINED (__TEXT_REGION_LENGTH__)?__TEXT_REGION_LENGTH__:0x2000
                [0x00000200]                __DATA_REGION_LENGTH__ = DEFINED (__DATA_REGION_LENGTH__)?__DATA_REGION_LENGTH__:0xffa0
                [0x00000040]                __EEPROM_REGION_LENGTH__ = DEFINED (__EEPROM_REGION_LENGTH__)?__EEPROM_REGION_LENGTH__:0x10000
                [0x00000003]                __FUSE_REGION_LENGTH__ = DEFINED (__FUSE_REGION_LENGTH__)?__FUSE_REGION_LENGTH__:0x400
                0x00000400                __LOCK_REGION_LENGTH__ = DEFINED (__LOCK_REGION_LENGTH__)?__LOCK_REGION_LENGTH__:0x400
                0x00000400                __SIGNATURE_REGION_LENGTH__ = DEFINED (__SIGNATURE_REGION_LENGTH__)?__SIGNATURE_REGION_LENGTH__:0x400
                0x00000400                __USER_SIGNATURE_REGION_LENGTH__ = DEFINED (__USER_SIGNATURE_REGION_LENGTH__)?__USER_SIGNATURE_REGION_LENGTH__:0x400

.hash
 *(.hash)

.dynsym
 *(.dynsym)

.dynstr
 *(.dynstr)

.gnu.version
 *(.gnu.version)

.gnu.version_d
 *(.gnu.version_d)

.gnu.version_r
 *(.gnu.version_r)

.rel.init
 *(.rel.init)

.rela.init
 *(.rela.init)

.rel.text
 *(.rel.text)
 *(.rel.text.*)
 *(.rel.gnu.linkonce.t*)

.rela.text
 *(.rela.text)
 *(.rela.text.*)
 *(.rela.gnu.linkonce.t*)

.rel.fini
 *(.rel.fini)

.rela.fini
 *(.rela.fini)

.rel.rodata
 *(.rel.rodata)
 *(.rel.rodata.*)
 *(.rel.gnu.linkonce.r*)

.rela.rodata
 *(.rela.rodata)
 *(.rela.rodata.*)
 *(.rela.gnu.linkonce.r*)

.rel.data
 *(.rel.data)
 *(.rel.data.*)
 *(.rel.gnu.linkonce.d*)

.rela.data
 *(.rela.data)
 *(.rela.data.*)
 *(.rela.gnu.linkonce.d*)

.rel.ctors
 *(.rel.ctors)

.rela.ctors
 *(.rela.ctors)

.rel.dtors
 *(.rel.dtors)

.rela.dtors
 *(.rela.dtors)

.rel.got
 *(.rel.got)

.rela.got
 *(.rela.got)

.rel.bss
 *(.rel.bss)

.rela.bss
 *(.rela.bss)

.rel.plt
 *(.rel.plt)

.rela.plt
 *(.rela.plt)

.text           0x00000000      0x7ec
 *(.vectors)
 .vectors       0x00000000       0x28 E:/Atmel_studio/7.0/Packs/atmel/ATtiny_DFP/1.10.348/gcc/dev/attiny88/avr25/crtattiny88.o
                0x00000000                __vector_default
                0x00000000                __vectors
 *(.vectors)
 *(.progmem.gcc*)
                0x00000028                . = ALIGN (0x2)
                0x00000028                __trampolines_start = .
 *(.trampolines)
 .trampolines   0x00000028        0x0 linker stubs
 *(.trampolines*)
                0x00000028                __trampolines_end = .
 *libprintf_flt.a:*(.progmem.data)
 *libc.a:*(.progmem.data)
 *(.progmem*)
                0x00000028                . = ALIGN (0x2)
 *(.jumptables)
 *(.jumptables*)
 *(.lowtext)
 *(.lowtext*)
                0x00000028                __ctors_start = .
 *(.ctors)
                0x00000028                __ctors_end = .
                0x00000028                __dtors_start = .
 *(.dtors)
                0x00000028                __dtors_end = .
 SORT(*)(.ctors)
 SORT(*)(.dtors)
 *(.init0)
 .init0         0x00000028        0x0 E:/Atmel_studio/7.0/Packs/atmel/ATtiny_DFP/1.10.348/gcc/dev/attiny88/avr25/crtattiny88.o
                0x00000028                __init
 *(.init0)
 *(.init1)
 *(.init1)
 *(.init2)
 .init2         0x00000028        0xc E:/Atmel_studio/7.0/Packs/atmel/ATtiny_DFP/1.10.348/gcc/dev/attiny88/avr25/crtattiny88.o
 *(.init2)
 *(.init3)
 *(.init3)
 *(.init4)
 .init4         0x00000034       0x10 e:/atmel_studio/7.0/toolchain/avr8/avr8-gnu-toolchain/bin/../lib/gcc/avr/5.4.0/avr25\libgcc.a(_clear_bss.o)
                0x00000034                __do_clear_bss
 *(.init4)
 *(.init5)
 *(.init5)
 *(.init6)
 *(.init6)
 *(.init7)
 *(.init7)
 *(.init8)
 *(.init8)
 *(.init9)
 .init9         0x00000044        0x4 E:/Atmel_studio/7.0/Packs/atmel/ATtiny_DFP/1.10.348/gcc/dev/attiny88/avr25/crtattiny88.o
 *(.init9)
 *(.text)
 .text          0x00000048        0x2 E:/Atmel_studio/7.0/Packs/atmel/ATtiny_DFP/1.10.348/gcc/dev/attiny88/avr25/crtattiny88.o
                0x00000048                __vector_1
                0x00000048                __bad_interrupt
                0x00000048                __vector_6
                0x00000048                __vector_11
                0x00000048                __vector_13
                0x00000048                __vector_17
                0x00000048                __vector_19
                0x00000048                __vector_7
                0x00000048                __vector_5
                0x00000048                __vector_4
                0x00000048                __vector_9
                0x00000048                __vector_2
                0x00000048                __vector_15
                0x00000048                __vector_8
                0x00000048                __vector_14
                0x00000048                __vector_10
                0x00000048                __vector_16
                0x00000048                __vector_18
                0x0000004a                . = ALIGN (0x2)
 *(.text.*)
 .text.ADCRead  0x0000004a       0x32 ADC.o
                0x0000004a                ADCRead
 .text.ADCInit  0x0000007c       0x3e ADC.o
                0x0000007c                ADCInit
 .text.MovePot  0x000000ba       0x52 ADC.o
                0x000000ba                MovePot
 .text.timersInit
                0x0000010c       0x18 housekeeping.o
                0x0000010c                timersInit
 .text.enableTimer
                0x00000124        0xc housekeeping.o
                0x00000124                enableTimer
 .text.disableTimer
                0x00000130        0xc housekeeping.o
                0x00000130                disableTimer
 .text.enableHSKP
                0x0000013c        0x8 housekeeping.o
                0x0000013c                enableHSKP
 .text.disableHSKP
                0x00000144        0x6 housekeeping.o
                0x00000144                disableHSKP
 .text.getTick  0x0000014a        0xc housekeeping.o
                0x0000014a                getTick
 .text.__vector_12
                0x00000156       0xb6 housekeeping.o
                0x00000156                __vector_12
 .text.main     0x0000020c       0x72 main.o
                0x0000020c                main
 .text.parseSPI
                0x0000027e      0x1e8 settings.o
                0x0000027e                parseSPI
 .text.SPIInit  0x00000466       0x32 SPI.o
                0x00000466                SPIInit
 .text.bufferInit
                0x00000498       0x18 SPI.o
                0x00000498                bufferInit
 .text.writeBuffer
                0x000004b0       0x44 SPI.o
                0x000004b0                writeBuffer
 .text.__vector_3
                0x000004f4       0x5a SPI.o
                0x000004f4                __vector_3
 .text.readBuffer
                0x0000054e       0x46 SPI.o
                0x0000054e                readBuffer
 .text.readBufferLength
                0x00000594        0xc SPI.o
                0x00000594                readBufferLength
 .text.writeSpi
                0x000005a0       0xfa SPI.o
                0x000005a0                writeSpi
 .text.writeSpiBuffer
                0x0000069a      0x14e SPI.o
                0x0000069a                writeSpiBuffer
                0x000007e8                . = ALIGN (0x2)
 *(.fini9)
 .fini9         0x000007e8        0x0 e:/atmel_studio/7.0/toolchain/avr8/avr8-gnu-toolchain/bin/../lib/gcc/avr/5.4.0/avr25\libgcc.a(_exit.o)
                0x000007e8                _exit
                0x000007e8                exit
 *(.fini9)
 *(.fini8)
 *(.fini8)
 *(.fini7)
 *(.fini7)
 *(.fini6)
 *(.fini6)
 *(.fini5)
 *(.fini5)
 *(.fini4)
 *(.fini4)
 *(.fini3)
 *(.fini3)
 *(.fini2)
 *(.fini2)
 *(.fini1)
 *(.fini1)
 *(.fini0)
 .fini0         0x000007e8        0x4 e:/atmel_studio/7.0/toolchain/avr8/avr8-gnu-toolchain/bin/../lib/gcc/avr/5.4.0/avr25\libgcc.a(_exit.o)
 *(.fini0)
                0x000007ec                _etext = .

.data           0x00800100        0x0 load address 0x000007ec
                [!provide]                PROVIDE (__data_start, .)
 *(.data)
 *(.data*)
 *(.gnu.linkonce.d*)
 *(.rodata)
 *(.rodata*)
 *(.gnu.linkonce.r*)
                0x00800100                . = ALIGN (0x2)
                0x00800100                _edata = .
                [!provide]                PROVIDE (__data_end, .)

.bss            0x00800100       0x7c
                0x00800100                PROVIDE (__bss_start, .)
 *(.bss)
 *(.bss*)
 *(COMMON)
 COMMON         0x00800100       0x13 ADC.o
                0x00800100                adc_rot
                0x0080010a                housekp
                0x00800110                pwm
 COMMON         0x00800113       0x69 housekeeping.o
                0x00800113                spi_s
                0x00800114                parsing_state
                0x00800115                buf
                0x0080017c                PROVIDE (__bss_end, .)
                0x000007ec                __data_load_start = LOADADDR (.data)
                0x000007ec                __data_load_end = (__data_load_start + SIZEOF (.data))

.noinit         0x0080017c        0x0
                [!provide]                PROVIDE (__noinit_start, .)
 *(.noinit*)
                [!provide]                PROVIDE (__noinit_end, .)
                0x0080017c                _end = .
                [!provide]                PROVIDE (__heap_start, .)

.eeprom         0x00810000        0x0
 *(.eeprom*)
                0x00810000                __eeprom_end = .

.fuse
 *(.fuse)
 *(.lfuse)
 *(.hfuse)
 *(.efuse)

.lock
 *(.lock*)

.signature
 *(.signature*)

.user_signatures
 *(.user_signatures*)

.stab
 *(.stab)

.stabstr
 *(.stabstr)

.stab.excl
 *(.stab.excl)

.stab.exclstr
 *(.stab.exclstr)

.stab.index
 *(.stab.index)

.stab.indexstr
 *(.stab.indexstr)

.comment        0x00000000       0x30
 *(.comment)
 .comment       0x00000000       0x30 ADC.o
                                 0x31 (size before relaxing)
 .comment       0x00000030       0x31 housekeeping.o
 .comment       0x00000030       0x31 main.o
 .comment       0x00000030       0x31 settings.o
 .comment       0x00000030       0x31 SPI.o

.note.gnu.avr.deviceinfo
                0x00000000       0x3c
 .note.gnu.avr.deviceinfo
                0x00000000       0x3c E:/Atmel_studio/7.0/Packs/atmel/ATtiny_DFP/1.10.348/gcc/dev/attiny88/avr25/crtattiny88.o

.note.gnu.build-id
 *(.note.gnu.build-id)

.debug
 *(.debug)

.line
 *(.line)

.debug_srcinfo
 *(.debug_srcinfo)

.debug_sfnames
 *(.debug_sfnames)

.debug_aranges  0x00000000      0x128
 *(.debug_aranges)
 .debug_aranges
                0x00000000       0x30 ADC.o
 .debug_aranges
                0x00000030       0x58 housekeeping.o
 .debug_aranges
                0x00000088       0x20 main.o
 .debug_aranges
                0x000000a8       0x28 settings.o
 .debug_aranges
                0x000000d0       0x58 SPI.o

.debug_pubnames
 *(.debug_pubnames)

.debug_info     0x00000000     0x1d73
 *(.debug_info .gnu.linkonce.wi.*)
 .debug_info    0x00000000      0x576 E:/Atmel_studio/7.0/Packs/atmel/ATtiny_DFP/1.10.348/gcc/dev/attiny88/avr25/crtattiny88.o
 .debug_info    0x00000576      0x257 ADC.o
 .debug_info    0x000007cd      0x441 housekeeping.o
 .debug_info    0x00000c0e      0x4bb main.o
 .debug_info    0x000010c9      0x638 settings.o
 .debug_info    0x00001701      0x672 SPI.o

.debug_abbrev   0x00000000      0xcf9
 *(.debug_abbrev)
 .debug_abbrev  0x00000000      0x52b E:/Atmel_studio/7.0/Packs/atmel/ATtiny_DFP/1.10.348/gcc/dev/attiny88/avr25/crtattiny88.o
 .debug_abbrev  0x0000052b      0x11e ADC.o
 .debug_abbrev  0x00000649      0x18d housekeeping.o
 .debug_abbrev  0x000007d6      0x1b4 main.o
 .debug_abbrev  0x0000098a      0x1aa settings.o
 .debug_abbrev  0x00000b34      0x1c5 SPI.o

.debug_line     0x00000000      0xc66
 *(.debug_line .debug_line.* .debug_line_end)
 .debug_line    0x00000000      0x110 E:/Atmel_studio/7.0/Packs/atmel/ATtiny_DFP/1.10.348/gcc/dev/attiny88/avr25/crtattiny88.o
 .debug_line    0x00000110      0x155 ADC.o
 .debug_line    0x00000265      0x1f1 housekeeping.o
 .debug_line    0x00000456      0x1ae main.o
 .debug_line    0x00000604      0x253 settings.o
 .debug_line    0x00000857      0x40f SPI.o

.debug_frame    0x00000000      0x308
 *(.debug_frame)
 .debug_frame   0x00000000       0x50 ADC.o
 .debug_frame   0x00000050       0xdc housekeeping.o
 .debug_frame   0x0000012c       0x24 main.o
 .debug_frame   0x00000150       0x5c settings.o
 .debug_frame   0x000001ac      0x15c SPI.o

.debug_str      0x00000000      0x645
 *(.debug_str)
 .debug_str     0x00000000      0x1d9 E:/Atmel_studio/7.0/Packs/atmel/ATtiny_DFP/1.10.348/gcc/dev/attiny88/avr25/crtattiny88.o
 .debug_str     0x000001d9      0x1e7 ADC.o
                                0x220 (size before relaxing)
 .debug_str     0x000003c0      0x15f housekeeping.o
                                0x369 (size before relaxing)
 .debug_str     0x0000051f       0x8d main.o
                                0x389 (size before relaxing)
 .debug_str     0x000005ac       0x64 settings.o
                                0x377 (size before relaxing)
 .debug_str     0x00000610       0x35 SPI.o
                                0x39b (size before relaxing)

.debug_loc      0x00000000      0xa84
 *(.debug_loc)
 .debug_loc     0x00000000       0xc9 ADC.o
 .debug_loc     0x000000c9      0x119 housekeeping.o
 .debug_loc     0x000001e2      0x2ef settings.o
 .debug_loc     0x000004d1      0x5b3 SPI.o

.debug_macinfo
 *(.debug_macinfo)

.debug_weaknames
 *(.debug_weaknames)

.debug_funcnames
 *(.debug_funcnames)

.debug_typenames
 *(.debug_typenames)

.debug_varnames
 *(.debug_varnames)

.debug_pubtypes
 *(.debug_pubtypes)

.debug_ranges   0x00000000       0xd8
 *(.debug_ranges)
 .debug_ranges  0x00000000       0x20 ADC.o
 .debug_ranges  0x00000020       0x48 housekeeping.o
 .debug_ranges  0x00000068       0x10 main.o
 .debug_ranges  0x00000078       0x18 settings.o
 .debug_ranges  0x00000090       0x48 SPI.o

.debug_macro
 *(.debug_macro)
OUTPUT(Motorised pott.elf elf32-avr)
LOAD linker stubs
