../Core/modbus/rtu/mbrtu.c:80:1:eMBRTUInit	32	static,ignoring_inline_asm
../Core/modbus/rtu/mbrtu.c:125:1:eMBRTUStart	8	static,ignoring_inline_asm
../Core/modbus/rtu/mbrtu.c:141:1:eMBRTUStop	8	static,ignoring_inline_asm
../Core/modbus/rtu/mbrtu.c:150:1:eMBRTUReceive	32	static,ignoring_inline_asm
../Core/modbus/rtu/mbrtu.c:186:1:eMBRTUSend	32	static,ignoring_inline_asm
../Core/modbus/rtu/mbrtu.c:225:1:xMBRTUReceiveFSM	16	static
../Core/modbus/rtu/mbrtu.c:285:1:xMBRTUTransmitFSM	24	static
../Core/modbus/rtu/mbrtu.c:323:1:xMBRTUTimerT35Expired	24	static
