Archive member included to satisfy reference by file (symbol)

e:/atmel_studio/7.0/toolchain/avr8/avr8-gnu-toolchain/bin/../lib/gcc/avr/5.4.0/avr25\libgcc.a(_exit.o)
                              E:/Atmel_studio/7.0/Packs/atmel/ATtiny_DFP/1.10.348/gcc/dev/attiny88/avr25/crtattiny88.o (exit)
e:/atmel_studio/7.0/toolchain/avr8/avr8-gnu-toolchain/bin/../lib/gcc/avr/5.4.0/avr25\libgcc.a(_copy_data.o)
                              led_drv.o (__do_copy_data)
e:/atmel_studio/7.0/toolchain/avr8/avr8-gnu-toolchain/bin/../lib/gcc/avr/5.4.0/avr25\libgcc.a(_clear_bss.o)
                              ACE.o (__do_clear_bss)
e:/atmel_studio/7.0/toolchain/avr8/avr8-gnu-toolchain/bin/../lib/gcc/avr/5.4.0/../../../../avr/lib/avr25\libc.a(vsnprintf.o)
                              SoftwareSerial.o (vsnprintf)
e:/atmel_studio/7.0/toolchain/avr8/avr8-gnu-toolchain/bin/../lib/gcc/avr/5.4.0/../../../../avr/lib/avr25\libc.a(vfprintf_std.o)
                              e:/atmel_studio/7.0/toolchain/avr8/avr8-gnu-toolchain/bin/../lib/gcc/avr/5.4.0/../../../../avr/lib/avr25\libc.a(vsnprintf.o) (vfprintf)
e:/atmel_studio/7.0/toolchain/avr8/avr8-gnu-toolchain/bin/../lib/gcc/avr/5.4.0/../../../../avr/lib/avr25\libc.a(strnlen_P.o)
                              e:/atmel_studio/7.0/toolchain/avr8/avr8-gnu-toolchain/bin/../lib/gcc/avr/5.4.0/../../../../avr/lib/avr25\libc.a(vfprintf_std.o) (strnlen_P)
e:/atmel_studio/7.0/toolchain/avr8/avr8-gnu-toolchain/bin/../lib/gcc/avr/5.4.0/../../../../avr/lib/avr25\libc.a(strnlen.o)
                              e:/atmel_studio/7.0/toolchain/avr8/avr8-gnu-toolchain/bin/../lib/gcc/avr/5.4.0/../../../../avr/lib/avr25\libc.a(vfprintf_std.o) (strnlen)
e:/atmel_studio/7.0/toolchain/avr8/avr8-gnu-toolchain/bin/../lib/gcc/avr/5.4.0/../../../../avr/lib/avr25\libc.a(fputc.o)
                              e:/atmel_studio/7.0/toolchain/avr8/avr8-gnu-toolchain/bin/../lib/gcc/avr/5.4.0/../../../../avr/lib/avr25\libc.a(vfprintf_std.o) (fputc)
e:/atmel_studio/7.0/toolchain/avr8/avr8-gnu-toolchain/bin/../lib/gcc/avr/5.4.0/../../../../avr/lib/avr25\libc.a(ultoa_invert.o)
                              e:/atmel_studio/7.0/toolchain/avr8/avr8-gnu-toolchain/bin/../lib/gcc/avr/5.4.0/../../../../avr/lib/avr25\libc.a(vfprintf_std.o) (__ultoa_invert)
e:/atmel_studio/7.0/toolchain/avr8/avr8-gnu-toolchain/bin/../lib/gcc/avr/5.4.0/avr25\libgcc.a(_mulqi3.o)
                              e:/atmel_studio/7.0/toolchain/avr8/avr8-gnu-toolchain/bin/../lib/gcc/avr/5.4.0/../../../../avr/lib/avr25\libc.a(vfprintf_std.o) (__mulqi3)
e:/atmel_studio/7.0/toolchain/avr8/avr8-gnu-toolchain/bin/../lib/gcc/avr/5.4.0/avr25\libgcc.a(_prologue.o)
                              e:/atmel_studio/7.0/toolchain/avr8/avr8-gnu-toolchain/bin/../lib/gcc/avr/5.4.0/../../../../avr/lib/avr25\libc.a(vsnprintf.o) (__prologue_saves__)
e:/atmel_studio/7.0/toolchain/avr8/avr8-gnu-toolchain/bin/../lib/gcc/avr/5.4.0/avr25\libgcc.a(_epilogue.o)
                              e:/atmel_studio/7.0/toolchain/avr8/avr8-gnu-toolchain/bin/../lib/gcc/avr/5.4.0/../../../../avr/lib/avr25\libc.a(vsnprintf.o) (__epilogue_restores__)

Discarded input sections

 .data          0x00000000        0x0 E:/Atmel_studio/7.0/Packs/atmel/ATtiny_DFP/1.10.348/gcc/dev/attiny88/avr25/crtattiny88.o
 .bss           0x00000000        0x0 E:/Atmel_studio/7.0/Packs/atmel/ATtiny_DFP/1.10.348/gcc/dev/attiny88/avr25/crtattiny88.o
 .text          0x00000000        0x0 ACE.o
 .data          0x00000000        0x0 ACE.o
 .bss           0x00000000        0x0 ACE.o
 .text.ACETransform
                0x00000000        0xc ACE.o
 .text.readACEValRaw
                0x00000000       0xba ACE.o
 .text          0x00000000        0x0 I2C.o
 .data          0x00000000        0x0 I2C.o
 .bss           0x00000000        0x0 I2C.o
 .text.I2CRead  0x00000000       0x40 I2C.o
 .text          0x00000000        0x0 led_drv.o
 .data          0x00000000        0x0 led_drv.o
 .bss           0x00000000        0x0 led_drv.o
 .text.LEDGetReg
                0x00000000       0x3a led_drv.o
 .text          0x00000000        0x0 main.o
 .data          0x00000000        0x0 main.o
 .bss           0x00000000        0x0 main.o
 .text          0x00000000        0x0 SoftwareSerial.o
 .data          0x00000000        0x0 SoftwareSerial.o
 .bss           0x00000000        0x0 SoftwareSerial.o
 .text.softSerialEnd
                0x00000000        0x6 SoftwareSerial.o
 .text.softSerialRead
                0x00000000       0x2e SoftwareSerial.o
 .text.softSerialAvailable
                0x00000000       0x18 SoftwareSerial.o
 .text.softSerialOverflow
                0x00000000        0xe SoftwareSerial.o
 .text.softSerialFlush
                0x00000000       0x10 SoftwareSerial.o
 .text.softSerialPeek
                0x00000000       0x22 SoftwareSerial.o
 .rodata.XMIT_START_ADJUSTMENT
                0x00000000        0x2 SoftwareSerial.o
 .text          0x00000000        0x0 SPI.o
 .data          0x00000000        0x0 SPI.o
 .bss           0x00000000        0x0 SPI.o
 .text.SPISlaveInit
                0x00000000       0x2c SPI.o
 .text.ISR      0x00000000        0x2 SPI.o
 .debug_info    0x00000000       0xac SPI.o
 .debug_abbrev  0x00000000       0x78 SPI.o
 .debug_loc     0x00000000       0x26 SPI.o
 .debug_aranges
                0x00000000       0x28 SPI.o
 .debug_ranges  0x00000000       0x18 SPI.o
 .debug_line    0x00000000       0xc0 SPI.o
 .debug_str     0x00000000      0x194 SPI.o
 .comment       0x00000000       0x31 SPI.o
 .debug_frame   0x00000000       0x34 SPI.o
 .text          0x00000000        0x0 e:/atmel_studio/7.0/toolchain/avr8/avr8-gnu-toolchain/bin/../lib/gcc/avr/5.4.0/avr25\libgcc.a(_exit.o)
 .data          0x00000000        0x0 e:/atmel_studio/7.0/toolchain/avr8/avr8-gnu-toolchain/bin/../lib/gcc/avr/5.4.0/avr25\libgcc.a(_exit.o)
 .bss           0x00000000        0x0 e:/atmel_studio/7.0/toolchain/avr8/avr8-gnu-toolchain/bin/../lib/gcc/avr/5.4.0/avr25\libgcc.a(_exit.o)
 .text.libgcc.mul
                0x00000000        0x0 e:/atmel_studio/7.0/toolchain/avr8/avr8-gnu-toolchain/bin/../lib/gcc/avr/5.4.0/avr25\libgcc.a(_exit.o)
 .text.libgcc.div
                0x00000000        0x0 e:/atmel_studio/7.0/toolchain/avr8/avr8-gnu-toolchain/bin/../lib/gcc/avr/5.4.0/avr25\libgcc.a(_exit.o)
 .text.libgcc   0x00000000        0x0 e:/atmel_studio/7.0/toolchain/avr8/avr8-gnu-toolchain/bin/../lib/gcc/avr/5.4.0/avr25\libgcc.a(_exit.o)
 .text.libgcc.prologue
                0x00000000        0x0 e:/atmel_studio/7.0/toolchain/avr8/avr8-gnu-toolchain/bin/../lib/gcc/avr/5.4.0/avr25\libgcc.a(_exit.o)
 .text.libgcc.builtins
                0x00000000        0x0 e:/atmel_studio/7.0/toolchain/avr8/avr8-gnu-toolchain/bin/../lib/gcc/avr/5.4.0/avr25\libgcc.a(_exit.o)
 .text.libgcc.fmul
                0x00000000        0x0 e:/atmel_studio/7.0/toolchain/avr8/avr8-gnu-toolchain/bin/../lib/gcc/avr/5.4.0/avr25\libgcc.a(_exit.o)
 .text.libgcc.fixed
                0x00000000        0x0 e:/atmel_studio/7.0/toolchain/avr8/avr8-gnu-toolchain/bin/../lib/gcc/avr/5.4.0/avr25\libgcc.a(_exit.o)
 .text          0x00000000        0x0 e:/atmel_studio/7.0/toolchain/avr8/avr8-gnu-toolchain/bin/../lib/gcc/avr/5.4.0/avr25\libgcc.a(_copy_data.o)
 .data          0x00000000        0x0 e:/atmel_studio/7.0/toolchain/avr8/avr8-gnu-toolchain/bin/../lib/gcc/avr/5.4.0/avr25\libgcc.a(_copy_data.o)
 .bss           0x00000000        0x0 e:/atmel_studio/7.0/toolchain/avr8/avr8-gnu-toolchain/bin/../lib/gcc/avr/5.4.0/avr25\libgcc.a(_copy_data.o)
 .text.libgcc.mul
                0x00000000        0x0 e:/atmel_studio/7.0/toolchain/avr8/avr8-gnu-toolchain/bin/../lib/gcc/avr/5.4.0/avr25\libgcc.a(_copy_data.o)
 .text.libgcc.div
                0x00000000        0x0 e:/atmel_studio/7.0/toolchain/avr8/avr8-gnu-toolchain/bin/../lib/gcc/avr/5.4.0/avr25\libgcc.a(_copy_data.o)
 .text.libgcc   0x00000000        0x0 e:/atmel_studio/7.0/toolchain/avr8/avr8-gnu-toolchain/bin/../lib/gcc/avr/5.4.0/avr25\libgcc.a(_copy_data.o)
 .text.libgcc.prologue
                0x00000000        0x0 e:/atmel_studio/7.0/toolchain/avr8/avr8-gnu-toolchain/bin/../lib/gcc/avr/5.4.0/avr25\libgcc.a(_copy_data.o)
 .text.libgcc.builtins
                0x00000000        0x0 e:/atmel_studio/7.0/toolchain/avr8/avr8-gnu-toolchain/bin/../lib/gcc/avr/5.4.0/avr25\libgcc.a(_copy_data.o)
 .text.libgcc.fmul
                0x00000000        0x0 e:/atmel_studio/7.0/toolchain/avr8/avr8-gnu-toolchain/bin/../lib/gcc/avr/5.4.0/avr25\libgcc.a(_copy_data.o)
 .text.libgcc.fixed
                0x00000000        0x0 e:/atmel_studio/7.0/toolchain/avr8/avr8-gnu-toolchain/bin/../lib/gcc/avr/5.4.0/avr25\libgcc.a(_copy_data.o)
 .text          0x00000000        0x0 e:/atmel_studio/7.0/toolchain/avr8/avr8-gnu-toolchain/bin/../lib/gcc/avr/5.4.0/avr25\libgcc.a(_clear_bss.o)
 .data          0x00000000        0x0 e:/atmel_studio/7.0/toolchain/avr8/avr8-gnu-toolchain/bin/../lib/gcc/avr/5.4.0/avr25\libgcc.a(_clear_bss.o)
 .bss           0x00000000        0x0 e:/atmel_studio/7.0/toolchain/avr8/avr8-gnu-toolchain/bin/../lib/gcc/avr/5.4.0/avr25\libgcc.a(_clear_bss.o)
 .text.libgcc.mul
                0x00000000        0x0 e:/atmel_studio/7.0/toolchain/avr8/avr8-gnu-toolchain/bin/../lib/gcc/avr/5.4.0/avr25\libgcc.a(_clear_bss.o)
 .text.libgcc.div
                0x00000000        0x0 e:/atmel_studio/7.0/toolchain/avr8/avr8-gnu-toolchain/bin/../lib/gcc/avr/5.4.0/avr25\libgcc.a(_clear_bss.o)
 .text.libgcc   0x00000000        0x0 e:/atmel_studio/7.0/toolchain/avr8/avr8-gnu-toolchain/bin/../lib/gcc/avr/5.4.0/avr25\libgcc.a(_clear_bss.o)
 .text.libgcc.prologue
                0x00000000        0x0 e:/atmel_studio/7.0/toolchain/avr8/avr8-gnu-toolchain/bin/../lib/gcc/avr/5.4.0/avr25\libgcc.a(_clear_bss.o)
 .text.libgcc.builtins
                0x00000000        0x0 e:/atmel_studio/7.0/toolchain/avr8/avr8-gnu-toolchain/bin/../lib/gcc/avr/5.4.0/avr25\libgcc.a(_clear_bss.o)
 .text.libgcc.fmul
                0x00000000        0x0 e:/atmel_studio/7.0/toolchain/avr8/avr8-gnu-toolchain/bin/../lib/gcc/avr/5.4.0/avr25\libgcc.a(_clear_bss.o)
 .text.libgcc.fixed
                0x00000000        0x0 e:/atmel_studio/7.0/toolchain/avr8/avr8-gnu-toolchain/bin/../lib/gcc/avr/5.4.0/avr25\libgcc.a(_clear_bss.o)
 .text          0x00000000        0x0 e:/atmel_studio/7.0/toolchain/avr8/avr8-gnu-toolchain/bin/../lib/gcc/avr/5.4.0/../../../../avr/lib/avr25\libc.a(vsnprintf.o)
 .data          0x00000000        0x0 e:/atmel_studio/7.0/toolchain/avr8/avr8-gnu-toolchain/bin/../lib/gcc/avr/5.4.0/../../../../avr/lib/avr25\libc.a(vsnprintf.o)
 .bss           0x00000000        0x0 e:/atmel_studio/7.0/toolchain/avr8/avr8-gnu-toolchain/bin/../lib/gcc/avr/5.4.0/../../../../avr/lib/avr25\libc.a(vsnprintf.o)
 .text          0x00000000        0x0 e:/atmel_studio/7.0/toolchain/avr8/avr8-gnu-toolchain/bin/../lib/gcc/avr/5.4.0/../../../../avr/lib/avr25\libc.a(vfprintf_std.o)
 .data          0x00000000        0x0 e:/atmel_studio/7.0/toolchain/avr8/avr8-gnu-toolchain/bin/../lib/gcc/avr/5.4.0/../../../../avr/lib/avr25\libc.a(vfprintf_std.o)
 .bss           0x00000000        0x0 e:/atmel_studio/7.0/toolchain/avr8/avr8-gnu-toolchain/bin/../lib/gcc/avr/5.4.0/../../../../avr/lib/avr25\libc.a(vfprintf_std.o)
 .text          0x00000000        0x0 e:/atmel_studio/7.0/toolchain/avr8/avr8-gnu-toolchain/bin/../lib/gcc/avr/5.4.0/../../../../avr/lib/avr25\libc.a(strnlen_P.o)
 .data          0x00000000        0x0 e:/atmel_studio/7.0/toolchain/avr8/avr8-gnu-toolchain/bin/../lib/gcc/avr/5.4.0/../../../../avr/lib/avr25\libc.a(strnlen_P.o)
 .bss           0x00000000        0x0 e:/atmel_studio/7.0/toolchain/avr8/avr8-gnu-toolchain/bin/../lib/gcc/avr/5.4.0/../../../../avr/lib/avr25\libc.a(strnlen_P.o)
 .text          0x00000000        0x0 e:/atmel_studio/7.0/toolchain/avr8/avr8-gnu-toolchain/bin/../lib/gcc/avr/5.4.0/../../../../avr/lib/avr25\libc.a(strnlen.o)
 .data          0x00000000        0x0 e:/atmel_studio/7.0/toolchain/avr8/avr8-gnu-toolchain/bin/../lib/gcc/avr/5.4.0/../../../../avr/lib/avr25\libc.a(strnlen.o)
 .bss           0x00000000        0x0 e:/atmel_studio/7.0/toolchain/avr8/avr8-gnu-toolchain/bin/../lib/gcc/avr/5.4.0/../../../../avr/lib/avr25\libc.a(strnlen.o)
 .text          0x00000000        0x0 e:/atmel_studio/7.0/toolchain/avr8/avr8-gnu-toolchain/bin/../lib/gcc/avr/5.4.0/../../../../avr/lib/avr25\libc.a(fputc.o)
 .data          0x00000000        0x0 e:/atmel_studio/7.0/toolchain/avr8/avr8-gnu-toolchain/bin/../lib/gcc/avr/5.4.0/../../../../avr/lib/avr25\libc.a(fputc.o)
 .bss           0x00000000        0x0 e:/atmel_studio/7.0/toolchain/avr8/avr8-gnu-toolchain/bin/../lib/gcc/avr/5.4.0/../../../../avr/lib/avr25\libc.a(fputc.o)
 .text          0x00000000        0x0 e:/atmel_studio/7.0/toolchain/avr8/avr8-gnu-toolchain/bin/../lib/gcc/avr/5.4.0/../../../../avr/lib/avr25\libc.a(ultoa_invert.o)
 .data          0x00000000        0x0 e:/atmel_studio/7.0/toolchain/avr8/avr8-gnu-toolchain/bin/../lib/gcc/avr/5.4.0/../../../../avr/lib/avr25\libc.a(ultoa_invert.o)
 .bss           0x00000000        0x0 e:/atmel_studio/7.0/toolchain/avr8/avr8-gnu-toolchain/bin/../lib/gcc/avr/5.4.0/../../../../avr/lib/avr25\libc.a(ultoa_invert.o)
 .text          0x00000000        0x0 e:/atmel_studio/7.0/toolchain/avr8/avr8-gnu-toolchain/bin/../lib/gcc/avr/5.4.0/avr25\libgcc.a(_mulqi3.o)
 .data          0x00000000        0x0 e:/atmel_studio/7.0/toolchain/avr8/avr8-gnu-toolchain/bin/../lib/gcc/avr/5.4.0/avr25\libgcc.a(_mulqi3.o)
 .bss           0x00000000        0x0 e:/atmel_studio/7.0/toolchain/avr8/avr8-gnu-toolchain/bin/../lib/gcc/avr/5.4.0/avr25\libgcc.a(_mulqi3.o)
 .text.libgcc.div
                0x00000000        0x0 e:/atmel_studio/7.0/toolchain/avr8/avr8-gnu-toolchain/bin/../lib/gcc/avr/5.4.0/avr25\libgcc.a(_mulqi3.o)
 .text.libgcc   0x00000000        0x0 e:/atmel_studio/7.0/toolchain/avr8/avr8-gnu-toolchain/bin/../lib/gcc/avr/5.4.0/avr25\libgcc.a(_mulqi3.o)
 .text.libgcc.prologue
                0x00000000        0x0 e:/atmel_studio/7.0/toolchain/avr8/avr8-gnu-toolchain/bin/../lib/gcc/avr/5.4.0/avr25\libgcc.a(_mulqi3.o)
 .text.libgcc.builtins
                0x00000000        0x0 e:/atmel_studio/7.0/toolchain/avr8/avr8-gnu-toolchain/bin/../lib/gcc/avr/5.4.0/avr25\libgcc.a(_mulqi3.o)
 .text.libgcc.fmul
                0x00000000        0x0 e:/atmel_studio/7.0/toolchain/avr8/avr8-gnu-toolchain/bin/../lib/gcc/avr/5.4.0/avr25\libgcc.a(_mulqi3.o)
 .text.libgcc.fixed
                0x00000000        0x0 e:/atmel_studio/7.0/toolchain/avr8/avr8-gnu-toolchain/bin/../lib/gcc/avr/5.4.0/avr25\libgcc.a(_mulqi3.o)
 .text          0x00000000        0x0 e:/atmel_studio/7.0/toolchain/avr8/avr8-gnu-toolchain/bin/../lib/gcc/avr/5.4.0/avr25\libgcc.a(_prologue.o)
 .data          0x00000000        0x0 e:/atmel_studio/7.0/toolchain/avr8/avr8-gnu-toolchain/bin/../lib/gcc/avr/5.4.0/avr25\libgcc.a(_prologue.o)
 .bss           0x00000000        0x0 e:/atmel_studio/7.0/toolchain/avr8/avr8-gnu-toolchain/bin/../lib/gcc/avr/5.4.0/avr25\libgcc.a(_prologue.o)
 .text.libgcc.mul
                0x00000000        0x0 e:/atmel_studio/7.0/toolchain/avr8/avr8-gnu-toolchain/bin/../lib/gcc/avr/5.4.0/avr25\libgcc.a(_prologue.o)
 .text.libgcc.div
                0x00000000        0x0 e:/atmel_studio/7.0/toolchain/avr8/avr8-gnu-toolchain/bin/../lib/gcc/avr/5.4.0/avr25\libgcc.a(_prologue.o)
 .text.libgcc   0x00000000        0x0 e:/atmel_studio/7.0/toolchain/avr8/avr8-gnu-toolchain/bin/../lib/gcc/avr/5.4.0/avr25\libgcc.a(_prologue.o)
 .text.libgcc.builtins
                0x00000000        0x0 e:/atmel_studio/7.0/toolchain/avr8/avr8-gnu-toolchain/bin/../lib/gcc/avr/5.4.0/avr25\libgcc.a(_prologue.o)
 .text.libgcc.fmul
                0x00000000        0x0 e:/atmel_studio/7.0/toolchain/avr8/avr8-gnu-toolchain/bin/../lib/gcc/avr/5.4.0/avr25\libgcc.a(_prologue.o)
 .text.libgcc.fixed
                0x00000000        0x0 e:/atmel_studio/7.0/toolchain/avr8/avr8-gnu-toolchain/bin/../lib/gcc/avr/5.4.0/avr25\libgcc.a(_prologue.o)
 .text          0x00000000        0x0 e:/atmel_studio/7.0/toolchain/avr8/avr8-gnu-toolchain/bin/../lib/gcc/avr/5.4.0/avr25\libgcc.a(_epilogue.o)
 .data          0x00000000        0x0 e:/atmel_studio/7.0/toolchain/avr8/avr8-gnu-toolchain/bin/../lib/gcc/avr/5.4.0/avr25\libgcc.a(_epilogue.o)
 .bss           0x00000000        0x0 e:/atmel_studio/7.0/toolchain/avr8/avr8-gnu-toolchain/bin/../lib/gcc/avr/5.4.0/avr25\libgcc.a(_epilogue.o)
 .text.libgcc.mul
                0x00000000        0x0 e:/atmel_studio/7.0/toolchain/avr8/avr8-gnu-toolchain/bin/../lib/gcc/avr/5.4.0/avr25\libgcc.a(_epilogue.o)
 .text.libgcc.div
                0x00000000        0x0 e:/atmel_studio/7.0/toolchain/avr8/avr8-gnu-toolchain/bin/../lib/gcc/avr/5.4.0/avr25\libgcc.a(_epilogue.o)
 .text.libgcc   0x00000000        0x0 e:/atmel_studio/7.0/toolchain/avr8/avr8-gnu-toolchain/bin/../lib/gcc/avr/5.4.0/avr25\libgcc.a(_epilogue.o)
 .text.libgcc.builtins
                0x00000000        0x0 e:/atmel_studio/7.0/toolchain/avr8/avr8-gnu-toolchain/bin/../lib/gcc/avr/5.4.0/avr25\libgcc.a(_epilogue.o)
 .text.libgcc.fmul
                0x00000000        0x0 e:/atmel_studio/7.0/toolchain/avr8/avr8-gnu-toolchain/bin/../lib/gcc/avr/5.4.0/avr25\libgcc.a(_epilogue.o)
 .text.libgcc.fixed
                0x00000000        0x0 e:/atmel_studio/7.0/toolchain/avr8/avr8-gnu-toolchain/bin/../lib/gcc/avr/5.4.0/avr25\libgcc.a(_epilogue.o)

Memory Configuration

Name             Origin             Length             Attributes
text             0x00000000         0x00002000         xr
data             0x00800100         0x00000200         rw !x
eeprom           0x00810000         0x00000040         rw !x
fuse             0x00820000         0x00000003         rw !x
lock             0x00830000         0x00000400         rw !x
signature        0x00840000         0x00000400         rw !x
user_signatures  0x00850000         0x00000400         rw !x
*default*        0x00000000         0xffffffff

Linker script and memory map

Address of section .data set to 0x800100
LOAD E:/Atmel_studio/7.0/Packs/atmel/ATtiny_DFP/1.10.348/gcc/dev/attiny88/avr25/crtattiny88.o
LOAD ACE.o
LOAD I2C.o
LOAD led_drv.o
LOAD main.o
LOAD SoftwareSerial.o
LOAD SPI.o
START GROUP
LOAD e:/atmel_studio/7.0/toolchain/avr8/avr8-gnu-toolchain/bin/../lib/gcc/avr/5.4.0/../../../../avr/lib/avr25\libm.a
END GROUP
START GROUP
LOAD e:/atmel_studio/7.0/toolchain/avr8/avr8-gnu-toolchain/bin/../lib/gcc/avr/5.4.0/avr25\libgcc.a
LOAD e:/atmel_studio/7.0/toolchain/avr8/avr8-gnu-toolchain/bin/../lib/gcc/avr/5.4.0/../../../../avr/lib/avr25\libm.a
LOAD e:/atmel_studio/7.0/toolchain/avr8/avr8-gnu-toolchain/bin/../lib/gcc/avr/5.4.0/../../../../avr/lib/avr25\libc.a
LOAD E:/Atmel_studio/7.0/Packs/atmel/ATtiny_DFP/1.10.348/gcc/dev/attiny88/avr25\libattiny88.a
END GROUP
                0x00000000                __TEXT_REGION_ORIGIN__ = DEFINED (__TEXT_REGION_ORIGIN__)?__TEXT_REGION_ORIGIN__:0x0
                [0x00800100]                __DATA_REGION_ORIGIN__ = DEFINED (__DATA_REGION_ORIGIN__)?__DATA_REGION_ORIGIN__:0x800060
                [0x00002000]                __TEXT_REGION_LENGTH__ = DEFINED (__TEXT_REGION_LENGTH__)?__TEXT_REGION_LENGTH__:0x2000
                [0x00000200]                __DATA_REGION_LENGTH__ = DEFINED (__DATA_REGION_LENGTH__)?__DATA_REGION_LENGTH__:0xffa0
                [0x00000040]                __EEPROM_REGION_LENGTH__ = DEFINED (__EEPROM_REGION_LENGTH__)?__EEPROM_REGION_LENGTH__:0x10000
                [0x00000003]                __FUSE_REGION_LENGTH__ = DEFINED (__FUSE_REGION_LENGTH__)?__FUSE_REGION_LENGTH__:0x400
                0x00000400                __LOCK_REGION_LENGTH__ = DEFINED (__LOCK_REGION_LENGTH__)?__LOCK_REGION_LENGTH__:0x400
                0x00000400                __SIGNATURE_REGION_LENGTH__ = DEFINED (__SIGNATURE_REGION_LENGTH__)?__SIGNATURE_REGION_LENGTH__:0x400
                0x00000400                __USER_SIGNATURE_REGION_LENGTH__ = DEFINED (__USER_SIGNATURE_REGION_LENGTH__)?__USER_SIGNATURE_REGION_LENGTH__:0x400

.hash
 *(.hash)

.dynsym
 *(.dynsym)

.dynstr
 *(.dynstr)

.gnu.version
 *(.gnu.version)

.gnu.version_d
 *(.gnu.version_d)

.gnu.version_r
 *(.gnu.version_r)

.rel.init
 *(.rel.init)

.rela.init
 *(.rela.init)

.rel.text
 *(.rel.text)
 *(.rel.text.*)
 *(.rel.gnu.linkonce.t*)

.rela.text
 *(.rela.text)
 *(.rela.text.*)
 *(.rela.gnu.linkonce.t*)

.rel.fini
 *(.rel.fini)

.rela.fini
 *(.rela.fini)

.rel.rodata
 *(.rel.rodata)
 *(.rel.rodata.*)
 *(.rel.gnu.linkonce.r*)

.rela.rodata
 *(.rela.rodata)
 *(.rela.rodata.*)
 *(.rela.gnu.linkonce.r*)

.rel.data
 *(.rel.data)
 *(.rel.data.*)
 *(.rel.gnu.linkonce.d*)

.rela.data
 *(.rela.data)
 *(.rela.data.*)
 *(.rela.gnu.linkonce.d*)

.rel.ctors
 *(.rel.ctors)

.rela.ctors
 *(.rela.ctors)

.rel.dtors
 *(.rel.dtors)

.rela.dtors
 *(.rela.dtors)

.rel.got
 *(.rel.got)

.rela.got
 *(.rela.got)

.rel.bss
 *(.rel.bss)

.rela.bss
 *(.rela.bss)

.rel.plt
 *(.rel.plt)

.rela.plt
 *(.rela.plt)

.text           0x00000000      0xebe
 *(.vectors)
 .vectors       0x00000000       0x28 E:/Atmel_studio/7.0/Packs/atmel/ATtiny_DFP/1.10.348/gcc/dev/attiny88/avr25/crtattiny88.o
                0x00000000                __vector_default
                0x00000000                __vectors
 *(.vectors)
 *(.progmem.gcc*)
                0x00000028                . = ALIGN (0x2)
                0x00000028                __trampolines_start = .
 *(.trampolines)
 .trampolines   0x00000028        0x0 linker stubs
 *(.trampolines*)
                0x00000028                __trampolines_end = .
 *libprintf_flt.a:*(.progmem.data)
 *libc.a:*(.progmem.data)
 *(.progmem*)
 .progmem.data.encoderMap
                0x00000028      0x100 ACE.o
 .progmem.data.table
                0x00000128       0x9c SoftwareSerial.o
                0x000001c4                . = ALIGN (0x2)
 *(.jumptables)
 *(.jumptables*)
 *(.lowtext)
 *(.lowtext*)
                0x000001c4                __ctors_start = .
 *(.ctors)
                0x000001c4                __ctors_end = .
                0x000001c4                __dtors_start = .
 *(.dtors)
                0x000001c4                __dtors_end = .
 SORT(*)(.ctors)
 SORT(*)(.dtors)
 *(.init0)
 .init0         0x000001c4        0x0 E:/Atmel_studio/7.0/Packs/atmel/ATtiny_DFP/1.10.348/gcc/dev/attiny88/avr25/crtattiny88.o
                0x000001c4                __init
 *(.init0)
 *(.init1)
 *(.init1)
 *(.init2)
 .init2         0x000001c4        0xc E:/Atmel_studio/7.0/Packs/atmel/ATtiny_DFP/1.10.348/gcc/dev/attiny88/avr25/crtattiny88.o
 *(.init2)
 *(.init3)
 *(.init3)
 *(.init4)
 .init4         0x000001d0       0x16 e:/atmel_studio/7.0/toolchain/avr8/avr8-gnu-toolchain/bin/../lib/gcc/avr/5.4.0/avr25\libgcc.a(_copy_data.o)
                0x000001d0                __do_copy_data
 .init4         0x000001e6       0x10 e:/atmel_studio/7.0/toolchain/avr8/avr8-gnu-toolchain/bin/../lib/gcc/avr/5.4.0/avr25\libgcc.a(_clear_bss.o)
                0x000001e6                __do_clear_bss
 *(.init4)
 *(.init5)
 *(.init5)
 *(.init6)
 *(.init6)
 *(.init7)
 *(.init7)
 *(.init8)
 *(.init8)
 *(.init9)
 .init9         0x000001f6        0x4 E:/Atmel_studio/7.0/Packs/atmel/ATtiny_DFP/1.10.348/gcc/dev/attiny88/avr25/crtattiny88.o
 *(.init9)
 *(.text)
 .text          0x000001fa        0x2 E:/Atmel_studio/7.0/Packs/atmel/ATtiny_DFP/1.10.348/gcc/dev/attiny88/avr25/crtattiny88.o
                0x000001fa                __vector_1
                0x000001fa                __bad_interrupt
                0x000001fa                __vector_6
                0x000001fa                __vector_11
                0x000001fa                __vector_13
                0x000001fa                __vector_17
                0x000001fa                __vector_19
                0x000001fa                __vector_7
                0x000001fa                __vector_5
                0x000001fa                __vector_4
                0x000001fa                __vector_9
                0x000001fa                __vector_2
                0x000001fa                __vector_15
                0x000001fa                __vector_8
                0x000001fa                __vector_14
                0x000001fa                __vector_10
                0x000001fa                __vector_16
                0x000001fa                __vector_18
                0x000001fc                . = ALIGN (0x2)
 *(.text.*)
 .text.isBitSet
                0x000001fc        0xc ACE.o
                0x000001fc                isBitSet
 .text.readACEQuick
                0x00000208       0xce ACE.o
                0x00000208                readACEQuick
 .text.ACEInit  0x000002d6       0x30 ACE.o
                0x000002d6                ACEInit
 .text.absoluteToRelative
                0x00000306       0x52 ACE.o
                0x00000306                absoluteToRelative
 .text.__vector_12
                0x00000358       0xec ACE.o
                0x00000358                __vector_12
 .text.I2CInit  0x00000444       0x10 I2C.o
                0x00000444                I2CInit
 .text.I2CStart
                0x00000454       0x64 I2C.o
                0x00000454                I2CStart
 .text.I2CStop  0x000004b8        0x8 I2C.o
                0x000004b8                I2CStop
 .text.I2CWrite
                0x000004c0       0x24 I2C.o
                0x000004c0                I2CWrite
 .text.LEDSetReg
                0x000004e4       0x3a led_drv.o
                0x000004e4                LEDSetReg
 .text.LEDInit  0x0000051e       0x3c led_drv.o
                0x0000051e                LEDInit
 .text.setLED   0x0000055a       0x7e led_drv.o
                0x0000055a                setLED
 .text.main     0x000005d8       0x42 main.o
                0x000005d8                main
 .text.__vector_3
                0x0000061a       0xc6 SoftwareSerial.o
                0x0000061a                __vector_3
 .text.softSerialBegin
                0x000006e0      0x114 SoftwareSerial.o
                0x000006e0                softSerialBegin
 .text.softSerialWrite
                0x000007f4       0x86 SoftwareSerial.o
                0x000007f4                softSerialWrite
 .text.debug_printf
                0x0000087a       0x64 SoftwareSerial.o
                0x0000087a                debug_printf
 .text.avr-libc
                0x000008de       0x52 e:/atmel_studio/7.0/toolchain/avr8/avr8-gnu-toolchain/bin/../lib/gcc/avr/5.4.0/../../../../avr/lib/avr25\libc.a(vsnprintf.o)
                0x000008de                vsnprintf
 .text.avr-libc
                0x00000930      0x3a6 e:/atmel_studio/7.0/toolchain/avr8/avr8-gnu-toolchain/bin/../lib/gcc/avr/5.4.0/../../../../avr/lib/avr25\libc.a(vfprintf_std.o)
                0x00000930                vfprintf
 .text.avr-libc
                0x00000cd6       0x16 e:/atmel_studio/7.0/toolchain/avr8/avr8-gnu-toolchain/bin/../lib/gcc/avr/5.4.0/../../../../avr/lib/avr25\libc.a(strnlen_P.o)
                0x00000cd6                strnlen_P
 .text.avr-libc
                0x00000cec       0x16 e:/atmel_studio/7.0/toolchain/avr8/avr8-gnu-toolchain/bin/../lib/gcc/avr/5.4.0/../../../../avr/lib/avr25\libc.a(strnlen.o)
                0x00000cec                strnlen
 .text.avr-libc
                0x00000d02       0x78 e:/atmel_studio/7.0/toolchain/avr8/avr8-gnu-toolchain/bin/../lib/gcc/avr/5.4.0/../../../../avr/lib/avr25\libc.a(fputc.o)
                0x00000d02                fputc
 .text.avr-libc
                0x00000d7a       0xc0 e:/atmel_studio/7.0/toolchain/avr8/avr8-gnu-toolchain/bin/../lib/gcc/avr/5.4.0/../../../../avr/lib/avr25\libc.a(ultoa_invert.o)
                0x00000d7a                __ultoa_invert
 .text.libgcc.mul
                0x00000e3a       0x12 e:/atmel_studio/7.0/toolchain/avr8/avr8-gnu-toolchain/bin/../lib/gcc/avr/5.4.0/avr25\libgcc.a(_mulqi3.o)
                0x00000e3a                __mulqi3
 .text.libgcc.prologue
                0x00000e4c       0x38 e:/atmel_studio/7.0/toolchain/avr8/avr8-gnu-toolchain/bin/../lib/gcc/avr/5.4.0/avr25\libgcc.a(_prologue.o)
                0x00000e4c                __prologue_saves__
 .text.libgcc.prologue
                0x00000e84       0x36 e:/atmel_studio/7.0/toolchain/avr8/avr8-gnu-toolchain/bin/../lib/gcc/avr/5.4.0/avr25\libgcc.a(_epilogue.o)
                0x00000e84                __epilogue_restores__
                0x00000eba                . = ALIGN (0x2)
 *(.fini9)
 .fini9         0x00000eba        0x0 e:/atmel_studio/7.0/toolchain/avr8/avr8-gnu-toolchain/bin/../lib/gcc/avr/5.4.0/avr25\libgcc.a(_exit.o)
                0x00000eba                _exit
                0x00000eba                exit
 *(.fini9)
 *(.fini8)
 *(.fini8)
 *(.fini7)
 *(.fini7)
 *(.fini6)
 *(.fini6)
 *(.fini5)
 *(.fini5)
 *(.fini4)
 *(.fini4)
 *(.fini3)
 *(.fini3)
 *(.fini2)
 *(.fini2)
 *(.fini1)
 *(.fini1)
 *(.fini0)
 .fini0         0x00000eba        0x4 e:/atmel_studio/7.0/toolchain/avr8/avr8-gnu-toolchain/bin/../lib/gcc/avr/5.4.0/avr25\libgcc.a(_exit.o)
 *(.fini0)
                0x00000ebe                _etext = .

.data           0x00800100       0x28 load address 0x00000ebe
                0x00800100                PROVIDE (__data_start, .)
 *(.data)
 *(.data*)
 *(.gnu.linkonce.d*)
 *(.rodata)
 *(.rodata*)
 .rodata.led_adr_arr
                0x00800100       0x1e led_drv.o
 .rodata.str1.1
                0x0080011e        0xa main.o
 *(.gnu.linkonce.r*)
                0x00800128                . = ALIGN (0x2)
                0x00800128                _edata = .
                0x00800128                PROVIDE (__data_end, .)

.bss            0x00800128       0x52
                0x00800128                PROVIDE (__bss_start, .)
 *(.bss)
 *(.bss*)
 .bss.cnt       0x00800128        0x2 ACE.o
                0x00800128                cnt
 .bss.ace_val_old
                0x0080012a        0x1 ACE.o
                0x0080012a                ace_val_old
 .bss.ace_val_new
                0x0080012b        0x1 ACE.o
                0x0080012b                ace_val_new
 .bss.ace_val   0x0080012c        0x2 ACE.o
                0x0080012c                ace_val
 .bss._receive_buffer_head
                0x0080012e        0x1 SoftwareSerial.o
 .bss._receive_buffer_tail
                0x0080012f        0x1 SoftwareSerial.o
 .bss._receive_buffer
                0x00800130       0x40 SoftwareSerial.o
 .bss._buffer_overflow
                0x00800170        0x2 SoftwareSerial.o
                0x00800170                _buffer_overflow
 .bss._tx_delay
                0x00800172        0x2 SoftwareSerial.o
                0x00800172                _tx_delay
 .bss._rx_delay_stopbit
                0x00800174        0x2 SoftwareSerial.o
                0x00800174                _rx_delay_stopbit
 .bss._rx_delay_intrabit
                0x00800176        0x2 SoftwareSerial.o
                0x00800176                _rx_delay_intrabit
 .bss._rx_delay_centering
                0x00800178        0x2 SoftwareSerial.o
                0x00800178                _rx_delay_centering
 *(COMMON)
                0x0080017a                PROVIDE (__bss_end, .)
                0x00000ebe                __data_load_start = LOADADDR (.data)
                0x00000ee6                __data_load_end = (__data_load_start + SIZEOF (.data))

.noinit         0x0080017a        0x0
                [!provide]                PROVIDE (__noinit_start, .)
 *(.noinit*)
                [!provide]                PROVIDE (__noinit_end, .)
                0x0080017a                _end = .
                [!provide]                PROVIDE (__heap_start, .)

.eeprom         0x00810000        0x0
 *(.eeprom*)
                0x00810000                __eeprom_end = .

.fuse
 *(.fuse)
 *(.lfuse)
 *(.hfuse)
 *(.efuse)

.lock
 *(.lock*)

.signature
 *(.signature*)

.user_signatures
 *(.user_signatures*)

.stab
 *(.stab)

.stabstr
 *(.stabstr)

.stab.excl
 *(.stab.excl)

.stab.exclstr
 *(.stab.exclstr)

.stab.index
 *(.stab.index)

.stab.indexstr
 *(.stab.indexstr)

.comment        0x00000000       0x5c
 *(.comment)
 .comment       0x00000000       0x30 ACE.o
                                 0x31 (size before relaxing)
 .comment       0x00000030       0x31 I2C.o
 .comment       0x00000030       0x31 led_drv.o
 .comment       0x00000030       0x31 main.o
 .comment       0x00000030       0x31 SoftwareSerial.o
 .comment       0x00000030       0x31 e:/atmel_studio/7.0/toolchain/avr8/avr8-gnu-toolchain/bin/../lib/gcc/avr/5.4.0/../../../../avr/lib/avr25\libc.a(vsnprintf.o)
 .comment       0x00000030       0x2c e:/atmel_studio/7.0/toolchain/avr8/avr8-gnu-toolchain/bin/../lib/gcc/avr/5.4.0/../../../../avr/lib/avr25\libc.a(vfprintf_std.o)
                                 0x2d (size before relaxing)
 .comment       0x0000005c       0x31 e:/atmel_studio/7.0/toolchain/avr8/avr8-gnu-toolchain/bin/../lib/gcc/avr/5.4.0/../../../../avr/lib/avr25\libc.a(fputc.o)

.note.gnu.avr.deviceinfo
                0x00000000       0x3c
 .note.gnu.avr.deviceinfo
                0x00000000       0x3c E:/Atmel_studio/7.0/Packs/atmel/ATtiny_DFP/1.10.348/gcc/dev/attiny88/avr25/crtattiny88.o

.note.gnu.build-id
 *(.note.gnu.build-id)

.debug
 *(.debug)

.line
 *(.line)

.debug_srcinfo
 *(.debug_srcinfo)

.debug_sfnames
 *(.debug_sfnames)

.debug_aranges  0x00000000      0x150
 *(.debug_aranges)
 .debug_aranges
                0x00000000       0x50 ACE.o
 .debug_aranges
                0x00000050       0x40 I2C.o
 .debug_aranges
                0x00000090       0x38 led_drv.o
 .debug_aranges
                0x000000c8       0x20 main.o
 .debug_aranges
                0x000000e8       0x68 SoftwareSerial.o

.debug_pubnames
 *(.debug_pubnames)

.debug_info     0x00000000     0x189c
 *(.debug_info .gnu.linkonce.wi.*)
 .debug_info    0x00000000      0x576 E:/Atmel_studio/7.0/Packs/atmel/ATtiny_DFP/1.10.348/gcc/dev/attiny88/avr25/crtattiny88.o
 .debug_info    0x00000576      0x457 ACE.o
 .debug_info    0x000009cd      0x12b I2C.o
 .debug_info    0x00000af8      0x3b0 led_drv.o
 .debug_info    0x00000ea8      0x2fe main.o
 .debug_info    0x000011a6      0x6f6 SoftwareSerial.o

.debug_abbrev   0x00000000      0xcbf
 *(.debug_abbrev)
 .debug_abbrev  0x00000000      0x52b E:/Atmel_studio/7.0/Packs/atmel/ATtiny_DFP/1.10.348/gcc/dev/attiny88/avr25/crtattiny88.o
 .debug_abbrev  0x0000052b      0x1ca ACE.o
 .debug_abbrev  0x000006f5       0xb4 I2C.o
 .debug_abbrev  0x000007a9      0x110 led_drv.o
 .debug_abbrev  0x000008b9      0x14c main.o
 .debug_abbrev  0x00000a05      0x2ba SoftwareSerial.o

.debug_line     0x00000000      0xc6c
 *(.debug_line .debug_line.* .debug_line_end)
 .debug_line    0x00000000      0x110 E:/Atmel_studio/7.0/Packs/atmel/ATtiny_DFP/1.10.348/gcc/dev/attiny88/avr25/crtattiny88.o
 .debug_line    0x00000110      0x2a3 ACE.o
 .debug_line    0x000003b3      0x1ac I2C.o
 .debug_line    0x0000055f      0x1d4 led_drv.o
 .debug_line    0x00000733      0x13b main.o
 .debug_line    0x0000086e      0x3fe SoftwareSerial.o

.debug_frame    0x00000000      0x31c
 *(.debug_frame)
 .debug_frame   0x00000000       0xf8 ACE.o
 .debug_frame   0x000000f8       0x64 I2C.o
 .debug_frame   0x0000015c       0x80 led_drv.o
 .debug_frame   0x000001dc       0x34 main.o
 .debug_frame   0x00000210      0x10c SoftwareSerial.o

.debug_str      0x00000000      0x6ba
 *(.debug_str)
 .debug_str     0x00000000      0x1d9 E:/Atmel_studio/7.0/Packs/atmel/ATtiny_DFP/1.10.348/gcc/dev/attiny88/avr25/crtattiny88.o
 .debug_str     0x000001d9      0x20a ACE.o
                                0x23e (size before relaxing)
 .debug_str     0x000003e3       0x42 I2C.o
                                0x1b3 (size before relaxing)
 .debug_str     0x00000425       0x33 led_drv.o
                                0x1e2 (size before relaxing)
 .debug_str     0x00000458       0x79 main.o
                                0x22a (size before relaxing)
 .debug_str     0x000004d1      0x1e9 SoftwareSerial.o
                                0x3ee (size before relaxing)

.debug_loc      0x00000000      0xa7a
 *(.debug_loc)
 .debug_loc     0x00000000      0x29c ACE.o
 .debug_loc     0x0000029c       0x88 I2C.o
 .debug_loc     0x00000324      0x245 led_drv.o
 .debug_loc     0x00000569       0x56 main.o
 .debug_loc     0x000005bf      0x4bb SoftwareSerial.o

.debug_macinfo
 *(.debug_macinfo)

.debug_weaknames
 *(.debug_weaknames)

.debug_funcnames
 *(.debug_funcnames)

.debug_typenames
 *(.debug_typenames)

.debug_varnames
 *(.debug_varnames)

.debug_pubtypes
 *(.debug_pubtypes)

.debug_ranges   0x00000000      0x118
 *(.debug_ranges)
 .debug_ranges  0x00000000       0x40 ACE.o
 .debug_ranges  0x00000040       0x30 I2C.o
 .debug_ranges  0x00000070       0x28 led_drv.o
 .debug_ranges  0x00000098       0x10 main.o
 .debug_ranges  0x000000a8       0x70 SoftwareSerial.o

.debug_macro
 *(.debug_macro)
OUTPUT(Led ring ACE.elf elf32-avr)
LOAD linker stubs
